Startpoint: _2040_ (rising edge-triggered flip-flop clocked by clk)
Endpoint: _2041_ (rising edge-triggered flip-flop clocked by clk)
Path Group: clk
Path Type: min

Fanout     Cap    Slew   Delay    Time   Description
-----------------------------------------------------------------------------
                  0.00    0.00    0.00   clock clk (rise edge)
                          0.00    0.00   clock network delay (ideal)
                  0.00    0.00    0.00 ^ _2040_/CK (DFFR_X1)
     1    1.09    0.00    0.05    0.05 v _2040_/Q (DFFR_X1)
                  0.00    0.00    0.05 v _2041_/D (DFFR_X1)
                                  0.05   data arrival time

                  0.00    0.00    0.00   clock clk (rise edge)
                          0.00    0.00   clock network delay (ideal)
                          0.05    0.05   clock uncertainty
                          0.00    0.05   clock reconvergence pessimism
                                  0.05 ^ _2041_/CK (DFFR_X1)
                          0.00    0.05   library hold time
                                  0.05   data required time
-----------------------------------------------------------------------------
                                  0.05   data required time
                                 -0.05   data arrival time
-----------------------------------------------------------------------------
                                 -0.01   slack (VIOLATED)


