Startpoint: pixel_in[1] (input port clocked by clk)
Endpoint: _2036_ (rising edge-triggered flip-flop clocked by clk)
Path Group: clk
Path Type: max

Fanout     Cap    Slew   Delay    Time   Description
-----------------------------------------------------------------------------
                  0.00    0.00    0.00   clock clk (rise edge)
                          0.00    0.00   clock network delay (ideal)
                          0.80    0.80 v input external delay
     2    4.01    0.00    0.00    0.80 v pixel_in[1] (in)
                  0.00    0.00    0.80 v _1415_/B (XNOR2_X1)
     2    4.01    0.02    0.03    0.83 v _1415_/ZN (XNOR2_X1)
                  0.02    0.00    0.83 v _1416_/A (INV_X1)
     1    1.68    0.01    0.01    0.84 ^ _1416_/ZN (INV_X1)
                  0.01    0.00    0.84 ^ _1417_/A2 (NOR2_X1)
     2    2.37    0.01    0.01    0.85 v _1417_/ZN (NOR2_X1)
                  0.01    0.00    0.85 v _1419_/B1 (OAI21_X1)
     2    2.62    0.01    0.02    0.86 ^ _1419_/ZN (OAI21_X1)
                  0.01    0.00    0.86 ^ _1420_/A (OAI21_X1)
     3    5.12    0.02    0.02    0.88 v _1420_/ZN (OAI21_X1)
                  0.02    0.00    0.88 v _1422_/C1 (OAI211_X1)
     1    1.70    0.01    0.02    0.91 ^ _1422_/ZN (OAI211_X1)
                  0.01    0.00    0.91 ^ _1423_/A (OAI21_X1)
     2    3.63    0.02    0.02    0.92 v _1423_/ZN (OAI21_X1)
                  0.02    0.00    0.92 v _1424_/B1 (OAI21_X1)
     2    4.25    0.02    0.03    0.95 ^ _1424_/ZN (OAI21_X1)
                  0.02    0.00    0.95 ^ _1425_/A2 (NOR2_X1)
     2    2.54    0.01    0.01    0.96 v _1425_/ZN (NOR2_X1)
                  0.01    0.00    0.96 v _1426_/A3 (OR3_X1)
     4    7.23    0.01    0.05    1.01 v _1426_/ZN (OR3_X1)
                  0.01    0.00    1.01 v _1427_/A2 (NOR2_X1)
     1    2.37    0.01    0.02    1.03 ^ _1427_/ZN (NOR2_X1)
                  0.01    0.00    1.03 ^ _1429_/B (XOR2_X1)
     1    1.15    0.01    0.03    1.06 ^ _1429_/Z (XOR2_X1)
                  0.01    0.00    1.06 ^ _2036_/D (DFFR_X1)
                                  1.06   data arrival time

                  0.00    2.50    2.50   clock clk (rise edge)
                          0.00    2.50   clock network delay (ideal)
                         -0.15    2.35   clock uncertainty
                          0.00    2.35   clock reconvergence pessimism
                                  2.35 ^ _2036_/CK (DFFR_X1)
                         -0.03    2.32   library setup time
                                  2.32   data required time
-----------------------------------------------------------------------------
                                  2.32   data required time
                                 -1.06   data arrival time
-----------------------------------------------------------------------------
                                  1.26   slack (MET)


