Startpoint: _7684_ (rising edge-triggered flip-flop clocked by clk)
Endpoint: _7610_ (rising edge-triggered flip-flop clocked by clk)
Path Group: clk
Path Type: min

    Cap    Slew   Delay    Time   Description
-----------------------------------------------------------------------
                   0.00    0.00   clock clk (rise edge)
                   0.20    0.20   clock network delay (propagated)
           0.01    0.00    0.20 ^ _7684_/CK (DFFR_X1)
  13.66    0.02    0.07    0.27 ^ _7684_/Q (DFFR_X1)
           0.02    0.00    0.27 ^ _5949_/A1 (OR2_X1)
   5.05    0.01    0.02    0.29 ^ _5949_/ZN (OR2_X1)
           0.01    0.00    0.29 ^ _6457_/A (OAI21_X1)
   3.33    0.01    0.01    0.30 v _6457_/ZN (OAI21_X1)
           0.01    0.00    0.30 v _6461_/B (XNOR2_X1)
   3.34    0.01    0.02    0.32 ^ _6461_/ZN (XNOR2_X1)
           0.01    0.00    0.32 ^ _6499_/B (XOR2_X1)
   8.97    0.01    0.02    0.34 v _6499_/Z (XOR2_X1)
           0.01    0.00    0.34 v _6500_/B (MUX2_X1)
   2.20    0.01    0.03    0.37 v _6500_/Z (MUX2_X1)
           0.01    0.00    0.37 v _7610_/D (DFFR_X1)
                           0.37   data arrival time

                   0.00    0.00   clock clk (rise edge)
                   0.39    0.39   clock network delay (propagated)
                   0.05    0.44   clock uncertainty
                  -0.08    0.36   clock reconvergence pessimism
                           0.36 ^ _7610_/CK (DFFR_X1)
                   0.01    0.37   library hold time
                           0.37   data required time
-----------------------------------------------------------------------
                           0.37   data required time
                          -0.37   data arrival time
-----------------------------------------------------------------------
                           0.00   slack (MET)


Startpoint: valid_in (input port clocked by clk)
Endpoint: _7940_ (rising edge-triggered flip-flop clocked by clk)
Path Group: clk
Path Type: max

    Cap    Slew   Delay    Time   Description
-----------------------------------------------------------------------
                   0.00    0.00   clock clk (rise edge)
                   0.00    0.00   clock network delay (propagated)
                   0.80    0.80 v input external delay
   9.00    0.00    0.00    0.80 v valid_in (in)
           0.00    0.00    0.80 v hold770/A (CLKBUF_X1)
   0.84    0.01    0.02    0.83 v hold770/Z (CLKBUF_X1)
           0.01    0.00    0.83 v hold771/A (CLKBUF_X1)
   1.11    0.01    0.03    0.85 v hold771/Z (CLKBUF_X1)
           0.01    0.00    0.85 v hold746/A (CLKBUF_X1)
   1.49    0.01    0.03    0.88 v hold746/Z (CLKBUF_X1)
           0.01    0.00    0.88 v hold772/A (CLKBUF_X1)
   0.87    0.01    0.03    0.91 v hold772/Z (CLKBUF_X1)
           0.01    0.00    0.91 v hold762/A (CLKBUF_X1)
   1.33    0.01    0.03    0.94 v hold762/Z (CLKBUF_X1)
           0.01    0.00    0.94 v hold773/A (CLKBUF_X1)
   0.87    0.01    0.03    0.97 v hold773/Z (CLKBUF_X1)
           0.01    0.00    0.97 v hold774/A (CLKBUF_X1)
   1.56    0.01    0.03    1.00 v hold774/Z (CLKBUF_X1)
           0.01    0.00    1.00 v hold763/A (CLKBUF_X1)
   1.35    0.01    0.03    1.03 v hold763/Z (CLKBUF_X1)
           0.01    0.00    1.03 v hold775/A (CLKBUF_X1)
   1.47    0.01    0.03    1.06 v hold775/Z (CLKBUF_X1)
           0.01    0.00    1.06 v hold747/A (CLKBUF_X1)
   1.35    0.01    0.03    1.08 v hold747/Z (CLKBUF_X1)
           0.01    0.00    1.08 v hold776/A (CLKBUF_X1)
   0.93    0.01    0.03    1.11 v hold776/Z (CLKBUF_X1)
           0.01    0.00    1.11 v hold764/A (CLKBUF_X1)
   1.24    0.01    0.03    1.14 v hold764/Z (CLKBUF_X1)
           0.01    0.00    1.14 v hold777/A (CLKBUF_X1)
  13.24    0.03    0.06    1.20 v hold777/Z (CLKBUF_X1)
           0.03    0.00    1.21 v hold714/A (CLKBUF_X1)
  13.02    0.03    0.07    1.28 v hold714/Z (CLKBUF_X1)
           0.03    0.00    1.29 v hold778/A (CLKBUF_X1)
  12.85    0.03    0.07    1.36 v hold778/Z (CLKBUF_X1)
           0.03    0.00    1.36 v hold765/A (CLKBUF_X1)
  12.82    0.03    0.07    1.44 v hold765/Z (CLKBUF_X1)
           0.03    0.00    1.44 v hold779/A (CLKBUF_X1)
   1.32    0.01    0.04    1.48 v hold779/Z (CLKBUF_X1)
           0.01    0.00    1.48 v hold748/A (CLKBUF_X1)
   1.00    0.01    0.03    1.51 v hold748/Z (CLKBUF_X1)
           0.01    0.00    1.51 v hold780/A (CLKBUF_X1)
   1.54    0.01    0.03    1.54 v hold780/Z (CLKBUF_X1)
           0.01    0.00    1.54 v hold766/A (CLKBUF_X1)
   1.30    0.01    0.03    1.57 v hold766/Z (CLKBUF_X1)
           0.01    0.00    1.57 v hold781/A (CLKBUF_X1)
   1.19    0.01    0.03    1.60 v hold781/Z (CLKBUF_X1)
           0.01    0.00    1.60 v hold735/A (CLKBUF_X1)
   0.88    0.01    0.03    1.62 v hold735/Z (CLKBUF_X1)
           0.01    0.00    1.62 v hold782/A (CLKBUF_X1)
   1.13    0.01    0.03    1.65 v hold782/Z (CLKBUF_X1)
           0.01    0.00    1.65 v hold767/A (CLKBUF_X1)
   0.87    0.01    0.03    1.68 v hold767/Z (CLKBUF_X1)
           0.01    0.00    1.68 v hold783/A (CLKBUF_X1)
   1.15    0.01    0.03    1.71 v hold783/Z (CLKBUF_X1)
           0.01    0.00    1.71 v hold749/A (CLKBUF_X1)
   0.88    0.01    0.03    1.73 v hold749/Z (CLKBUF_X1)
           0.01    0.00    1.73 v hold768/A (CLKBUF_X1)
  14.27    0.03    0.07    1.80 v hold768/Z (CLKBUF_X1)
           0.03    0.00    1.80 v max_length61/A (BUF_X4)
  41.15    0.01    0.05    1.85 v max_length61/Z (BUF_X4)
           0.03    0.02    1.87 v hold736/A (CLKBUF_X3)
  10.89    0.01    0.05    1.92 v hold736/Z (CLKBUF_X3)
           0.01    0.00    1.93 v hold751/A (CLKBUF_X3)
  37.03    0.03    0.07    2.00 v hold751/Z (CLKBUF_X3)
           0.03    0.00    2.00 v _7228_/S (MUX2_X1)
   2.23    0.01    0.07    2.06 ^ _7228_/Z (MUX2_X1)
           0.01    0.00    2.06 ^ hold1617/A (CLKBUF_X1)
   1.66    0.01    0.03    2.09 ^ hold1617/Z (CLKBUF_X1)
           0.01    0.00    2.09 ^ hold1365/A (CLKBUF_X1)
   1.35    0.01    0.03    2.12 ^ hold1365/Z (CLKBUF_X1)
           0.01    0.00    2.12 ^ hold1618/A (CLKBUF_X1)
   1.57    0.01    0.03    2.15 ^ hold1618/Z (CLKBUF_X1)
           0.01    0.00    2.15 ^ hold1315/A (CLKBUF_X1)
   1.33    0.01    0.03    2.18 ^ hold1315/Z (CLKBUF_X1)
           0.01    0.00    2.18 ^ hold1619/A (CLKBUF_X1)
   1.54    0.01    0.03    2.21 ^ hold1619/Z (CLKBUF_X1)
           0.01    0.00    2.21 ^ hold1366/A (CLKBUF_X1)
   1.30    0.01    0.03    2.24 ^ hold1366/Z (CLKBUF_X1)
           0.01    0.00    2.24 ^ hold1620/A (CLKBUF_X1)
   1.42    0.01    0.03    2.27 ^ hold1620/Z (CLKBUF_X1)
           0.01    0.00    2.27 ^ hold719/A (CLKBUF_X1)
   1.18    0.01    0.03    2.30 ^ hold719/Z (CLKBUF_X1)
           0.01    0.00    2.30 ^ hold1621/A (CLKBUF_X1)
   1.14    0.01    0.03    2.33 ^ hold1621/Z (CLKBUF_X1)
           0.01    0.00    2.33 ^ hold1367/A (CLKBUF_X1)
   1.20    0.01    0.03    2.36 ^ hold1367/Z (CLKBUF_X1)
           0.01    0.00    2.36 ^ hold1622/A (CLKBUF_X1)
   1.54    0.01    0.03    2.39 ^ hold1622/Z (CLKBUF_X1)
           0.01    0.00    2.39 ^ hold1316/A (CLKBUF_X1)
   1.84    0.01    0.03    2.42 ^ hold1316/Z (CLKBUF_X1)
           0.01    0.00    2.42 ^ hold1623/A (CLKBUF_X1)
   1.52    0.01    0.03    2.45 ^ hold1623/Z (CLKBUF_X1)
           0.01    0.00    2.45 ^ hold1368/A (CLKBUF_X1)
   1.21    0.01    0.03    2.48 ^ hold1368/Z (CLKBUF_X1)
           0.01    0.00    2.48 ^ hold1624/A (CLKBUF_X1)
   4.01    0.01    0.04    2.51 ^ hold1624/Z (CLKBUF_X1)
           0.01    0.00    2.52 ^ _7940_/D (DFFR_X1)
                           2.52   data arrival time

                   2.50    2.50   clock clk (rise edge)
                   0.27    2.77   clock network delay (propagated)
                  -0.15    2.62   clock uncertainty
                   0.00    2.62   clock reconvergence pessimism
                           2.62 ^ _7940_/CK (DFFR_X1)
                  -0.03    2.58   library setup time
                           2.58   data required time
-----------------------------------------------------------------------
                           2.58   data required time
                          -2.52   data arrival time
-----------------------------------------------------------------------
                           0.07   slack (MET)


worst slack min 0.00
worst slack max 0.07
