max slew

Pin                                    Limit    Slew   Slack
------------------------------------------------------------
_7074_/ZN                               0.20    0.40   -0.20 (VIOLATED)
_7067_/ZN                               0.20    0.39   -0.19 (VIOLATED)
_7082_/ZN                               0.20    0.38   -0.19 (VIOLATED)
_7059_/ZN                               0.20    0.38   -0.18 (VIOLATED)
_7086_/ZN                               0.20    0.37   -0.17 (VIOLATED)
_7052_/ZN                               0.20    0.27   -0.08 (VIOLATED)
_7877_/Q                                0.20    0.27   -0.08 (VIOLATED)
_7044_/ZN                               0.20    0.25   -0.05 (VIOLATED)
_6328_/ZN                               0.20    0.24   -0.05 (VIOLATED)
_6321_/ZN                               0.20    0.24   -0.04 (VIOLATED)
_6326_/ZN                               0.20    0.23   -0.03 (VIOLATED)
_6323_/ZN                               0.20    0.22   -0.02 (VIOLATED)
_7356_/ZN                               0.20    0.21   -0.01 (VIOLATED)

max capacitance

Pin                                    Limit     Cap   Slack
------------------------------------------------------------
_7877_/Q                               60.58  130.55  -69.98 (VIOLATED)

_7074_/ZN                              26.02   93.43  -67.42 (VIOLATED)

_7067_/ZN                              26.02   92.17  -66.15 (VIOLATED)

_7082_/ZN                              26.02   90.29  -64.28 (VIOLATED)

_7059_/ZN                              26.02   88.13  -62.11 (VIOLATED)

_7086_/ZN                              26.02   86.65  -60.63 (VIOLATED)

_7052_/ZN                              26.02   62.51  -36.49 (VIOLATED)

_5404_/ZN                              60.73   93.94  -33.21 (VIOLATED)

_7645_/Q                               60.58   93.56  -32.99 (VIOLATED)

_7044_/ZN                              26.02   56.85  -30.84 (VIOLATED)

_7643_/Q                               60.58   89.79  -29.21 (VIOLATED)

_6328_/ZN                              26.02   54.88  -28.87 (VIOLATED)

_6321_/ZN                              26.02   52.75  -26.74 (VIOLATED)

_6326_/ZN                              26.02   50.84  -24.82 (VIOLATED)

_6323_/ZN                              26.02   47.95  -21.94 (VIOLATED)

_7356_/ZN                              25.33   46.11  -20.78 (VIOLATED)

_7642_/Q                               60.58   80.56  -19.98 (VIOLATED)

_7037_/ZN                              26.02   43.42  -17.41 (VIOLATED)

_7029_/ZN                              26.02   41.70  -15.69 (VIOLATED)

_6244_/ZN                              25.56   40.99  -15.43 (VIOLATED)

_6268_/ZN                              25.56   40.26  -14.71 (VIOLATED)

_5403_/ZN                              60.73   75.13  -14.40 (VIOLATED)

_6547_/ZN                              26.02   38.67  -12.65 (VIOLATED)

_6545_/ZN                              25.33   37.17  -11.84 (VIOLATED)

_7004_/ZN                              25.33   36.13  -10.80 (VIOLATED)

_7016_/ZN                              26.02   35.73   -9.72 (VIOLATED)

_7128_/ZN                              26.05   35.73   -9.68 (VIOLATED)

_6927_/ZN                              25.56   34.71   -9.15 (VIOLATED)

_6018_/ZN                              22.16   30.52   -8.35 (VIOLATED)

_7601_/Q                               60.58   67.55   -6.97 (VIOLATED)

_7916_/Q                               60.58   67.40   -6.82 (VIOLATED)

_6550_/ZN                              26.02   32.66   -6.64 (VIOLATED)

_6023_/ZN                              22.16   26.69   -4.52 (VIOLATED)

_5601_/ZN                              10.47   13.49   -3.02 (VIOLATED)

_7023_/Z                               25.33   27.83   -2.50 (VIOLATED)

