Startpoint: gam_green_in[2] (input port clocked by clk)
Endpoint: gam (rising edge-triggered flip-flop clocked by clk)
Path Group: clk
Path Type: min

    Cap    Slew   Delay    Time   Description
-----------------------------------------------------------------------
                   0.00    0.00   clock clk (rise edge)
                   0.00    0.00   clock network delay (propagated)
                   0.15    0.15 ^ input external delay
   6.43    0.00    0.00    0.15 ^ gam_green_in[2] (in)
           0.00    0.00    0.15 ^ hold913/A (CLKBUF_X1)
   6.42    0.01    0.02    0.17 ^ hold913/Z (CLKBUF_X1)
           0.01    0.00    0.17 ^ hold94/A (CLKBUF_X1)
  18.66    0.02    0.04    0.21 ^ hold94/Z (CLKBUF_X1)
           0.02    0.00    0.22 ^ gam/gam_green_in[2] (GAM)
                           0.22   data arrival time

                   0.00    0.00   clock clk (rise edge)
                   0.24    0.24   clock network delay (propagated)
                   0.05    0.29   clock uncertainty
                   0.00    0.29   clock reconvergence pessimism
                           0.29 ^ gam/clk (GAM)
                  -0.07    0.22   library hold time
                           0.22   data required time
-----------------------------------------------------------------------
                           0.22   data required time
                          -0.22   data arrival time
-----------------------------------------------------------------------
                           0.00   slack (MET)


Startpoint: gam (rising edge-triggered flip-flop clocked by clk)
Endpoint: green_out[2] (output port clocked by clk)
Path Group: clk
Path Type: max

    Cap    Slew   Delay    Time   Description
-----------------------------------------------------------------------
                   0.00    0.00   clock clk (rise edge)
                   0.24    0.24   clock network delay (propagated)
           0.13    0.00    0.24 ^ gam/clk (GAM)
   2.70    0.01    0.68    0.92 ^ gam/green_out[2] (GAM)
           0.01    0.00    0.92 ^ green_out[2] (out)
                           0.92   data arrival time

                   2.50    2.50   clock clk (rise edge)
                   0.00    2.50   clock network delay (propagated)
                  -0.15    2.35   clock uncertainty
                   0.00    2.35   clock reconvergence pessimism
                  -0.80    1.55   output external delay
                           1.55   data required time
-----------------------------------------------------------------------
                           1.55   data required time
                          -0.92   data arrival time
-----------------------------------------------------------------------
                           0.63   slack (MET)


worst slack min 0.00
worst slack max 0.63
