Startpoint: pixel_in[0] (input port clocked by clk)
Endpoint: demos (rising edge-triggered flip-flop clocked by clk)
Path Group: clk
Path Type: min

    Cap    Slew   Delay    Time   Description
-----------------------------------------------------------------------
                   0.00    0.00   clock clk (rise edge)
                   0.00    0.00   clock network delay (propagated)
                   0.15    0.15 v input external delay
 107.86    0.00    0.00    0.15 v pixel_in[0] (in)
           0.00    0.00    0.15 v demos/pixel_in[0] (DEMOSAIC)
                           0.15   data arrival time

                   0.00    0.00   clock clk (rise edge)
                   0.23    0.23   clock network delay (propagated)
                   0.05    0.28   clock uncertainty
                   0.00    0.28   clock reconvergence pessimism
                           0.28 ^ demos/clk (DEMOSAIC)
                  -0.13    0.15   library hold time
                           0.15   data required time
-----------------------------------------------------------------------
                           0.15   data required time
                          -0.15   data arrival time
-----------------------------------------------------------------------
                           0.00   slack (MET)


Startpoint: demos (rising edge-triggered flip-flop clocked by clk)
Endpoint: blue_out[0] (output port clocked by clk)
Path Group: clk
Path Type: max

    Cap    Slew   Delay    Time   Description
-----------------------------------------------------------------------
                   0.00    0.00   clock clk (rise edge)
                   0.23    0.23   clock network delay (propagated)
           0.09    0.00    0.23 ^ demos/clk (DEMOSAIC)
 155.00    0.26    0.85    1.07 ^ demos/blue_out[0] (DEMOSAIC)
           0.50    0.38    1.45 ^ blue_out[0] (out)
                           1.45   data arrival time

                   2.50    2.50   clock clk (rise edge)
                   0.00    2.50   clock network delay (propagated)
                  -0.15    2.35   clock uncertainty
                   0.00    2.35   clock reconvergence pessimism
                  -0.80    1.55   output external delay
                           1.55   data required time
-----------------------------------------------------------------------
                           1.55   data required time
                          -1.45   data arrival time
-----------------------------------------------------------------------
                           0.10   slack (MET)


worst slack min 0.00
worst slack max 0.10
