Startpoint: valid_in (input port clocked by clk)
Endpoint: bnr (rising edge-triggered flip-flop clocked by clk)
Path Group: clk
Path Type: max

Fanout     Cap    Slew   Delay    Time   Description
-----------------------------------------------------------------------------
                  0.00    0.00    0.00   clock clk (rise edge)
                          0.00    0.00   clock network delay (ideal)
                          0.80    0.80 v input external delay
     1    2.41    0.00    0.00    0.80 v valid_in (in)
                  0.00    0.00    0.80 v bnr/valid_in (BNR)
                                  0.80   data arrival time

                  0.00    2.50    2.50   clock clk (rise edge)
                          0.00    2.50   clock network delay (ideal)
                         -0.15    2.35   clock uncertainty
                          0.00    2.35   clock reconvergence pessimism
                                  2.35 ^ bnr/clk (BNR)
                         -0.19    2.16   macro clock tree delay
                         -0.95    1.22   library setup time
                                  1.22   data required time
-----------------------------------------------------------------------------
                                  1.22   data required time
                                 -0.80   data arrival time
-----------------------------------------------------------------------------
                                  0.42   slack (MET)


