Startpoint: valid_in (input port clocked by clk)
Endpoint: _8089_ (rising edge-triggered flip-flop clocked by clk)
Path Group: clk
Path Type: max

Fanout     Cap    Slew   Delay    Time   Description
-----------------------------------------------------------------------------
                  0.00    0.00    0.00   clock clk (rise edge)
                          0.00    0.00   clock network delay (ideal)
                          0.80    0.80 ^ input external delay
    28   50.09    0.00    0.00    0.80 ^ valid_in (in)
                  0.00    0.00    0.80 ^ _5631_/A2 (AND2_X1)
     3    4.39    0.01    0.02    0.82 ^ _5631_/ZN (AND2_X1)
                  0.01    0.00    0.82 ^ _5632_/A2 (AND2_X1)
     4    6.10    0.01    0.03    0.85 ^ _5632_/ZN (AND2_X1)
                  0.01    0.00    0.85 ^ _5634_/A2 (AND2_X1)
     3    4.44    0.01    0.03    0.88 ^ _5634_/ZN (AND2_X1)
                  0.01    0.00    0.88 ^ _5635_/A2 (AND2_X1)
     3    4.44    0.01    0.03    0.91 ^ _5635_/ZN (AND2_X1)
                  0.01    0.00    0.91 ^ _5636_/A2 (AND2_X1)
     3    4.44    0.01    0.03    0.93 ^ _5636_/ZN (AND2_X1)
                  0.01    0.00    0.93 ^ _5637_/A2 (AND2_X1)
     3    4.44    0.01    0.03    0.96 ^ _5637_/ZN (AND2_X1)
                  0.01    0.00    0.96 ^ _5638_/A2 (AND2_X1)
     3    4.44    0.01    0.03    0.99 ^ _5638_/ZN (AND2_X1)
                  0.01    0.00    0.99 ^ _5639_/A2 (AND2_X1)
     5    7.79    0.01    0.03    1.02 ^ _5639_/ZN (AND2_X1)
                  0.01    0.00    1.02 ^ _5641_/A3 (AND3_X1)
     2    3.35    0.01    0.03    1.05 ^ _5641_/ZN (AND3_X1)
                  0.01    0.00    1.05 ^ _7858_/B1 (OAI21_X1)
     1    1.60    0.01    0.01    1.06 v _7858_/ZN (OAI21_X1)
                  0.01    0.00    1.06 v _7859_/A (INV_X1)
     1    1.15    0.00    0.01    1.07 ^ _7859_/ZN (INV_X1)
                  0.00    0.00    1.07 ^ _8089_/D (DFFR_X1)
                                  1.07   data arrival time

                  0.00    2.50    2.50   clock clk (rise edge)
                          0.00    2.50   clock network delay (ideal)
                         -0.15    2.35   clock uncertainty
                          0.00    2.35   clock reconvergence pessimism
                                  2.35 ^ _8089_/CK (DFFR_X1)
                         -0.02    2.33   library setup time
                                  2.33   data required time
-----------------------------------------------------------------------------
                                  2.33   data required time
                                 -1.07   data arrival time
-----------------------------------------------------------------------------
                                  1.25   slack (MET)


