Startpoint: row2[15] (input port clocked by clk)
Endpoint: c_cpu (rising edge-triggered flip-flop clocked by clk)
Path Group: clk
Path Type: min

    Cap    Slew   Delay    Time   Description
-----------------------------------------------------------------------
                   0.00    0.00   clock clk (rise edge)
                   0.00    0.00   clock network delay (propagated)
                   0.15    0.15 v input external delay
   1.91    0.00    0.00    0.15 v row2[15] (in)
           0.00    0.00    0.15 v hold4273/A (CLKBUF_X1)
   0.78    0.00    0.01    0.16 v hold4273/Z (CLKBUF_X1)
           0.00    0.00    0.16 v hold2397/A (CLKBUF_X1)
   0.79    0.00    0.01    0.18 v hold2397/Z (CLKBUF_X1)
           0.00    0.00    0.18 v hold1173/A (CLKBUF_X1)
   0.79    0.00    0.01    0.19 v hold1173/Z (CLKBUF_X1)
           0.00    0.00    0.19 v hold2398/A (CLKBUF_X1)
   0.88    0.00    0.01    0.20 v hold2398/Z (CLKBUF_X1)
           0.00    0.00    0.20 v hold571/A (CLKBUF_X1)
   1.09    0.00    0.01    0.22 v hold571/Z (CLKBUF_X1)
           0.00    0.00    0.22 v hold2399/A (CLKBUF_X1)
   0.99    0.00    0.01    0.23 v hold2399/Z (CLKBUF_X1)
           0.00    0.00    0.23 v hold1174/A (CLKBUF_X1)
   0.99    0.00    0.01    0.25 v hold1174/Z (CLKBUF_X1)
           0.00    0.00    0.25 v hold2400/A (CLKBUF_X1)
   1.03    0.00    0.01    0.26 v hold2400/Z (CLKBUF_X1)
           0.00    0.00    0.26 v hold267/A (CLKBUF_X1)
   1.12    0.00    0.01    0.27 v hold267/Z (CLKBUF_X1)
           0.00    0.00    0.27 v hold2401/A (CLKBUF_X1)
   0.98    0.00    0.01    0.29 v hold2401/Z (CLKBUF_X1)
           0.00    0.00    0.29 v hold1175/A (CLKBUF_X1)
   1.02    0.00    0.01    0.30 v hold1175/Z (CLKBUF_X1)
           0.00    0.00    0.30 v hold2402/A (CLKBUF_X1)
   1.02    0.00    0.01    0.32 v hold2402/Z (CLKBUF_X1)
           0.00    0.00    0.32 v hold572/A (CLKBUF_X1)
   1.07    0.00    0.01    0.33 v hold572/Z (CLKBUF_X1)
           0.00    0.00    0.33 v hold2403/A (CLKBUF_X1)
   1.00    0.00    0.01    0.35 v hold2403/Z (CLKBUF_X1)
           0.00    0.00    0.35 v hold1176/A (CLKBUF_X1)
   0.97    0.00    0.01    0.36 v hold1176/Z (CLKBUF_X1)
           0.00    0.00    0.36 v hold2404/A (CLKBUF_X1)
   1.04    0.00    0.01    0.37 v hold2404/Z (CLKBUF_X1)
           0.00    0.00    0.37 v hold118/A (CLKBUF_X1)
   1.13    0.00    0.01    0.39 v hold118/Z (CLKBUF_X1)
           0.00    0.00    0.39 v hold2405/A (CLKBUF_X1)
   0.98    0.00    0.01    0.40 v hold2405/Z (CLKBUF_X1)
           0.00    0.00    0.40 v hold1177/A (CLKBUF_X1)
   1.03    0.00    0.01    0.42 v hold1177/Z (CLKBUF_X1)
           0.00    0.00    0.42 v hold2406/A (CLKBUF_X1)
   1.02    0.00    0.01    0.43 v hold2406/Z (CLKBUF_X1)
           0.00    0.00    0.43 v hold573/A (CLKBUF_X1)
   1.08    0.00    0.01    0.44 v hold573/Z (CLKBUF_X1)
           0.00    0.00    0.44 v hold2407/A (CLKBUF_X1)
   1.00    0.00    0.01    0.46 v hold2407/Z (CLKBUF_X1)
           0.00    0.00    0.46 v hold1178/A (CLKBUF_X1)
   0.98    0.00    0.01    0.47 v hold1178/Z (CLKBUF_X1)
           0.00    0.00    0.47 v hold2408/A (CLKBUF_X1)
   1.03    0.00    0.01    0.49 v hold2408/Z (CLKBUF_X1)
           0.00    0.00    0.49 v hold268/A (CLKBUF_X1)
   1.11    0.00    0.01    0.50 v hold268/Z (CLKBUF_X1)
           0.00    0.00    0.50 v hold2409/A (CLKBUF_X1)
   0.99    0.00    0.01    0.52 v hold2409/Z (CLKBUF_X1)
           0.00    0.00    0.52 v hold1179/A (CLKBUF_X1)
   1.01    0.00    0.01    0.53 v hold1179/Z (CLKBUF_X1)
           0.00    0.00    0.53 v hold2410/A (CLKBUF_X1)
   1.03    0.00    0.01    0.54 v hold2410/Z (CLKBUF_X1)
           0.00    0.00    0.54 v hold574/A (CLKBUF_X1)
   1.06    0.00    0.01    0.56 v hold574/Z (CLKBUF_X1)
           0.00    0.00    0.56 v hold2411/A (CLKBUF_X1)
   1.01    0.00    0.01    0.57 v hold2411/Z (CLKBUF_X1)
           0.00    0.00    0.57 v hold1180/A (CLKBUF_X1)
   0.97    0.00    0.01    0.59 v hold1180/Z (CLKBUF_X1)
           0.00    0.00    0.59 v hold2412/A (CLKBUF_X1)
   2.26    0.01    0.02    0.60 v hold2412/Z (CLKBUF_X1)
           0.01    0.00    0.60 v c_cpu/row2[15] (C_CPU)
                           0.60   data arrival time

                   0.00    0.00   clock clk (rise edge)
                   0.49    0.49   clock network delay (propagated)
                   0.05    0.54   clock uncertainty
                   0.00    0.54   clock reconvergence pessimism
                           0.54 ^ c_cpu/clk (C_CPU)
                   0.07    0.60   library hold time
                           0.60   data required time
-----------------------------------------------------------------------
                           0.60   data required time
                          -0.60   data arrival time
-----------------------------------------------------------------------
                           0.00   slack (MET)


Startpoint: d_cpu (rising edge-triggered flip-flop clocked by clk)
Endpoint: c_cpu (rising edge-triggered flip-flop clocked by clk)
Path Group: clk
Path Type: max

    Cap    Slew   Delay    Time   Description
-----------------------------------------------------------------------
                   0.00    0.00   clock clk (rise edge)
                   0.62    0.62   clock network delay (propagated)
           0.15    0.00    0.62 ^ d_cpu/clk (D_CPU)
 161.31    0.35    1.78    2.41 ^ d_cpu/h_sync_out (D_CPU)
           0.35    0.05    2.45 ^ c_cpu/h_sync (C_CPU)
                           2.45   data arrival time

                   3.00    3.00   clock clk (rise edge)
                   0.29    3.29   clock network delay (propagated)
                  -0.15    3.14   clock uncertainty
                   0.07    3.21   clock reconvergence pessimism
                           3.21 ^ c_cpu/clk (C_CPU)
                  -0.27    2.94   library setup time
                           2.94   data required time
-----------------------------------------------------------------------
                           2.94   data required time
                          -2.45   data arrival time
-----------------------------------------------------------------------
                           0.49   slack (MET)


worst slack min 0.00
worst slack max 0.49
