max slew

Pin                                    Limit    Slew   Slack
------------------------------------------------------------
_27863_/ZN                              0.20    0.48   -0.28 (VIOLATED)
_27850_/ZN                              0.20    0.48   -0.28 (VIOLATED)
_27853_/ZN                              0.20    0.47   -0.27 (VIOLATED)
_28898_/ZN                              0.20    0.38   -0.18 (VIOLATED)
_27866_/ZN                              0.20    0.35   -0.15 (VIOLATED)
_23674_/ZN                              0.20    0.34   -0.14 (VIOLATED)
_20832_/ZN                              0.20    0.33   -0.13 (VIOLATED)
_28922_/ZN                              0.20    0.30   -0.11 (VIOLATED)
place6976/Z                             0.20    0.28   -0.08 (VIOLATED)
_28924_/Z                               0.20    0.28   -0.08 (VIOLATED)
_29650_/Q                               0.20    0.27   -0.07 (VIOLATED)
_27243_/ZN                              0.20    0.27   -0.07 (VIOLATED)
_28926_/Z                               0.20    0.27   -0.07 (VIOLATED)
_28929_/ZN                              0.20    0.26   -0.06 (VIOLATED)
_22819_/ZN                              0.20    0.26   -0.06 (VIOLATED)
_28893_/Z                               0.20    0.26   -0.06 (VIOLATED)
_27879_/Z                               0.20    0.25   -0.06 (VIOLATED)
_29645_/Q                               0.20    0.25   -0.05 (VIOLATED)
_23205_/ZN                              0.20    0.25   -0.05 (VIOLATED)
_23672_/ZN                              0.20    0.25   -0.05 (VIOLATED)
_27869_/ZN                              0.20    0.24   -0.04 (VIOLATED)
_28902_/ZN                              0.20    0.24   -0.04 (VIOLATED)
_27249_/ZN                              0.20    0.24   -0.04 (VIOLATED)
_26689_/Z                               0.20    0.23   -0.04 (VIOLATED)
_27915_/ZN                              0.20    0.23   -0.03 (VIOLATED)
_20149_/ZN                              0.20    0.23   -0.03 (VIOLATED)
place8833/Z                             0.20    0.23   -0.03 (VIOLATED)
_29529_/Q                               0.20    0.23   -0.03 (VIOLATED)
_25143_/ZN                              0.20    0.23   -0.03 (VIOLATED)
place7569/Z                             0.20    0.22   -0.02 (VIOLATED)
_27254_/ZN                              0.20    0.22   -0.02 (VIOLATED)
_28125_/ZN                              0.20    0.22   -0.02 (VIOLATED)
_27245_/ZN                              0.20    0.22   -0.02 (VIOLATED)
place8852/Z                             0.20    0.22   -0.02 (VIOLATED)
place8834/Z                             0.20    0.21   -0.02 (VIOLATED)
place7151/Z                             0.20    0.21   -0.02 (VIOLATED)
_26698_/ZN                              0.20    0.21   -0.01 (VIOLATED)
_25319_/ZN                              0.20    0.21   -0.01 (VIOLATED)
_24514_/Z                               0.20    0.21   -0.01 (VIOLATED)
_26691_/Z                               0.20    0.21   -0.01 (VIOLATED)
_25121_/ZN                              0.20    0.21   -0.01 (VIOLATED)
_27872_/ZN                              0.20    0.21   -0.01 (VIOLATED)
_27912_/ZN                              0.20    0.21   -0.01 (VIOLATED)
_21388_/ZN                              0.20    0.21   -0.01 (VIOLATED)
_21860_/ZN                              0.20    0.20   -0.01 (VIOLATED)
_25351_/Z                               0.20    0.20   -0.00 (VIOLATED)
_28896_/ZN                              0.20    0.20   -0.00 (VIOLATED)
_29647_/Q                               0.20    0.20   -0.00 (VIOLATED)
_28938_/ZN                              0.20    0.20   -0.00 (VIOLATED)
_22653_/ZN                              0.20    0.20   -0.00 (VIOLATED)
place8830/Z                             0.20    0.20   -0.00 (VIOLATED)
_25487_/ZN                              0.20    0.20   -0.00 (VIOLATED)

max capacitance

Pin                                    Limit     Cap   Slack
------------------------------------------------------------
place6993/Z                           121.15  283.85 -162.70 (VIOLATED)

place6976/Z                            60.65  191.32 -130.67 (VIOLATED)

_29650_/Q                              60.58  160.42  -99.84 (VIOLATED)

_29645_/Q                              60.58  150.82  -90.25 (VIOLATED)

_27863_/ZN                             26.02  113.00  -86.98 (VIOLATED)

_27850_/ZN                             26.02  112.95  -86.93 (VIOLATED)

_27853_/ZN                             26.70  111.85  -85.14 (VIOLATED)

place7538/Z                           121.15  205.97  -84.82 (VIOLATED)

place8833/Z                            60.65  133.22  -72.56 (VIOLATED)

_29529_/Q                              60.58  132.62  -72.04 (VIOLATED)

_20149_/ZN                             60.73  131.82  -71.09 (VIOLATED)

place7569/Z                            60.65  131.70  -71.04 (VIOLATED)

wire2304/Z                            242.31  304.79  -62.48 (VIOLATED)

place8852/Z                            60.65  120.45  -59.79 (VIOLATED)

place8834/Z                            60.65  119.48  -58.83 (VIOLATED)

_27866_/ZN                             26.02   79.83  -53.81 (VIOLATED)

_29647_/Q                              60.58  110.55  -49.97 (VIOLATED)

_23674_/ZN                             26.02   75.93  -49.91 (VIOLATED)

place8830/Z                            60.65  108.67  -48.02 (VIOLATED)

place8825/Z                            60.65  106.03  -45.38 (VIOLATED)

place2870/Z                            60.65  104.78  -44.12 (VIOLATED)

_29556_/Q                              60.58  103.96  -43.38 (VIOLATED)

place8286/Z                           121.15  163.81  -42.66 (VIOLATED)

_28922_/ZN                             26.02   68.38  -42.36 (VIOLATED)

place7151/Z                            60.65  102.31  -41.66 (VIOLATED)

_29430_/Q                              60.58  101.04  -40.46 (VIOLATED)

place7551/Z                           121.15  160.98  -39.83 (VIOLATED)

_29434_/Q                              60.58   99.98  -39.41 (VIOLATED)

_28898_/ZN                             16.02   54.98  -38.96 (VIOLATED)

_29535_/Q                              60.58   98.94  -38.36 (VIOLATED)

place8817/Z                           121.15  158.69  -37.53 (VIOLATED)

_29557_/Q                              60.58   97.42  -36.85 (VIOLATED)

_28924_/Z                              25.33   60.38  -35.05 (VIOLATED)

_29682_/Q                              60.58   95.07  -34.49 (VIOLATED)

_27243_/ZN                             26.02   59.35  -33.34 (VIOLATED)

_28926_/Z                              25.33   58.02  -32.69 (VIOLATED)

_29264_/Q                             120.85  153.43  -32.58 (VIOLATED)

place7193/Z                            60.65   93.03  -32.38 (VIOLATED)

_22819_/ZN                             26.02   57.75  -31.73 (VIOLATED)

_28929_/ZN                             26.70   58.40  -31.70 (VIOLATED)

place7901/Z                           121.15  152.74  -31.58 (VIOLATED)

_20832_/ZN                             16.02   47.47  -31.44 (VIOLATED)

_27807_/ZN                             53.41   84.60  -31.20 (VIOLATED)

place7898/Z                           121.15  152.15  -31.00 (VIOLATED)

_28893_/Z                              25.33   56.15  -30.82 (VIOLATED)

_27879_/Z                              25.33   55.91  -30.58 (VIOLATED)

place6994/Z                            60.65   91.18  -30.53 (VIOLATED)

place8241/Z                           121.15  150.67  -29.51 (VIOLATED)

_23672_/ZN                             26.70   54.82  -28.11 (VIOLATED)

_27869_/ZN                             26.02   53.54  -27.52 (VIOLATED)

_29428_/Q                              60.58   87.73  -27.15 (VIOLATED)

_27249_/ZN                             26.02   52.61  -26.59 (VIOLATED)

place7173/Z                            60.65   87.22  -26.57 (VIOLATED)

_28902_/ZN                             26.70   53.02  -26.32 (VIOLATED)

place6991/Z                            60.65   86.58  -25.92 (VIOLATED)

_27915_/ZN                             26.05   51.80  -25.75 (VIOLATED)

_26689_/Z                              25.33   51.06  -25.73 (VIOLATED)

place2872/Z                            60.65   86.22  -25.56 (VIOLATED)

_25143_/ZN                             26.02   51.14  -25.13 (VIOLATED)

place7382/Z                            60.65   85.22  -24.57 (VIOLATED)

_27310_/ZN                             52.11   75.55  -23.44 (VIOLATED)

place8832/Z                           121.15  144.45  -23.30 (VIOLATED)

place8840/Z                            60.65   83.80  -23.15 (VIOLATED)

place8850/Z                           121.15  144.17  -23.01 (VIOLATED)

place8236/Z                           121.15  143.85  -22.69 (VIOLATED)

_27245_/ZN                             26.02   47.33  -21.32 (VIOLATED)

place8837/Z                            60.65   81.88  -21.23 (VIOLATED)

_28439_/ZN                             31.74   52.83  -21.09 (VIOLATED)

_27254_/ZN                             24.60   45.65  -21.04 (VIOLATED)

_28948_/ZN                             52.11   73.13  -21.02 (VIOLATED)

_26698_/ZN                             24.60   44.85  -20.24 (VIOLATED)

_24514_/Z                              25.33   45.31  -19.98 (VIOLATED)

_27930_/ZN                             52.11   72.05  -19.94 (VIOLATED)

_25121_/ZN                             26.05   45.85  -19.80 (VIOLATED)

_27855_/Z                              50.51   70.29  -19.79 (VIOLATED)

_27872_/ZN                             26.02   45.71  -19.69 (VIOLATED)

place7068/Z                           121.15  140.80  -19.64 (VIOLATED)

_26691_/Z                              25.33   44.82  -19.49 (VIOLATED)

place7391/Z                            60.65   80.12  -19.47 (VIOLATED)

_29432_/Q                              60.58   79.93  -19.35 (VIOLATED)

_27912_/ZN                             26.05   45.35  -19.30 (VIOLATED)

_29215_/Q                              60.58   79.85  -19.27 (VIOLATED)

_23205_/ZN                             16.02   34.95  -18.93 (VIOLATED)

_21860_/ZN                             26.02   44.70  -18.69 (VIOLATED)

_25351_/Z                              25.33   43.55  -18.22 (VIOLATED)

_28896_/ZN                             26.70   44.92  -18.22 (VIOLATED)

_28938_/ZN                             26.02   43.72  -17.71 (VIOLATED)

_25487_/ZN                             26.70   44.05  -17.34 (VIOLATED)

_22875_/ZN                             39.60   56.73  -17.14 (VIOLATED)

_21147_/ZN                             26.02   43.06  -17.04 (VIOLATED)

_21281_/ZN                             25.33   42.17  -16.85 (VIOLATED)

_23694_/ZN                             26.02   41.91  -15.89 (VIOLATED)

_28129_/Z                              25.33   41.17  -15.84 (VIOLATED)

_27805_/ZN                             60.73   76.05  -15.32 (VIOLATED)

_27877_/Z                              25.33   40.44  -15.11 (VIOLATED)

_23691_/ZN                             26.02   41.12  -15.11 (VIOLATED)

_27875_/ZN                             26.02   40.92  -14.91 (VIOLATED)

_27845_/Z                              25.33   40.03  -14.70 (VIOLATED)

_28904_/Z                              25.33   39.70  -14.37 (VIOLATED)

_28125_/ZN                             16.02   29.85  -13.83 (VIOLATED)

_20703_/ZN                             26.05   39.74  -13.68 (VIOLATED)

_28368_/ZN                             52.11   65.57  -13.46 (VIOLATED)

_28135_/ZN                             26.70   39.90  -13.20 (VIOLATED)

_25319_/ZN                             16.02   29.21  -13.19 (VIOLATED)

place7191/Z                            60.65   73.53  -12.88 (VIOLATED)

_25334_/ZN                             26.70   39.34  -12.64 (VIOLATED)

place7153/Z                            60.65   73.28  -12.62 (VIOLATED)

_21388_/ZN                             16.02   28.38  -12.36 (VIOLATED)

_26291_/ZN                             25.33   37.20  -11.87 (VIOLATED)

_25094_/ZN                             25.33   36.97  -11.64 (VIOLATED)

_28934_/ZN                             52.11   63.73  -11.62 (VIOLATED)

_23098_/Z                              25.33   36.45  -11.12 (VIOLATED)

_29433_/Q                             120.85  131.84  -10.99 (VIOLATED)

place7227/Z                            60.65   71.52  -10.86 (VIOLATED)

place7155/Z                            60.65   71.38  -10.73 (VIOLATED)

place3000/Z                            60.65   71.04  -10.38 (VIOLATED)

_24541_/ZN                             26.02   36.38  -10.37 (VIOLATED)

_29398_/Q                              60.58   70.90  -10.32 (VIOLATED)

_29296_/Q                              60.58   70.66  -10.08 (VIOLATED)

_29297_/Q                              60.58   70.64  -10.06 (VIOLATED)

_29530_/Q                              60.58   70.60  -10.03 (VIOLATED)

_27252_/ZN                             26.02   35.84   -9.83 (VIOLATED)

place7280/Z                            60.65   70.46   -9.81 (VIOLATED)

_22653_/ZN                             11.48   21.17   -9.69 (VIOLATED)

_21159_/ZN                             26.02   35.41   -9.40 (VIOLATED)

place8391/Z                            60.65   69.58   -8.92 (VIOLATED)

_28955_/ZN                             26.05   34.94   -8.89 (VIOLATED)

_25122_/ZN                             26.02   34.73   -8.71 (VIOLATED)

_23681_/Z                              50.51   58.84   -8.34 (VIOLATED)

_22387_/ZN                             26.70   34.96   -8.26 (VIOLATED)

_24520_/Z                              25.33   33.55   -8.22 (VIOLATED)

_29427_/Q                              60.58   68.80   -8.22 (VIOLATED)

_29397_/Q                              60.58   68.59   -8.01 (VIOLATED)

_27386_/ZN                             28.99   36.85   -7.86 (VIOLATED)

_29653_/Q                              60.58   68.33   -7.76 (VIOLATED)

_20714_/ZN                             26.05   33.47   -7.41 (VIOLATED)

_29435_/Q                              60.58   67.91   -7.33 (VIOLATED)

_24546_/ZN                             26.02   33.26   -7.25 (VIOLATED)

_22682_/ZN                             25.33   31.98   -6.65 (VIOLATED)

_26656_/ZN                             23.23   29.87   -6.64 (VIOLATED)

_22390_/ZN                             25.33   31.95   -6.62 (VIOLATED)

_25331_/Z                              25.33   31.85   -6.52 (VIOLATED)

_29426_/Q                              60.58   67.03   -6.46 (VIOLATED)

_28889_/ZN                             25.33   31.78   -6.45 (VIOLATED)

_24544_/ZN                             26.02   32.44   -6.43 (VIOLATED)

_21107_/ZN                             25.33   31.69   -6.36 (VIOLATED)

_25336_/ZN                             26.02   32.30   -6.29 (VIOLATED)

place8836/Z                           121.15  127.23   -6.07 (VIOLATED)

_23096_/ZN                             26.02   32.01   -5.99 (VIOLATED)

_29248_/Q                              60.58   66.55   -5.97 (VIOLATED)

_20082_/ZN                            121.46  127.25   -5.79 (VIOLATED)

_27221_/ZN                             63.32   69.01   -5.69 (VIOLATED)

_23689_/Z                              25.33   30.92   -5.59 (VIOLATED)

_25141_/ZN                             26.02   31.49   -5.48 (VIOLATED)

_26201_/ZN                             28.99   34.33   -5.34 (VIOLATED)

_24526_/Z                              25.33   30.62   -5.29 (VIOLATED)

_22389_/ZN                             25.33   30.41   -5.08 (VIOLATED)

_25353_/ZN                             26.02   31.09   -5.08 (VIOLATED)

_25347_/ZN                             26.02   30.86   -4.85 (VIOLATED)

_29777_/Q                              60.58   65.17   -4.59 (VIOLATED)

place7232/Z                            60.65   65.18   -4.53 (VIOLATED)

place7978/Z                           121.15  125.66   -4.50 (VIOLATED)

place7175/Z                            60.65   65.04   -4.39 (VIOLATED)

place7230/Z                            60.65   64.81   -4.16 (VIOLATED)

place7563/Z                            60.65   64.71   -4.05 (VIOLATED)

place7221/Z                           121.15  124.80   -3.64 (VIOLATED)

_29633_/Q                             120.85  124.29   -3.44 (VIOLATED)

_20752_/ZN                            106.81  109.89   -3.08 (VIOLATED)

_22712_/ZN                             26.05   29.12   -3.06 (VIOLATED)

_29431_/Q                              60.58   63.54   -2.96 (VIOLATED)

_25323_/ZN                             26.70   29.52   -2.82 (VIOLATED)

_20756_/ZN                            106.81  109.60   -2.79 (VIOLATED)

_25077_/ZN                             26.05   28.81   -2.75 (VIOLATED)

place7994/Z                           121.15  123.65   -2.49 (VIOLATED)

_22052_/ZN                             26.02   28.18   -2.16 (VIOLATED)

_22436_/ZN                             25.33   27.49   -2.16 (VIOLATED)

_26344_/ZN                             14.50   16.49   -1.99 (VIOLATED)

_28141_/ZN                             26.02   27.76   -1.75 (VIOLATED)

_21120_/ZN                             14.50   16.24   -1.74 (VIOLATED)

_24560_/ZN                             26.02   27.56   -1.54 (VIOLATED)

place8052/Z                            60.65   61.86   -1.20 (VIOLATED)

_21863_/ZN                             16.02   17.22   -1.20 (VIOLATED)

_29774_/Q                              60.58   61.69   -1.12 (VIOLATED)

_29628_/Q                             120.85  121.93   -1.08 (VIOLATED)

_29536_/Q                              60.58   61.64   -1.06 (VIOLATED)

