max capacitance

Pin                                    Limit     Cap   Slack
------------------------------------------------------------
_19439_/Q                              60.58  255.64 -195.06 (VIOLATED)

_13161_/ZN                             60.73  221.54 -160.81 (VIOLATED)

_13290_/ZN                             59.36  172.89 -113.54 (VIOLATED)

_19440_/Q                              60.58   82.15  -21.58 (VIOLATED)

_19081_/Q                              60.58   74.60  -14.02 (VIOLATED)

_19061_/Q                              60.58   73.76  -13.18 (VIOLATED)

_19079_/Q                              60.58   69.88   -9.31 (VIOLATED)

_19071_/Q                              60.58   69.05   -8.47 (VIOLATED)

_19069_/Q                              60.58   67.88   -7.30 (VIOLATED)

_19089_/Q                              60.58   66.80   -6.22 (VIOLATED)

_19072_/Q                              60.58   64.72   -4.14 (VIOLATED)

_19084_/Q                              60.58   63.24   -2.66 (VIOLATED)

_19064_/Q                              60.58   62.95   -2.37 (VIOLATED)

_19074_/Q                              60.58   62.39   -1.81 (VIOLATED)

