max capacitance

Pin                                    Limit     Cap   Slack
------------------------------------------------------------
_7968_/Q                               60.58  464.87 -404.29 (VIOLATED)

_5650_/ZN                              60.49  254.32 -193.83 (VIOLATED)

_7951_/Q                               60.58  249.05 -188.47 (VIOLATED)

_7952_/Q                               60.58  245.35 -184.77 (VIOLATED)

_7949_/Q                               60.58  229.91 -169.34 (VIOLATED)

_5653_/ZN                              59.35  167.75 -108.40 (VIOLATED)

_7958_/Q                               60.58  137.11  -76.53 (VIOLATED)

_7959_/Q                               60.58  130.79  -70.21 (VIOLATED)

_5652_/ZN                              60.49  107.22  -46.73 (VIOLATED)

_7963_/Q                               60.58  104.84  -44.26 (VIOLATED)

_7961_/Q                               60.58  103.32  -42.75 (VIOLATED)

_7965_/Q                               60.58   99.33  -38.76 (VIOLATED)

_7966_/Q                               60.58   97.56  -36.99 (VIOLATED)

_7964_/Q                               60.58   96.83  -36.25 (VIOLATED)

_7967_/Q                               60.58   93.63  -33.05 (VIOLATED)

_7962_/Q                               60.58   92.84  -32.26 (VIOLATED)

_5651_/ZN                              59.35   86.11  -26.77 (VIOLATED)

_7986_/Q                               60.58   85.11  -24.54 (VIOLATED)

_7956_/Q                               60.58   81.17  -20.59 (VIOLATED)

_5401_/ZN                              60.69   73.20  -12.51 (VIOLATED)

_5792_/ZN                              23.22   28.21   -5.00 (VIOLATED)

_5810_/ZN                              26.02   29.96   -3.94 (VIOLATED)

_5701_/ZN                              26.65   30.30   -3.65 (VIOLATED)

_7968_/QN                              59.97   63.46   -3.49 (VIOLATED)

_5880_/ZN                              25.27   28.39   -3.12 (VIOLATED)

