max capacitance

Pin                                    Limit     Cap   Slack
------------------------------------------------------------
_7968_/Q                               60.58  464.87 -404.29 (VIOLATED)

_7958_/Q                               60.58  296.24 -235.67 (VIOLATED)

_7959_/Q                               60.58  288.06 -227.48 (VIOLATED)

_7953_/Q                               60.58  279.98 -219.41 (VIOLATED)

_7955_/Q                               60.58  276.50 -215.92 (VIOLATED)

_7954_/Q                               60.58  269.97 -209.39 (VIOLATED)

_7952_/Q                               60.58  265.76 -205.19 (VIOLATED)

_7951_/Q                               60.58  261.57 -200.99 (VIOLATED)

_7950_/Q                               60.58  257.38 -196.80 (VIOLATED)

_5650_/ZN                              60.49  254.32 -193.83 (VIOLATED)

_7949_/Q                               60.58  253.19 -192.61 (VIOLATED)

_7957_/Q                               60.58  250.24 -189.66 (VIOLATED)

_5653_/ZN                              59.35  167.75 -108.40 (VIOLATED)

_7956_/Q                               60.58  130.63  -70.06 (VIOLATED)

_5401_/ZN                              60.69  123.33  -62.64 (VIOLATED)

_5652_/ZN                              60.49  107.22  -46.73 (VIOLATED)

_7967_/Q                               60.58   99.52  -38.94 (VIOLATED)

_5651_/ZN                              59.35   86.11  -26.77 (VIOLATED)

_7986_/Q                               60.58   85.11  -24.54 (VIOLATED)

_7946_/Q                               60.58   81.36  -20.79 (VIOLATED)

_7944_/Q                               60.58   77.43  -16.85 (VIOLATED)

_7940_/Q                               60.58   76.38  -15.80 (VIOLATED)

_7936_/Q                               60.58   75.33  -14.75 (VIOLATED)

_7968_/QN                              59.97   73.31  -13.34 (VIOLATED)

_7948_/Q                               60.58   72.93  -12.35 (VIOLATED)

_7947_/Q                               60.58   72.59  -12.02 (VIOLATED)

_7937_/Q                               60.58   72.19  -11.61 (VIOLATED)

_7938_/Q                               60.58   69.04   -8.47 (VIOLATED)

_7939_/Q                               60.58   68.00   -7.42 (VIOLATED)

_7941_/Q                               60.58   66.95   -6.37 (VIOLATED)

_7942_/Q                               60.58   65.90   -5.32 (VIOLATED)

_5792_/ZN                              23.22   28.21   -5.00 (VIOLATED)

_7943_/Q                               60.58   64.85   -4.27 (VIOLATED)

_5810_/ZN                              26.02   29.96   -3.94 (VIOLATED)

_5701_/ZN                              26.65   30.30   -3.65 (VIOLATED)

_7945_/Q                               60.58   63.80   -3.23 (VIOLATED)

_5880_/ZN                              25.27   28.39   -3.12 (VIOLATED)

