Startpoint: _7968_ (rising edge-triggered flip-flop clocked by clk)
Endpoint: _7640_ (rising edge-triggered flip-flop clocked by clk)
Path Group: clk
Path Type: max

Fanout     Cap    Slew   Delay    Time   Description
-----------------------------------------------------------------------------
                  0.00    0.00    0.00   clock clk (rise edge)
                          0.00    0.00   clock network delay (ideal)
                  0.00    0.00    0.00 ^ _7968_/CK (DFFR_X1)
   250  464.87    3.76    4.54    4.54 ^ _7968_/Q (DFFR_X1)
                  3.76    0.00    4.54 ^ _5746_/A1 (AND3_X1)
     3    4.07    0.17    0.86    5.40 ^ _5746_/ZN (AND3_X1)
                  0.17    0.00    5.40 ^ _5747_/A2 (AND2_X1)
     3    4.12    0.05    0.18    5.58 ^ _5747_/ZN (AND2_X1)
                  0.05    0.00    5.58 ^ _5748_/A2 (AND2_X1)
     5    7.31    0.07    0.16    5.74 ^ _5748_/ZN (AND2_X1)
                  0.07    0.00    5.74 ^ _5749_/A3 (AND3_X1)
     3    4.07    0.05    0.18    5.92 ^ _5749_/ZN (AND3_X1)
                  0.05    0.00    5.92 ^ _5750_/A2 (AND2_X1)
     3    4.12    0.04    0.13    6.06 ^ _5750_/ZN (AND2_X1)
                  0.04    0.00    6.06 ^ _5751_/A2 (AND2_X1)
     3    4.12    0.04    0.13    6.19 ^ _5751_/ZN (AND2_X1)
                  0.04    0.00    6.19 ^ _5752_/A2 (AND2_X1)
     5    7.31    0.07    0.16    6.35 ^ _5752_/ZN (AND2_X1)
                  0.07    0.00    6.35 ^ _6347_/A3 (AND3_X1)
     6    8.90    0.09    0.23    6.58 ^ _6347_/ZN (AND3_X1)
                  0.09    0.00    6.58 ^ _6348_/A2 (NOR2_X1)
     1    1.49    0.06    0.05    6.63 v _6348_/ZN (NOR2_X1)
                  0.06    0.00    6.63 v _6349_/A2 (NOR2_X1)
     2    2.47    0.07    0.15    6.77 ^ _6349_/ZN (NOR2_X1)
                  0.07    0.00    6.77 ^ _6350_/A2 (AND2_X1)
     3    4.12    0.05    0.15    6.92 ^ _6350_/ZN (AND2_X1)
                  0.05    0.00    6.92 ^ _6351_/A2 (AND2_X1)
     3    4.12    0.05    0.13    7.05 ^ _6351_/ZN (AND2_X1)
                  0.05    0.00    7.05 ^ _6352_/A2 (AND2_X1)
     3    4.12    0.05    0.13    7.18 ^ _6352_/ZN (AND2_X1)
                  0.05    0.00    7.18 ^ _6353_/A2 (AND2_X1)
     4    6.38    0.06    0.15    7.34 ^ _6353_/ZN (AND2_X1)
                  0.06    0.00    7.34 ^ _6354_/B1 (AOI21_X1)
     1    1.42    0.02    0.05    7.39 v _6354_/ZN (AOI21_X1)
                  0.02    0.00    7.39 v _6358_/B (AOI211_X1)
     1    1.09    0.13    0.25    7.64 ^ _6358_/ZN (AOI211_X1)
                  0.13    0.00    7.64 ^ _7640_/D (DFFR_X1)
                                  7.64   data arrival time

                  0.00    2.50    2.50   clock clk (rise edge)
                          0.00    2.50   clock network delay (ideal)
                         -0.15    2.35   clock uncertainty
                          0.00    2.35   clock reconvergence pessimism
                                  2.35 ^ _7640_/CK (DFFR_X1)
                         -0.12    2.23   library setup time
                                  2.23   data required time
-----------------------------------------------------------------------------
                                  2.23   data required time
                                 -7.64   data arrival time
-----------------------------------------------------------------------------
                                 -5.41   slack (VIOLATED)


