max slew

Pin                                    Limit    Slew   Slack
------------------------------------------------------------
_7968_/Q                                0.50    3.76   -3.26 (VIOLATED)
_7958_/Q                                0.50    2.40   -1.90 (VIOLATED)
_7959_/Q                                0.50    2.34   -1.84 (VIOLATED)
_7953_/Q                                0.50    2.27   -1.77 (VIOLATED)
_7955_/Q                                0.50    2.24   -1.74 (VIOLATED)
_7954_/Q                                0.50    2.19   -1.69 (VIOLATED)
_7952_/Q                                0.50    2.16   -1.66 (VIOLATED)
_7951_/Q                                0.50    2.12   -1.62 (VIOLATED)
_7950_/Q                                0.50    2.09   -1.59 (VIOLATED)
_5650_/ZN                               0.50    2.07   -1.57 (VIOLATED)
_7949_/Q                                0.50    2.06   -1.56 (VIOLATED)
_7957_/Q                                0.50    2.03   -1.53 (VIOLATED)
_5653_/ZN                               0.50    1.38   -0.88 (VIOLATED)
_7956_/Q                                0.50    1.07   -0.57 (VIOLATED)
_5401_/ZN                               0.50    1.01   -0.51 (VIOLATED)
_5652_/ZN                               0.50    0.88   -0.38 (VIOLATED)
_7967_/Q                                0.50    0.81   -0.31 (VIOLATED)
_5651_/ZN                               0.50    0.72   -0.22 (VIOLATED)
_7170_/ZN                               0.50    0.71   -0.21 (VIOLATED)
_7178_/ZN                               0.50    0.71   -0.21 (VIOLATED)
_7180_/ZN                               0.50    0.71   -0.21 (VIOLATED)
_7182_/ZN                               0.50    0.71   -0.21 (VIOLATED)
_7185_/ZN                               0.50    0.70   -0.20 (VIOLATED)
_7986_/Q                                0.50    0.70   -0.20 (VIOLATED)
_7946_/Q                                0.50    0.67   -0.17 (VIOLATED)
_7944_/Q                                0.50    0.64   -0.14 (VIOLATED)
_7167_/ZN                               0.50    0.64   -0.14 (VIOLATED)
_7940_/Q                                0.50    0.63   -0.13 (VIOLATED)
_7936_/Q                                0.50    0.62   -0.12 (VIOLATED)
_7968_/QN                               0.50    0.61   -0.11 (VIOLATED)
_7156_/ZN                               0.50    0.60   -0.10 (VIOLATED)
_7948_/Q                                0.50    0.60   -0.10 (VIOLATED)
_5400_/ZN                               0.50    0.60   -0.10 (VIOLATED)
_7947_/Q                                0.50    0.60   -0.10 (VIOLATED)
_7937_/Q                                0.50    0.59   -0.09 (VIOLATED)
_5792_/ZN                               0.50    0.59   -0.09 (VIOLATED)
_5771_/ZN                               0.50    0.58   -0.08 (VIOLATED)
_7938_/Q                                0.50    0.57   -0.07 (VIOLATED)
_5810_/ZN                               0.50    0.57   -0.07 (VIOLATED)
_5701_/ZN                               0.50    0.56   -0.06 (VIOLATED)
_7939_/Q                                0.50    0.56   -0.06 (VIOLATED)
_5880_/ZN                               0.50    0.55   -0.05 (VIOLATED)
_7941_/Q                                0.50    0.55   -0.05 (VIOLATED)
_7942_/Q                                0.50    0.54   -0.04 (VIOLATED)
_7943_/Q                                0.50    0.53   -0.03 (VIOLATED)
_7945_/Q                                0.50    0.53   -0.03 (VIOLATED)
_7176_/ZN                               0.50    0.52   -0.02 (VIOLATED)
_7187_/ZN                               0.50    0.52   -0.02 (VIOLATED)

