max slew

Pin                                    Limit    Slew   Slack
------------------------------------------------------------
_7968_/Q                                0.50    3.76   -3.26 (VIOLATED)
_5650_/ZN                               0.50    2.07   -1.57 (VIOLATED)
_7951_/Q                                0.50    2.02   -1.52 (VIOLATED)
_7952_/Q                                0.50    1.99   -1.49 (VIOLATED)
_7949_/Q                                0.50    1.87   -1.37 (VIOLATED)
_5653_/ZN                               0.50    1.38   -0.88 (VIOLATED)
_7958_/Q                                0.50    1.12   -0.62 (VIOLATED)
_7959_/Q                                0.50    1.07   -0.57 (VIOLATED)
_5652_/ZN                               0.50    0.88   -0.38 (VIOLATED)
_7963_/Q                                0.50    0.86   -0.36 (VIOLATED)
_7961_/Q                                0.50    0.85   -0.35 (VIOLATED)
_7965_/Q                                0.50    0.81   -0.31 (VIOLATED)
_7966_/Q                                0.50    0.80   -0.30 (VIOLATED)
_7964_/Q                                0.50    0.79   -0.29 (VIOLATED)
_7967_/Q                                0.50    0.77   -0.27 (VIOLATED)
_7962_/Q                                0.50    0.76   -0.26 (VIOLATED)
_5651_/ZN                               0.50    0.72   -0.22 (VIOLATED)
_7170_/ZN                               0.50    0.71   -0.21 (VIOLATED)
_7178_/ZN                               0.50    0.71   -0.21 (VIOLATED)
_7180_/ZN                               0.50    0.71   -0.21 (VIOLATED)
_7182_/ZN                               0.50    0.71   -0.21 (VIOLATED)
_7185_/ZN                               0.50    0.70   -0.20 (VIOLATED)
_7986_/Q                                0.50    0.70   -0.20 (VIOLATED)
_7956_/Q                                0.50    0.67   -0.17 (VIOLATED)
_7167_/ZN                               0.50    0.64   -0.14 (VIOLATED)
_7156_/ZN                               0.50    0.60   -0.10 (VIOLATED)
_5401_/ZN                               0.50    0.60   -0.10 (VIOLATED)
_5400_/ZN                               0.50    0.60   -0.10 (VIOLATED)
_5792_/ZN                               0.50    0.59   -0.09 (VIOLATED)
_5771_/ZN                               0.50    0.58   -0.08 (VIOLATED)
_5810_/ZN                               0.50    0.57   -0.07 (VIOLATED)
_5701_/ZN                               0.50    0.56   -0.06 (VIOLATED)
_5880_/ZN                               0.50    0.55   -0.05 (VIOLATED)
_7968_/QN                               0.50    0.53   -0.03 (VIOLATED)
_7176_/ZN                               0.50    0.52   -0.02 (VIOLATED)
_7187_/ZN                               0.50    0.52   -0.02 (VIOLATED)

