Startpoint: _1996_ (rising edge-triggered flip-flop clocked by clk)
Endpoint: _2025_ (rising edge-triggered flip-flop clocked by clk)
Path Group: clk
Path Type: max

Fanout     Cap    Slew   Delay    Time   Description
-----------------------------------------------------------------------------
                  0.00    0.00    0.00   clock clk (rise edge)
                          0.00    0.00   clock network delay (ideal)
                  0.00    0.00    0.00 ^ _1996_/CK (DFFR_X1)
    20   29.30    0.25    0.61    0.61 ^ _1996_/Q (DFFR_X1)
                  0.25    0.00    0.61 ^ _1731_/A2 (AOI22_X1)
     2    2.35    0.06    0.11    0.71 v _1731_/ZN (AOI22_X1)
                  0.06    0.00    0.71 v _1732_/A3 (OR3_X1)
     3    3.72    0.05    0.39    1.10 v _1732_/ZN (OR3_X1)
                  0.05    0.00    1.10 v _1735_/A2 (AND3_X1)
     3    3.62    0.02    0.15    1.25 v _1735_/ZN (AND3_X1)
                  0.02    0.00    1.25 v _1737_/A2 (OR3_X1)
     3    3.67    0.05    0.35    1.60 v _1737_/ZN (OR3_X1)
                  0.05    0.00    1.60 v _1750_/A1 (AND3_X1)
     4    5.15    0.03    0.15    1.75 v _1750_/ZN (AND3_X1)
                  0.03    0.00    1.75 v _1753_/A2 (OR3_X1)
     2    2.25    0.05    0.34    2.09 v _1753_/ZN (OR3_X1)
                  0.05    0.00    2.09 v _1755_/A2 (AND3_X1)
     5    5.93    0.03    0.16    2.25 v _1755_/ZN (AND3_X1)
                  0.03    0.00    2.25 v _1758_/A2 (OR3_X1)
     2    2.33    0.05    0.34    2.59 v _1758_/ZN (OR3_X1)
                  0.05    0.00    2.59 v _1760_/A3 (AND4_X1)
     3    3.74    0.03    0.17    2.75 v _1760_/ZN (AND4_X1)
                  0.03    0.00    2.75 v _1796_/A2 (OR3_X1)
     1    1.45    0.05    0.33    3.08 v _1796_/ZN (OR3_X1)
                  0.05    0.00    3.08 v _1797_/A (OAI21_X1)
     1    1.62    0.07    0.09    3.17 ^ _1797_/ZN (OAI21_X1)
                  0.07    0.00    3.17 ^ _1829_/B1 (OAI21_X1)
     1    1.41    0.02    0.05    3.22 v _1829_/ZN (OAI21_X1)
                  0.02    0.00    3.22 v _1876_/B2 (AOI222_X1)
     1    1.53    0.18    0.35    3.57 ^ _1876_/ZN (AOI222_X1)
                  0.18    0.00    3.57 ^ _1896_/B2 (OAI21_X1)
     2    2.20    0.05    0.10    3.67 v _1896_/ZN (OAI21_X1)
                  0.05    0.00    3.67 v _1900_/B2 (AOI21_X1)
     1    1.53    0.08    0.14    3.80 ^ _1900_/ZN (AOI21_X1)
                  0.08    0.00    3.80 ^ _1904_/B3 (OAI33_X1)
     2    2.29    0.05    0.10    3.90 v _1904_/ZN (OAI33_X1)
                  0.05    0.00    3.90 v _1907_/A3 (OR3_X1)
     2    2.25    0.05    0.36    4.26 v _1907_/ZN (OR3_X1)
                  0.05    0.00    4.26 v _1910_/B1 (AOI21_X1)
     3    4.11    0.12    0.17    4.43 ^ _1910_/ZN (AOI21_X1)
                  0.12    0.00    4.43 ^ _1912_/B1 (OAI21_X1)
     4    5.69    0.06    0.11    4.54 v _1912_/ZN (OAI21_X1)
                  0.06    0.00    4.54 v _1915_/C1 (AOI211_X1)
     1    1.53    0.14    0.17    4.70 ^ _1915_/ZN (AOI211_X1)
                  0.14    0.00    4.70 ^ _1918_/B2 (OAI21_X1)
     3    4.26    0.05    0.11    4.81 v _1918_/ZN (OAI21_X1)
                  0.05    0.00    4.81 v _1920_/B2 (AOI21_X1)
     2    3.15    0.11    0.17    4.98 ^ _1920_/ZN (AOI21_X1)
                  0.11    0.00    4.98 ^ _1922_/B1 (OAI21_X1)
     1    1.45    0.06    0.07    5.05 v _1922_/ZN (OAI21_X1)
                  0.06    0.00    5.05 v _1923_/A (OAI21_X1)
     1    1.09    0.06    0.09    5.13 ^ _1923_/ZN (OAI21_X1)
                  0.06    0.00    5.13 ^ _2025_/D (DFFR_X1)
                                  5.13   data arrival time

                  0.00    2.50    2.50   clock clk (rise edge)
                          0.00    2.50   clock network delay (ideal)
                         -0.15    2.35   clock uncertainty
                          0.00    2.35   clock reconvergence pessimism
                                  2.35 ^ _2025_/CK (DFFR_X1)
                         -0.09    2.26   library setup time
                                  2.26   data required time
-----------------------------------------------------------------------------
                                  2.26   data required time
                                 -5.13   data arrival time
-----------------------------------------------------------------------------
                                 -2.88   slack (VIOLATED)


