Startpoint: din0[5] (input port clocked by clk1)
Endpoint: sram0 (rising edge-triggered flip-flop clocked by clk0)
Path Group: clk0
Path Type: min

    Cap    Slew   Delay    Time   Description
-----------------------------------------------------------------------
                   0.00    0.00   clock clk1 (rise edge)
                   0.00    0.00   clock network delay (propagated)
                   0.15    0.15 v input external delay
  65.06    0.00    0.00    0.15 v din0[5] (in)
           0.00    0.00    0.15 v hold36/A (CLKBUF_X1)
   2.33    0.01    0.02    0.17 v hold36/Z (CLKBUF_X1)
           0.01    0.00    0.17 v hold12/A (CLKBUF_X1)
   3.43    0.01    0.02    0.19 v hold12/Z (CLKBUF_X1)
           0.01    0.00    0.19 v sram0/din0[5] (SRAM)
                           0.19   data arrival time

                   0.00    0.00   clock clk0 (rise edge)
                   0.14    0.14   clock network delay (propagated)
                   0.05    0.19   clock uncertainty
                   0.00    0.19   clock reconvergence pessimism
                           0.19 ^ sram0/clk0 (SRAM)
                   0.00    0.19   library hold time
                           0.19   data required time
-----------------------------------------------------------------------
                           0.19   data required time
                          -0.19   data arrival time
-----------------------------------------------------------------------
                           0.00   slack (MET)


Startpoint: addr1[1] (input port clocked by clk1)
Endpoint: sram1 (falling edge-triggered flip-flop clocked by clk1)
Path Group: clk1
Path Type: min

    Cap    Slew   Delay    Time   Description
-----------------------------------------------------------------------
                   0.00    0.00   clock clk1 (rise edge)
                   0.00    0.00   clock network delay (propagated)
                   0.15    0.15 ^ input external delay
  16.56    0.00    0.00    0.15 ^ addr1[1] (in)
           0.00    0.00    0.15 ^ sram1/addr1[1] (SRAM)
                           0.15   data arrival time

                   0.00    0.00   clock clk1 (rise edge)
                   0.07    0.07   clock network delay (propagated)
                   0.05    0.12   clock uncertainty
                   0.00    0.12   clock reconvergence pessimism
                           0.12 ^ sram1/clk1 (SRAM)
                   0.00    0.12   library hold time
                           0.12   data required time
-----------------------------------------------------------------------
                           0.12   data required time
                          -0.15   data arrival time
-----------------------------------------------------------------------
                           0.03   slack (MET)


Startpoint: addr0[3] (input port clocked by clk1)
Endpoint: sram1 (rising edge-triggered flip-flop clocked by clk0)
Path Group: clk0
Path Type: max

    Cap    Slew   Delay    Time   Description
-----------------------------------------------------------------------
                   0.00    0.00   clock clk1 (rise edge)
                   0.00    0.00   clock network delay (propagated)
                   0.80    0.80 v input external delay
   2.49    0.00    0.00    0.80 v addr0[3] (in)
           0.00    0.00    0.80 v hold27/A (CLKBUF_X1)
   2.84    0.01    0.03    0.83 v hold27/Z (CLKBUF_X1)
           0.01    0.00    0.83 v hold7/A (CLKBUF_X3)
  56.34    0.03    0.07    0.90 v hold7/Z (CLKBUF_X3)
           0.07    0.05    0.95 v sram1/addr0[3] (SRAM)
                           0.95   data arrival time

                   3.00    3.00   clock clk0 (rise edge)
                   0.08    3.08   clock network delay (propagated)
                  -0.15    2.93   clock uncertainty
                   0.00    2.93   clock reconvergence pessimism
                           2.93 ^ sram1/clk0 (SRAM)
                  -0.01    2.92   library setup time
                           2.92   data required time
-----------------------------------------------------------------------
                           2.92   data required time
                          -0.95   data arrival time
-----------------------------------------------------------------------
                           1.97   slack (MET)


Startpoint: sram1 (falling edge-triggered flip-flop clocked by clk1)
Endpoint: dout1[8] (output port clocked by clk1)
Path Group: clk1
Path Type: max

    Cap    Slew   Delay    Time   Description
-----------------------------------------------------------------------
                   1.50    1.50   clock clk1 (fall edge)
                   0.08    1.58   clock network delay (propagated)
           0.01    0.00    1.58 v sram1/clk1 (SRAM)
  12.20    0.00    0.32    1.89 v sram1/dout1[8] (SRAM)
           0.00    0.00    1.89 v _06_/B (MUX2_X1)
  17.55    0.02    0.09    1.98 v _06_/Z (MUX2_X1)
           0.03    0.01    1.99 v dout1[8] (out)
                           1.99   data arrival time

                   3.00    3.00   clock clk1 (rise edge)
                   0.00    3.00   clock network delay (propagated)
                  -0.15    2.85   clock uncertainty
                   0.00    2.85   clock reconvergence pessimism
                  -0.80    2.05   output external delay
                           2.05   data required time
-----------------------------------------------------------------------
                           2.05   data required time
                          -1.99   data arrival time
-----------------------------------------------------------------------
                           0.06   slack (MET)


worst slack min 0.00
worst slack max 0.06
