max capacitance

Pin                                    Limit     Cap   Slack
------------------------------------------------------------
_8670_/Q                               60.58  397.69 -337.11 (VIOLATED)

_8660_/Q                               60.58  296.40 -235.82 (VIOLATED)

_8661_/Q                               60.58  288.15 -227.57 (VIOLATED)

_8655_/Q                               60.58  280.24 -219.66 (VIOLATED)

_8657_/Q                               60.58  274.36 -213.78 (VIOLATED)

_8656_/Q                               60.58  270.02 -209.44 (VIOLATED)

_8654_/Q                               60.58  268.96 -208.38 (VIOLATED)

_8653_/Q                               60.58  261.67 -201.09 (VIOLATED)

_8652_/Q                               60.58  257.48 -196.90 (VIOLATED)

_8651_/Q                               60.58  253.28 -192.71 (VIOLATED)

_8659_/Q                               60.58  250.23 -189.65 (VIOLATED)

_8339_/Q                               60.73  150.98  -90.25 (VIOLATED)

_8658_/Q                               60.58  129.37  -68.80 (VIOLATED)

_5866_/ZN                              60.73  124.28  -63.55 (VIOLATED)

_8669_/Q                               60.58  101.01  -40.43 (VIOLATED)

_8341_/Q                               60.73   97.18  -36.45 (VIOLATED)

_8340_/Q                               60.73   94.08  -33.35 (VIOLATED)

_6341_/ZN                              26.70   55.07  -28.37 (VIOLATED)

_8648_/Q                               60.58   81.48  -20.90 (VIOLATED)

_8646_/Q                               60.58   77.52  -16.94 (VIOLATED)

_8642_/Q                               60.58   76.47  -15.89 (VIOLATED)

_8638_/Q                               60.58   75.42  -14.85 (VIOLATED)

_8670_/QN                              60.27   73.31  -13.04 (VIOLATED)

_8650_/Q                               60.58   73.02  -12.44 (VIOLATED)

_8649_/Q                               60.58   72.61  -12.03 (VIOLATED)

_8639_/Q                               60.58   72.28  -11.70 (VIOLATED)

_8640_/Q                               60.58   69.14   -8.56 (VIOLATED)

_8641_/Q                               60.58   68.09   -7.51 (VIOLATED)

_8643_/Q                               60.58   67.04   -6.46 (VIOLATED)

_6333_/ZN                              16.02   21.89   -5.86 (VIOLATED)

_8644_/Q                               60.58   65.99   -5.41 (VIOLATED)

_8645_/Q                               60.58   64.94   -4.37 (VIOLATED)

_8647_/Q                               60.58   63.89   -3.32 (VIOLATED)

_6517_/ZN                              56.00   59.10   -3.10 (VIOLATED)

