max capacitance

Pin                                    Limit     Cap   Slack
------------------------------------------------------------
_8670_/Q                               60.58  397.69 -337.11 (VIOLATED)

_8653_/Q                               60.58  249.15 -188.57 (VIOLATED)

_8654_/Q                               60.58  248.54 -187.96 (VIOLATED)

_8651_/Q                               60.58  230.01 -169.43 (VIOLATED)

_8339_/Q                               60.73  150.98  -90.25 (VIOLATED)

_8660_/Q                               60.58  137.26  -76.68 (VIOLATED)

_8661_/Q                               60.58  130.87  -70.30 (VIOLATED)

_8663_/Q                               60.58  103.42  -42.84 (VIOLATED)

_8665_/Q                               60.58  101.75  -41.17 (VIOLATED)

_8668_/Q                               60.58  100.11  -39.53 (VIOLATED)

_8667_/Q                               60.58   99.38  -38.80 (VIOLATED)

_8666_/Q                               60.58   97.06  -36.48 (VIOLATED)

_8341_/Q                               60.73   97.18  -36.45 (VIOLATED)

_8669_/Q                               60.58   95.12  -34.54 (VIOLATED)

_8340_/Q                               60.73   94.08  -33.35 (VIOLATED)

_8664_/Q                               60.58   92.94  -32.36 (VIOLATED)

_6341_/ZN                              26.70   55.07  -28.37 (VIOLATED)

_8658_/Q                               60.58   79.91  -19.33 (VIOLATED)

_5866_/ZN                              60.73   74.15  -13.42 (VIOLATED)

_6333_/ZN                              16.02   21.89   -5.86 (VIOLATED)

_8670_/QN                              60.27   63.46   -3.19 (VIOLATED)

_6517_/ZN                              56.00   59.10   -3.10 (VIOLATED)

