Startpoint: _8643_ (rising edge-triggered flip-flop clocked by clk)
Endpoint: sram0 (rising edge-triggered flip-flop clocked by clk)
Path Group: clk
Path Type: min

Fanout     Cap    Slew   Delay    Time   Description
-----------------------------------------------------------------------------
                  0.00    0.00    0.00   clock clk (rise edge)
                          0.00    0.00   clock network delay (ideal)
                  0.00    0.00    0.00 ^ _8643_/CK (DFFR_X1)
     3    4.21    0.01    0.05    0.05 v _8643_/Q (DFFR_X1)
                  0.01    0.00    0.05 v sram0/din0[5] (SRAM10x2048)
                                  0.05   data arrival time

                  0.00    0.00    0.00   clock clk (rise edge)
                          0.00    0.00   clock network delay (ideal)
                          0.05    0.05   clock uncertainty
                          0.00    0.05   clock reconvergence pessimism
                                  0.05 ^ sram0/clk0 (SRAM10x2048)
                          0.09    0.14   library hold time
                                  0.14   data required time
-----------------------------------------------------------------------------
                                  0.14   data required time
                                 -0.05   data arrival time
-----------------------------------------------------------------------------
                                 -0.09   slack (VIOLATED)


