max slew

Pin                                    Limit    Slew   Slack
------------------------------------------------------------
_8670_/Q                                0.15    0.51   -0.36 (VIOLATED)
_8660_/Q                                0.15    0.38   -0.23 (VIOLATED)
_8661_/Q                                0.15    0.37   -0.22 (VIOLATED)
_8655_/Q                                0.15    0.36   -0.21 (VIOLATED)
_8657_/Q                                0.15    0.35   -0.20 (VIOLATED)
_8656_/Q                                0.15    0.34   -0.20 (VIOLATED)
_8654_/Q                                0.15    0.34   -0.20 (VIOLATED)
_8653_/Q                                0.15    0.33   -0.19 (VIOLATED)
_8652_/Q                                0.15    0.33   -0.18 (VIOLATED)
_8651_/Q                                0.15    0.32   -0.18 (VIOLATED)
_8659_/Q                                0.15    0.32   -0.17 (VIOLATED)
_8339_/Q                                0.15    0.19   -0.05 (VIOLATED)
_8658_/Q                                0.15    0.17   -0.02 (VIOLATED)
_5866_/ZN                               0.15    0.16   -0.01 (VIOLATED)

