Startpoint: addr0[0] (input port clocked by clk1)
Endpoint: sram (rising edge-triggered flip-flop clocked by clk0)
Path Group: clk0
Path Type: min

Fanout     Cap    Slew   Delay    Time   Description
-----------------------------------------------------------------------------
                  0.00    0.00    0.00   clock clk1 (rise edge)
                          0.00    0.00   clock network delay (ideal)
                          0.15    0.15 ^ input external delay
     1    0.21    0.00    0.00    0.15 ^ addr0[0] (in)
                  0.00    0.00    0.15 ^ sram/addr0[0] (sram_10x1024)
                                  0.15   data arrival time

                  0.00    0.00    0.00   clock clk0 (rise edge)
                          0.00    0.00   clock network delay (ideal)
                          0.05    0.05   clock uncertainty
                          0.00    0.05   clock reconvergence pessimism
                                  0.05 ^ sram/clk0 (sram_10x1024)
                          0.00    0.05   library hold time
                                  0.05   data required time
-----------------------------------------------------------------------------
                                  0.05   data required time
                                 -0.15   data arrival time
-----------------------------------------------------------------------------
                                  0.10   slack (MET)


Startpoint: addr1[0] (input port clocked by clk1)
Endpoint: sram (falling edge-triggered flip-flop clocked by clk1)
Path Group: clk1
Path Type: min

Fanout     Cap    Slew   Delay    Time   Description
-----------------------------------------------------------------------------
                  0.00    0.00    0.00   clock clk1 (rise edge)
                          0.00    0.00   clock network delay (ideal)
                          0.15    0.15 ^ input external delay
     1    0.21    0.00    0.00    0.15 ^ addr1[0] (in)
                  0.00    0.00    0.15 ^ sram/addr1[0] (sram_10x1024)
                                  0.15   data arrival time

                  0.00    0.00    0.00   clock clk1 (rise edge)
                          0.00    0.00   clock network delay (ideal)
                          0.05    0.05   clock uncertainty
                          0.00    0.05   clock reconvergence pessimism
                                  0.05 ^ sram/clk1 (sram_10x1024)
                          0.00    0.05   library hold time
                                  0.05   data required time
-----------------------------------------------------------------------------
                                  0.05   data required time
                                 -0.15   data arrival time
-----------------------------------------------------------------------------
                                  0.10   slack (MET)


