Startpoint: _1996_ (rising edge-triggered flip-flop clocked by clk)
Endpoint: _2025_ (rising edge-triggered flip-flop clocked by clk)
Path Group: clk
Path Type: max

Fanout     Cap    Slew   Delay    Time   Description
-----------------------------------------------------------------------------
                  0.00    0.00    0.00   clock clk (rise edge)
                          0.00    0.00   clock network delay (ideal)
                  0.00    0.00    0.00 ^ _1996_/CK (DFFR_X1)
    20   30.13    0.07    0.18    0.18 ^ _1996_/Q (DFFR_X1)
                  0.07    0.00    0.18 ^ _1731_/A2 (AOI22_X1)
     2    2.45    0.02    0.03    0.21 v _1731_/ZN (AOI22_X1)
                  0.02    0.00    0.21 v _1732_/A3 (OR3_X1)
     3    3.88    0.02    0.10    0.31 v _1732_/ZN (OR3_X1)
                  0.02    0.00    0.31 v _1735_/A2 (AND3_X1)
     3    3.72    0.01    0.04    0.35 v _1735_/ZN (AND3_X1)
                  0.01    0.00    0.35 v _1737_/A2 (OR3_X1)
     3    3.83    0.02    0.09    0.44 v _1737_/ZN (OR3_X1)
                  0.02    0.00    0.44 v _1750_/A1 (AND3_X1)
     4    5.32    0.01    0.04    0.48 v _1750_/ZN (AND3_X1)
                  0.01    0.00    0.48 v _1753_/A2 (OR3_X1)
     2    2.33    0.01    0.08    0.57 v _1753_/ZN (OR3_X1)
                  0.01    0.00    0.57 v _1755_/A2 (AND3_X1)
     5    6.10    0.01    0.05    0.61 v _1755_/ZN (AND3_X1)
                  0.01    0.00    0.61 v _1758_/A2 (OR3_X1)
     2    2.43    0.01    0.09    0.70 v _1758_/ZN (OR3_X1)
                  0.01    0.00    0.70 v _1760_/A3 (AND4_X1)
     3    3.87    0.01    0.05    0.75 v _1760_/ZN (AND4_X1)
                  0.01    0.00    0.75 v _1796_/A2 (OR3_X1)
     1    1.52    0.01    0.08    0.83 v _1796_/ZN (OR3_X1)
                  0.01    0.00    0.83 v _1797_/A (OAI21_X1)
     1    1.66    0.02    0.02    0.85 ^ _1797_/ZN (OAI21_X1)
                  0.02    0.00    0.85 ^ _1829_/B1 (OAI21_X1)
     1    1.45    0.01    0.02    0.87 v _1829_/ZN (OAI21_X1)
                  0.01    0.00    0.87 v _1876_/B2 (AOI222_X1)
     1    1.57    0.05    0.09    0.96 ^ _1876_/ZN (AOI222_X1)
                  0.05    0.00    0.96 ^ _1896_/B2 (OAI21_X1)
     2    2.28    0.02    0.03    0.99 v _1896_/ZN (OAI21_X1)
                  0.02    0.00    0.99 v _1900_/B2 (AOI21_X1)
     1    1.58    0.02    0.04    1.02 ^ _1900_/ZN (AOI21_X1)
                  0.02    0.00    1.02 ^ _1904_/B3 (OAI33_X1)
     2    2.40    0.02    0.03    1.06 v _1904_/ZN (OAI33_X1)
                  0.02    0.00    1.06 v _1907_/A3 (OR3_X1)
     2    2.33    0.01    0.09    1.15 v _1907_/ZN (OR3_X1)
                  0.01    0.00    1.15 v _1910_/B1 (AOI21_X1)
     3    4.25    0.03    0.04    1.19 ^ _1910_/ZN (AOI21_X1)
                  0.03    0.00    1.19 ^ _1912_/B1 (OAI21_X1)
     4    5.91    0.02    0.03    1.23 v _1912_/ZN (OAI21_X1)
                  0.02    0.00    1.23 v _1915_/C1 (AOI211_X1)
     1    1.57    0.04    0.04    1.27 ^ _1915_/ZN (AOI211_X1)
                  0.04    0.00    1.27 ^ _1918_/B2 (OAI21_X1)
     3    4.44    0.02    0.03    1.31 v _1918_/ZN (OAI21_X1)
                  0.02    0.00    1.31 v _1920_/B2 (AOI21_X1)
     2    3.23    0.03    0.05    1.35 ^ _1920_/ZN (AOI21_X1)
                  0.03    0.00    1.35 ^ _1922_/B1 (OAI21_X1)
     1    1.52    0.02    0.02    1.37 v _1922_/ZN (OAI21_X1)
                  0.02    0.00    1.37 v _1923_/A (OAI21_X1)
     1    1.13    0.02    0.03    1.40 ^ _1923_/ZN (OAI21_X1)
                  0.02    0.00    1.40 ^ _2025_/D (DFFR_X1)
                                  1.40   data arrival time

                  0.00    2.50    2.50   clock clk (rise edge)
                          0.00    2.50   clock network delay (ideal)
                         -0.15    2.35   clock uncertainty
                          0.00    2.35   clock reconvergence pessimism
                                  2.35 ^ _2025_/CK (DFFR_X1)
                         -0.03    2.32   library setup time
                                  2.32   data required time
-----------------------------------------------------------------------------
                                  2.32   data required time
                                 -1.40   data arrival time
-----------------------------------------------------------------------------
                                  0.92   slack (MET)


