max capacitance

Pin                                    Limit     Cap   Slack
------------------------------------------------------------
_29782_/Q                              60.58  434.15 -373.57 (VIOLATED)

_20762_/ZN                             59.36  172.89 -113.54 (VIOLATED)

_29783_/Q                              60.58   82.93  -22.36 (VIOLATED)

_29165_/Q                              60.58   78.70  -18.13 (VIOLATED)

_29175_/Q                              60.58   74.29  -13.71 (VIOLATED)

_29173_/Q                              60.58   72.28  -11.70 (VIOLATED)

_29183_/Q                              60.58   70.00   -9.43 (VIOLATED)

_29163_/Q                              60.58   69.12   -8.55 (VIOLATED)

_29155_/Q                              60.58   68.81   -8.23 (VIOLATED)

_29156_/Q                              60.58   65.43   -4.85 (VIOLATED)

_29157_/Q                              60.58   63.44   -2.87 (VIOLATED)

_29158_/Q                              60.58   63.18   -2.60 (VIOLATED)

_29168_/Q                              60.58   62.36   -1.78 (VIOLATED)

_29178_/Q                              60.58   61.76   -1.18 (VIOLATED)

