Startpoint: _29632_ (rising edge-triggered flip-flop clocked by clk)
Endpoint: _29735_ (rising edge-triggered flip-flop clocked by clk)
Path Group: clk
Path Type: min

Fanout     Cap    Slew   Delay    Time   Description
-----------------------------------------------------------------------------
                  0.00    0.00    0.00   clock clk (rise edge)
                          0.00    0.00   clock network delay (ideal)
                  0.00    0.00    0.00 ^ _29632_/CK (DFF_X1)
     2    2.12    0.01    0.05    0.05 ^ _29632_/Q (DFF_X1)
                  0.01    0.00    0.05 ^ _29735_/D (DFFR_X1)
                                  0.05   data arrival time

                  0.00    0.00    0.00   clock clk (rise edge)
                          0.00    0.00   clock network delay (ideal)
                          0.05    0.05   clock uncertainty
                          0.00    0.05   clock reconvergence pessimism
                                  0.05 ^ _29735_/CK (DFFR_X1)
                          0.00    0.05   library hold time
                                  0.05   data required time
-----------------------------------------------------------------------------
                                  0.05   data required time
                                 -0.05   data arrival time
-----------------------------------------------------------------------------
                                 -0.01   slack (VIOLATED)


