Startpoint: d_cpu (rising edge-triggered flip-flop clocked by clk)
Endpoint: c_cpu (rising edge-triggered flip-flop clocked by clk)
Path Group: clk
Path Type: max

Fanout     Cap    Slew   Delay    Time   Description
-----------------------------------------------------------------------------
                  0.00    0.00    0.00   clock clk (rise edge)
                          0.00    0.00   clock network delay (ideal)
                  0.00    0.00    0.00 ^ d_cpu/clk (D_CPU)
     1  148.48    0.34    1.67    1.67 ^ d_cpu/red_out[5] (D_CPU)
                  0.34    0.00    1.67 ^ c_cpu/red_in[5] (C_CPU)
                                  1.67   data arrival time

                  0.00    3.00    3.00   clock clk (rise edge)
                          0.00    3.00   clock network delay (ideal)
                         -0.15    2.85   clock uncertainty
                          0.00    2.85   clock reconvergence pessimism
                                  2.85 ^ c_cpu/clk (C_CPU)
                         -0.12    2.73   macro clock tree delay
                         -0.23    2.50   library setup time
                                  2.50   data required time
-----------------------------------------------------------------------------
                                  2.50   data required time
                                 -1.67   data arrival time
-----------------------------------------------------------------------------
                                  0.82   slack (MET)


