Startpoint: _19439_ (rising edge-triggered flip-flop clocked by clk)
Endpoint: _19269_ (rising edge-triggered flip-flop clocked by clk)
Path Group: clk
Path Type: max

Fanout     Cap    Slew   Delay    Time   Description
-----------------------------------------------------------------------------
                  0.00    0.00    0.00   clock clk (rise edge)
                          0.00    0.00   clock network delay (ideal)
                  0.00    0.00    0.00 ^ _19439_/CK (DFFR_X1)
   144  254.26    0.58    0.76    0.76 ^ _19439_/Q (DFFR_X1)
                  0.58    0.00    0.76 ^ _13161_/A (INV_X1)
   138  203.34    0.43    0.88    1.64 v _13161_/ZN (INV_X1)
                  0.43    0.00    1.64 v _16731_/A1 (OR2_X1)
     2    2.96    0.02    0.20    1.84 v _16731_/ZN (OR2_X1)
                  0.02    0.00    1.84 v _16732_/B2 (OAI22_X1)
     1    1.13    0.05    0.05    1.88 ^ _16732_/ZN (OAI22_X1)
                  0.05    0.00    1.88 ^ _19269_/D (DFFR_X1)
                                  1.88   data arrival time

                  0.00    2.50    2.50   clock clk (rise edge)
                          0.00    2.50   clock network delay (ideal)
                         -0.15    2.35   clock uncertainty
                          0.00    2.35   clock reconvergence pessimism
                                  2.35 ^ _19269_/CK (DFFR_X1)
                         -0.04    2.31   library setup time
                                  2.31   data required time
-----------------------------------------------------------------------------
                                  2.31   data required time
                                 -1.88   data arrival time
-----------------------------------------------------------------------------
                                  0.42   slack (MET)


