max capacitance

Pin                                    Limit     Cap   Slack
------------------------------------------------------------
_18695_/Q                              60.58  468.28 -407.70 (VIOLATED)

_18685_/Q                              60.58  296.08 -235.50 (VIOLATED)

_18686_/Q                              60.58  288.06 -227.48 (VIOLATED)

_18680_/Q                              60.58  280.00 -219.42 (VIOLATED)

_18682_/Q                              60.58  274.21 -213.63 (VIOLATED)

_18681_/Q                              60.58  269.93 -209.35 (VIOLATED)

_18679_/Q                              60.58  268.91 -208.33 (VIOLATED)

_18678_/Q                              60.58  261.57 -200.99 (VIOLATED)

_18677_/Q                              60.58  257.38 -196.80 (VIOLATED)

_18676_/Q                              60.58  253.19 -192.61 (VIOLATED)

_18684_/Q                              60.58  250.38 -189.80 (VIOLATED)

_18731_/Q                              60.58  248.16 -187.58 (VIOLATED)

_18732_/Q                              60.58  239.98 -179.40 (VIOLATED)

_12906_/ZN                             59.35  229.28 -169.94 (VIOLATED)

_12907_/ZN                             26.65  106.17  -79.52 (VIOLATED)

_12910_/ZN                             26.65  102.45  -75.80 (VIOLATED)

_18683_/Q                              60.58  129.35  -68.77 (VIOLATED)

_12862_/ZN                             60.69  124.22  -63.53 (VIOLATED)

_18694_/Q                              60.58  100.81  -40.23 (VIOLATED)

_18733_/Q                              60.58   91.70  -31.12 (VIOLATED)

_18673_/Q                              60.58   81.20  -20.62 (VIOLATED)

_12865_/ZN                             60.69   80.44  -19.75 (VIOLATED)

_18671_/Q                              60.58   77.43  -16.85 (VIOLATED)

_18667_/Q                              60.58   76.38  -15.80 (VIOLATED)

_18663_/Q                              60.58   75.33  -14.75 (VIOLATED)

_18695_/QN                             59.97   73.31  -13.34 (VIOLATED)

_18675_/Q                              60.58   72.93  -12.35 (VIOLATED)

_18674_/Q                              60.58   72.73  -12.15 (VIOLATED)

_18664_/Q                              60.58   72.19  -11.61 (VIOLATED)

_18734_/Q                              60.58   70.49   -9.91 (VIOLATED)

_12908_/ZN                             26.65   35.52   -8.88 (VIOLATED)

_18735_/Q                              60.58   69.35   -8.77 (VIOLATED)

_18665_/Q                              60.58   69.04   -8.47 (VIOLATED)

_18666_/Q                              60.58   68.00   -7.42 (VIOLATED)

_18668_/Q                              60.58   66.95   -6.37 (VIOLATED)

_18669_/Q                              60.58   65.90   -5.32 (VIOLATED)

_18670_/Q                              60.58   64.85   -4.27 (VIOLATED)

_18672_/Q                              60.58   63.80   -3.23 (VIOLATED)

_18736_/Q                              60.58   63.47   -2.89 (VIOLATED)

