max capacitance

Pin                                    Limit     Cap   Slack
------------------------------------------------------------
_18633_/Q                              60.58  466.67 -406.10 (VIOLATED)

_18616_/Q                              60.58  249.05 -188.47 (VIOLATED)

_18669_/Q                              60.58  245.75 -185.17 (VIOLATED)

_18617_/Q                              60.58  245.35 -184.77 (VIOLATED)

_18670_/Q                              60.58  241.45 -180.87 (VIOLATED)

_18614_/Q                              60.58  229.91 -169.34 (VIOLATED)

_12866_/ZN                             59.35  205.15 -145.80 (VIOLATED)

_12867_/ZN                             26.65  104.49  -77.84 (VIOLATED)

_18623_/Q                              60.58  136.94  -76.37 (VIOLATED)

_12870_/ZN                             26.65  100.91  -74.26 (VIOLATED)

_18624_/Q                              60.58  130.79  -70.21 (VIOLATED)

_18626_/Q                              60.58  103.32  -42.75 (VIOLATED)

_18628_/Q                              60.58  101.65  -41.07 (VIOLATED)

_18631_/Q                              60.58   99.85  -39.27 (VIOLATED)

_18630_/Q                              60.58   99.29  -38.72 (VIOLATED)

_18629_/Q                              60.58   96.81  -36.24 (VIOLATED)

_18632_/Q                              60.58   94.92  -34.34 (VIOLATED)

_18671_/Q                              60.58   93.92  -33.34 (VIOLATED)

_18627_/Q                              60.58   92.84  -32.26 (VIOLATED)

_18621_/Q                              60.58   81.09  -20.52 (VIOLATED)

_12822_/ZN                             60.69   80.38  -19.69 (VIOLATED)

_18672_/Q                              60.58   74.06  -13.48 (VIOLATED)

_12868_/ZN                             26.65   39.98  -13.34 (VIOLATED)

_12819_/ZN                             60.69   73.20  -12.51 (VIOLATED)

_12865_/ZN                             60.49   70.91  -10.41 (VIOLATED)

_18673_/Q                              60.58   68.06   -7.48 (VIOLATED)

_18674_/Q                              60.58   66.52   -5.94 (VIOLATED)

_18633_/QN                             59.97   63.46   -3.49 (VIOLATED)

