Startpoint: sram0 (rising edge-triggered flip-flop clocked by clk)
Endpoint: sram1 (rising edge-triggered flip-flop clocked by clk)
Path Group: clk
Path Type: min

Fanout     Cap    Slew   Delay    Time   Description
-----------------------------------------------------------------------------
                  0.00    0.00    0.00   clock clk (rise edge)
                          0.00    0.00   clock network delay (ideal)
                  0.00    0.00    0.00 ^ sram0/clk1 (SRAM10x2048)
     2    3.27    0.01    0.23    0.23 ^ sram0/dout1[5] (SRAM10x2048)
                  0.01    0.00    0.23 ^ sram1/din0[5] (SRAM10x2048)
                                  0.23   data arrival time

                  0.00    0.00    0.00   clock clk (rise edge)
                          0.00    0.00   clock network delay (ideal)
                          0.05    0.05   clock uncertainty
                          0.00    0.05   clock reconvergence pessimism
                                  0.05 ^ sram1/clk0 (SRAM10x2048)
                          0.09    0.14   library hold time
                                  0.14   data required time
-----------------------------------------------------------------------------
                                  0.14   data required time
                                 -0.23   data arrival time
-----------------------------------------------------------------------------
                                  0.09   slack (MET)


