Startpoint: _18633_ (rising edge-triggered flip-flop clocked by clk)
Endpoint: _18566_ (rising edge-triggered flip-flop clocked by clk)
Path Group: clk
Path Type: max

Fanout     Cap    Slew   Delay    Time   Description
-----------------------------------------------------------------------------
                  0.00    0.00    0.00   clock clk (rise edge)
                          0.00    0.00   clock network delay (ideal)
                  0.00    0.00    0.00 ^ _18633_/CK (DFFR_X1)
   251  466.67    3.78    4.56    4.56 ^ _18633_/Q (DFFR_X1)
                  3.78    0.00    4.56 ^ _13942_/A3 (AND3_X1)
     3    4.07    0.12    0.86    5.41 ^ _13942_/ZN (AND3_X1)
                  0.12    0.00    5.41 ^ _13943_/A2 (AND2_X1)
     4    5.76    0.06    0.18    5.59 ^ _13943_/ZN (AND2_X1)
                  0.06    0.00    5.59 ^ _13944_/A (INV_X1)
     1    1.37    0.02    0.03    5.62 v _13944_/ZN (INV_X1)
                  0.02    0.00    5.62 v _13954_/A1 (NOR3_X1)
     3    4.08    0.17    0.22    5.84 ^ _13954_/ZN (NOR3_X1)
                  0.17    0.00    5.84 ^ _14771_/A2 (AND3_X1)
     4    5.70    0.06    0.24    6.08 ^ _14771_/ZN (AND3_X1)
                  0.06    0.00    6.08 ^ _14772_/A4 (AND4_X1)
     2    4.09    0.05    0.23    6.31 ^ _14772_/ZN (AND4_X1)
                  0.05    0.00    6.31 ^ _17587_/B (XNOR2_X1)
     1    1.59    0.07    0.14    6.45 ^ _17587_/ZN (XNOR2_X1)
                  0.07    0.00    6.45 ^ _17588_/A2 (NOR2_X1)
     1    1.02    0.06    0.04    6.49 v _17588_/ZN (NOR2_X1)
                  0.06    0.00    6.49 v _18566_/D (DFFR_X1)
                                  6.49   data arrival time

                  0.00    2.50    2.50   clock clk (rise edge)
                          0.00    2.50   clock network delay (ideal)
                         -0.15    2.35   clock uncertainty
                          0.00    2.35   clock reconvergence pessimism
                                  2.35 ^ _18566_/CK (DFFR_X1)
                         -0.18    2.17   library setup time
                                  2.17   data required time
-----------------------------------------------------------------------------
                                  2.17   data required time
                                 -6.49   data arrival time
-----------------------------------------------------------------------------
                                 -4.31   slack (VIOLATED)


