max slew

Pin                                    Limit    Slew   Slack
------------------------------------------------------------
_18695_/Q                               0.50    3.79   -3.29 (VIOLATED)
_18685_/Q                               0.50    2.40   -1.90 (VIOLATED)
_18686_/Q                               0.50    2.34   -1.84 (VIOLATED)
_18680_/Q                               0.50    2.27   -1.77 (VIOLATED)
_18682_/Q                               0.50    2.23   -1.73 (VIOLATED)
_18681_/Q                               0.50    2.19   -1.69 (VIOLATED)
_18679_/Q                               0.50    2.18   -1.68 (VIOLATED)
_18678_/Q                               0.50    2.12   -1.62 (VIOLATED)
_18677_/Q                               0.50    2.09   -1.59 (VIOLATED)
_18676_/Q                               0.50    2.06   -1.56 (VIOLATED)
_18684_/Q                               0.50    2.03   -1.53 (VIOLATED)
_18731_/Q                               0.50    2.01   -1.51 (VIOLATED)
_18732_/Q                               0.50    1.95   -1.45 (VIOLATED)
_12907_/ZN                              0.50    1.90   -1.40 (VIOLATED)
_12906_/ZN                              0.50    1.88   -1.38 (VIOLATED)
_12910_/ZN                              0.50    1.83   -1.33 (VIOLATED)
_18683_/Q                               0.50    1.06   -0.56 (VIOLATED)
_12862_/ZN                              0.50    1.01   -0.51 (VIOLATED)
_18694_/Q                               0.50    0.82   -0.32 (VIOLATED)
_18733_/Q                               0.50    0.75   -0.25 (VIOLATED)
_14661_/ZN                              0.50    0.72   -0.22 (VIOLATED)
_14665_/ZN                              0.50    0.72   -0.22 (VIOLATED)
_14667_/ZN                              0.50    0.72   -0.22 (VIOLATED)
_14669_/ZN                              0.50    0.72   -0.22 (VIOLATED)
_14671_/ZN                              0.50    0.72   -0.22 (VIOLATED)
_14674_/ZN                              0.50    0.71   -0.21 (VIOLATED)
_18673_/Q                               0.50    0.67   -0.17 (VIOLATED)
_12908_/ZN                              0.50    0.66   -0.16 (VIOLATED)
_12865_/ZN                              0.50    0.64   -0.14 (VIOLATED)
_18671_/Q                               0.50    0.64   -0.14 (VIOLATED)
_18667_/Q                               0.50    0.63   -0.13 (VIOLATED)
_18663_/Q                               0.50    0.62   -0.12 (VIOLATED)
_18695_/QN                              0.50    0.61   -0.11 (VIOLATED)
_18675_/Q                               0.50    0.60   -0.10 (VIOLATED)
_18674_/Q                               0.50    0.60   -0.10 (VIOLATED)
_14658_/ZN                              0.50    0.60   -0.10 (VIOLATED)
_18664_/Q                               0.50    0.59   -0.09 (VIOLATED)
_14010_/ZN                              0.50    0.59   -0.09 (VIOLATED)
_14009_/ZN                              0.50    0.58   -0.08 (VIOLATED)
_18734_/Q                               0.50    0.58   -0.08 (VIOLATED)
_12861_/ZN                              0.50    0.57   -0.07 (VIOLATED)
_18735_/Q                               0.50    0.57   -0.07 (VIOLATED)
_18665_/Q                               0.50    0.57   -0.07 (VIOLATED)
_18666_/Q                               0.50    0.56   -0.06 (VIOLATED)
_18668_/Q                               0.50    0.55   -0.05 (VIOLATED)
_18669_/Q                               0.50    0.54   -0.04 (VIOLATED)
_18670_/Q                               0.50    0.53   -0.03 (VIOLATED)
_14676_/ZN                              0.50    0.53   -0.03 (VIOLATED)
_18672_/Q                               0.50    0.53   -0.03 (VIOLATED)
_18736_/Q                               0.50    0.52   -0.02 (VIOLATED)

