max slew

Pin                                    Limit    Slew   Slack
------------------------------------------------------------
_18633_/Q                               0.50    3.78   -3.28 (VIOLATED)
_18616_/Q                               0.50    2.02   -1.52 (VIOLATED)
_18669_/Q                               0.50    2.00   -1.50 (VIOLATED)
_18617_/Q                               0.50    1.99   -1.49 (VIOLATED)
_18670_/Q                               0.50    1.96   -1.46 (VIOLATED)
_12867_/ZN                              0.50    1.87   -1.37 (VIOLATED)
_18614_/Q                               0.50    1.87   -1.37 (VIOLATED)
_12870_/ZN                              0.50    1.81   -1.31 (VIOLATED)
_12866_/ZN                              0.50    1.68   -1.18 (VIOLATED)
_18623_/Q                               0.50    1.12   -0.62 (VIOLATED)
_18624_/Q                               0.50    1.07   -0.57 (VIOLATED)
_18626_/Q                               0.50    0.85   -0.35 (VIOLATED)
_18628_/Q                               0.50    0.83   -0.33 (VIOLATED)
_18631_/Q                               0.50    0.82   -0.32 (VIOLATED)
_18630_/Q                               0.50    0.81   -0.31 (VIOLATED)
_18629_/Q                               0.50    0.79   -0.29 (VIOLATED)
_18632_/Q                               0.50    0.78   -0.28 (VIOLATED)
_18671_/Q                               0.50    0.77   -0.27 (VIOLATED)
_18627_/Q                               0.50    0.76   -0.26 (VIOLATED)
_12868_/ZN                              0.50    0.73   -0.23 (VIOLATED)
_14631_/ZN                              0.50    0.72   -0.22 (VIOLATED)
_14635_/ZN                              0.50    0.72   -0.22 (VIOLATED)
_14637_/ZN                              0.50    0.72   -0.22 (VIOLATED)
_14639_/ZN                              0.50    0.72   -0.22 (VIOLATED)
_14641_/ZN                              0.50    0.72   -0.22 (VIOLATED)
_14644_/ZN                              0.50    0.71   -0.21 (VIOLATED)
_18621_/Q                               0.50    0.67   -0.17 (VIOLATED)
_12822_/ZN                              0.50    0.64   -0.14 (VIOLATED)
_18672_/Q                               0.50    0.61   -0.11 (VIOLATED)
_12819_/ZN                              0.50    0.60   -0.10 (VIOLATED)
_14628_/ZN                              0.50    0.59   -0.09 (VIOLATED)
_13977_/ZN                              0.50    0.59   -0.09 (VIOLATED)
_12865_/ZN                              0.50    0.58   -0.08 (VIOLATED)
_13976_/ZN                              0.50    0.58   -0.08 (VIOLATED)
_12818_/ZN                              0.50    0.57   -0.07 (VIOLATED)
_18673_/Q                               0.50    0.56   -0.06 (VIOLATED)
_18674_/Q                               0.50    0.55   -0.05 (VIOLATED)
_18633_/QN                              0.50    0.53   -0.03 (VIOLATED)
_14646_/ZN                              0.50    0.52   -0.02 (VIOLATED)

