max capacitance

Pin                                    Limit     Cap   Slack
------------------------------------------------------------
_7968_/Q                               60.58  471.82 -411.24 (VIOLATED)

_7958_/Q                               60.58  296.38 -235.81 (VIOLATED)

_7959_/Q                               60.58  288.13 -227.55 (VIOLATED)

_7953_/Q                               60.58  280.14 -219.56 (VIOLATED)

_7955_/Q                               60.58  276.66 -216.09 (VIOLATED)

_7954_/Q                               60.58  270.03 -209.45 (VIOLATED)

_7952_/Q                               60.58  265.83 -205.25 (VIOLATED)

_7951_/Q                               60.58  261.64 -201.06 (VIOLATED)

_5650_/ZN                              60.58  261.22 -200.64 (VIOLATED)

_7950_/Q                               60.58  257.45 -196.87 (VIOLATED)

_7949_/Q                               60.58  253.25 -192.68 (VIOLATED)

_7957_/Q                               60.58  250.29 -189.71 (VIOLATED)

_5653_/ZN                              59.36  172.30 -112.95 (VIOLATED)

_7956_/Q                               60.58  130.75  -70.18 (VIOLATED)

_5401_/ZN                              60.73  123.36  -62.63 (VIOLATED)

_5652_/ZN                              60.58  110.34  -49.76 (VIOLATED)

_7967_/Q                               60.58   99.54  -38.97 (VIOLATED)

_5651_/ZN                              59.36   89.21  -29.85 (VIOLATED)

_7986_/Q                               60.58   87.36  -26.78 (VIOLATED)

_7946_/Q                               60.58   81.49  -20.91 (VIOLATED)

_7944_/Q                               60.58   77.47  -16.90 (VIOLATED)

_7940_/Q                               60.58   76.43  -15.85 (VIOLATED)

_7936_/Q                               60.58   75.38  -14.80 (VIOLATED)

_7968_/QN                              60.27   73.31  -13.04 (VIOLATED)

_7948_/Q                               60.58   73.00  -12.42 (VIOLATED)

_7947_/Q                               60.58   72.66  -12.08 (VIOLATED)

_7937_/Q                               60.58   72.23  -11.66 (VIOLATED)

_7938_/Q                               60.58   69.09   -8.51 (VIOLATED)

_7939_/Q                               60.58   68.04   -7.46 (VIOLATED)

_7941_/Q                               60.58   66.99   -6.42 (VIOLATED)

_5792_/ZN                              23.23   28.86   -5.63 (VIOLATED)

_7942_/Q                               60.58   65.94   -5.37 (VIOLATED)

_5701_/ZN                              26.70   31.36   -4.66 (VIOLATED)

_5810_/ZN                              26.05   30.61   -4.56 (VIOLATED)

_7943_/Q                               60.58   64.90   -4.32 (VIOLATED)

_5880_/ZN                              25.33   29.18   -3.85 (VIOLATED)

_7945_/Q                               60.58   63.85   -3.27 (VIOLATED)

