max capacitance

Pin                                    Limit     Cap   Slack
------------------------------------------------------------
_7968_/Q                               60.58  471.82 -411.24 (VIOLATED)

_5650_/ZN                              60.58  261.22 -200.64 (VIOLATED)

_7951_/Q                               60.58  249.12 -188.54 (VIOLATED)

_7952_/Q                               60.58  245.41 -184.84 (VIOLATED)

_7949_/Q                               60.58  229.98 -169.40 (VIOLATED)

_5653_/ZN                              59.36  172.30 -112.95 (VIOLATED)

_7958_/Q                               60.58  137.25  -76.67 (VIOLATED)

_7959_/Q                               60.58  130.85  -70.28 (VIOLATED)

_5652_/ZN                              60.58  110.34  -49.76 (VIOLATED)

_7963_/Q                               60.58  104.90  -44.32 (VIOLATED)

_7961_/Q                               60.58  103.39  -42.81 (VIOLATED)

_7965_/Q                               60.58   99.40  -38.82 (VIOLATED)

_7966_/Q                               60.58   97.66  -37.08 (VIOLATED)

_7964_/Q                               60.58   96.98  -36.40 (VIOLATED)

_7967_/Q                               60.58   93.66  -33.08 (VIOLATED)

_7962_/Q                               60.58   92.91  -32.33 (VIOLATED)

_5651_/ZN                              59.36   89.21  -29.85 (VIOLATED)

_7986_/Q                               60.58   87.36  -26.78 (VIOLATED)

_7956_/Q                               60.58   81.29  -20.71 (VIOLATED)

_5401_/ZN                              60.73   73.23  -12.50 (VIOLATED)

_5792_/ZN                              23.23   28.86   -5.63 (VIOLATED)

_5701_/ZN                              26.70   31.36   -4.66 (VIOLATED)

_5810_/ZN                              26.05   30.61   -4.56 (VIOLATED)

_5880_/ZN                              25.33   29.18   -3.85 (VIOLATED)

_7968_/QN                              60.27   63.46   -3.19 (VIOLATED)

