Startpoint: _7968_ (rising edge-triggered flip-flop clocked by clk)
Endpoint: _7640_ (rising edge-triggered flip-flop clocked by clk)
Path Group: clk
Path Type: max

Fanout     Cap    Slew   Delay    Time   Description
-----------------------------------------------------------------------------
                  0.00    0.00    0.00   clock clk (rise edge)
                          0.00    0.00   clock network delay (ideal)
                  0.00    0.00    0.00 ^ _7968_/CK (DFFR_X1)
   250  471.82    1.08    1.32    1.32 ^ _7968_/Q (DFFR_X1)
                  1.08    0.00    1.32 ^ _5746_/A1 (AND3_X1)
     3    4.21    0.05    0.19    1.51 ^ _5746_/ZN (AND3_X1)
                  0.05    0.00    1.51 ^ _5747_/A2 (AND2_X1)
     3    4.26    0.01    0.05    1.56 ^ _5747_/ZN (AND2_X1)
                  0.01    0.00    1.56 ^ _5748_/A2 (AND2_X1)
     5    7.55    0.02    0.05    1.61 ^ _5748_/ZN (AND2_X1)
                  0.02    0.00    1.61 ^ _5749_/A3 (AND3_X1)
     3    4.21    0.02    0.06    1.67 ^ _5749_/ZN (AND3_X1)
                  0.02    0.00    1.67 ^ _5750_/A2 (AND2_X1)
     3    4.26    0.01    0.04    1.71 ^ _5750_/ZN (AND2_X1)
                  0.01    0.00    1.71 ^ _5751_/A2 (AND2_X1)
     3    4.26    0.01    0.04    1.76 ^ _5751_/ZN (AND2_X1)
                  0.01    0.00    1.76 ^ _5752_/A2 (AND2_X1)
     5    7.55    0.02    0.05    1.81 ^ _5752_/ZN (AND2_X1)
                  0.02    0.00    1.81 ^ _6347_/A3 (AND3_X1)
     6    9.22    0.03    0.07    1.88 ^ _6347_/ZN (AND3_X1)
                  0.03    0.00    1.88 ^ _6348_/A2 (NOR2_X1)
     1    1.56    0.02    0.01    1.90 v _6348_/ZN (NOR2_X1)
                  0.02    0.00    1.90 v _6349_/A2 (NOR2_X1)
     2    2.55    0.02    0.04    1.93 ^ _6349_/ZN (NOR2_X1)
                  0.02    0.00    1.93 ^ _6350_/A2 (AND2_X1)
     3    4.26    0.01    0.04    1.98 ^ _6350_/ZN (AND2_X1)
                  0.01    0.00    1.98 ^ _6351_/A2 (AND2_X1)
     3    4.26    0.01    0.04    2.02 ^ _6351_/ZN (AND2_X1)
                  0.01    0.00    2.02 ^ _6352_/A2 (AND2_X1)
     3    4.26    0.01    0.04    2.07 ^ _6352_/ZN (AND2_X1)
                  0.01    0.00    2.07 ^ _6353_/A2 (AND2_X1)
     4    6.58    0.02    0.05    2.11 ^ _6353_/ZN (AND2_X1)
                  0.02    0.00    2.11 ^ _6354_/B1 (AOI21_X1)
     1    1.47    0.01    0.02    2.13 v _6354_/ZN (AOI21_X1)
                  0.01    0.00    2.13 v _6358_/B (AOI211_X1)
     1    1.13    0.03    0.06    2.20 ^ _6358_/ZN (AOI211_X1)
                  0.03    0.00    2.20 ^ _7640_/D (DFFR_X1)
                                  2.20   data arrival time

                  0.00    2.50    2.50   clock clk (rise edge)
                          0.00    2.50   clock network delay (ideal)
                         -0.15    2.35   clock uncertainty
                          0.00    2.35   clock reconvergence pessimism
                                  2.35 ^ _7640_/CK (DFFR_X1)
                         -0.04    2.31   library setup time
                                  2.31   data required time
-----------------------------------------------------------------------------
                                  2.31   data required time
                                 -2.20   data arrival time
-----------------------------------------------------------------------------
                                  0.11   slack (MET)


