max slew

Pin                                    Limit    Slew   Slack
------------------------------------------------------------
_7968_/Q                                0.20    1.08   -0.88 (VIOLATED)
_7958_/Q                                0.20    0.68   -0.48 (VIOLATED)
_7959_/Q                                0.20    0.66   -0.46 (VIOLATED)
_7953_/Q                                0.20    0.64   -0.44 (VIOLATED)
_7955_/Q                                0.20    0.63   -0.44 (VIOLATED)
_7954_/Q                                0.20    0.62   -0.42 (VIOLATED)
_7952_/Q                                0.20    0.61   -0.41 (VIOLATED)
_7951_/Q                                0.20    0.60   -0.40 (VIOLATED)
_5650_/ZN                               0.20    0.60   -0.40 (VIOLATED)
_7950_/Q                                0.20    0.59   -0.39 (VIOLATED)
_7949_/Q                                0.20    0.58   -0.38 (VIOLATED)
_7957_/Q                                0.20    0.57   -0.38 (VIOLATED)
_5653_/ZN                               0.20    0.40   -0.20 (VIOLATED)
_7956_/Q                                0.20    0.30   -0.10 (VIOLATED)
_5401_/ZN                               0.20    0.28   -0.09 (VIOLATED)
_5652_/ZN                               0.20    0.25   -0.06 (VIOLATED)
_7967_/Q                                0.20    0.23   -0.03 (VIOLATED)
_5651_/ZN                               0.20    0.21   -0.01 (VIOLATED)
_7986_/Q                                0.20    0.20   -0.00 (VIOLATED)

