max slew

Pin                                    Limit    Slew   Slack
------------------------------------------------------------
_7968_/Q                                0.20    1.08   -0.88 (VIOLATED)
_5650_/ZN                               0.20    0.60   -0.40 (VIOLATED)
_7951_/Q                                0.20    0.57   -0.37 (VIOLATED)
_7952_/Q                                0.20    0.56   -0.36 (VIOLATED)
_7949_/Q                                0.20    0.53   -0.33 (VIOLATED)
_5653_/ZN                               0.20    0.40   -0.20 (VIOLATED)
_7958_/Q                                0.20    0.32   -0.12 (VIOLATED)
_7959_/Q                                0.20    0.30   -0.10 (VIOLATED)
_5652_/ZN                               0.20    0.25   -0.06 (VIOLATED)
_7963_/Q                                0.20    0.24   -0.04 (VIOLATED)
_7961_/Q                                0.20    0.24   -0.04 (VIOLATED)
_7965_/Q                                0.20    0.23   -0.03 (VIOLATED)
_7966_/Q                                0.20    0.23   -0.03 (VIOLATED)
_7964_/Q                                0.20    0.22   -0.03 (VIOLATED)
_7967_/Q                                0.20    0.22   -0.02 (VIOLATED)
_7962_/Q                                0.20    0.22   -0.02 (VIOLATED)
_5651_/ZN                               0.20    0.21   -0.01 (VIOLATED)
_7986_/Q                                0.20    0.20   -0.00 (VIOLATED)

