max capacitance

Pin                                    Limit     Cap   Slack
------------------------------------------------------------
_1311_/Q                               60.58  438.68 -378.11 (VIOLATED)

_1312_/Q                               60.58  431.48 -370.90 (VIOLATED)

_1310_/Q                               60.58  372.79 -312.21 (VIOLATED)

_1265_/Q                               60.58  209.33 -148.75 (VIOLATED)

_1267_/Q                               60.58  208.47 -147.89 (VIOLATED)

_1266_/Q                               60.58  203.04 -142.46 (VIOLATED)

_1264_/Q                               60.58  199.90 -139.32 (VIOLATED)

_1262_/Q                               60.58  196.84 -136.26 (VIOLATED)

_1263_/Q                               60.58  196.80 -136.22 (VIOLATED)

_1261_/Q                               60.58  191.31 -130.73 (VIOLATED)

_1320_/Q                               60.58  151.18  -90.60 (VIOLATED)

_1360_/QN                              59.97  146.30  -86.33 (VIOLATED)

_0942_/ZN                              60.69  107.42  -46.73 (VIOLATED)

_1268_/Q                               60.58   97.83  -37.25 (VIOLATED)

_1214_/Q                               60.58   76.51  -15.93 (VIOLATED)

_1224_/Q                               60.58   76.51  -15.93 (VIOLATED)

_1256_/Q                               60.58   76.51  -15.93 (VIOLATED)

_1277_/Q                               60.58   76.51  -15.93 (VIOLATED)

_1287_/Q                               60.58   76.51  -15.93 (VIOLATED)

_1308_/Q                               60.58   76.51  -15.93 (VIOLATED)

_1210_/Q                               60.58   75.46  -14.88 (VIOLATED)

_1220_/Q                               60.58   75.46  -14.88 (VIOLATED)

_1252_/Q                               60.58   75.46  -14.88 (VIOLATED)

_1273_/Q                               60.58   75.46  -14.88 (VIOLATED)

_1283_/Q                               60.58   75.46  -14.88 (VIOLATED)

_1304_/Q                               60.58   75.46  -14.88 (VIOLATED)

_1206_/Q                               60.58   74.41  -13.83 (VIOLATED)

_1216_/Q                               60.58   74.41  -13.83 (VIOLATED)

_1248_/Q                               60.58   74.41  -13.83 (VIOLATED)

_1269_/Q                               60.58   74.41  -13.83 (VIOLATED)

_1279_/Q                               60.58   74.41  -13.83 (VIOLATED)

_1300_/Q                               60.58   74.41  -13.83 (VIOLATED)

_1207_/Q                               60.58   71.27  -10.69 (VIOLATED)

_1217_/Q                               60.58   71.27  -10.69 (VIOLATED)

_1249_/Q                               60.58   71.27  -10.69 (VIOLATED)

_1270_/Q                               60.58   71.27  -10.69 (VIOLATED)

_1280_/Q                               60.58   71.27  -10.69 (VIOLATED)

_1301_/Q                               60.58   71.27  -10.69 (VIOLATED)

_1208_/Q                               60.58   68.12   -7.55 (VIOLATED)

_1218_/Q                               60.58   68.12   -7.55 (VIOLATED)

_1250_/Q                               60.58   68.12   -7.55 (VIOLATED)

_1271_/Q                               60.58   68.12   -7.55 (VIOLATED)

_1281_/Q                               60.58   68.12   -7.55 (VIOLATED)

_1302_/Q                               60.58   68.12   -7.55 (VIOLATED)

_1209_/Q                               60.58   67.08   -6.50 (VIOLATED)

_1219_/Q                               60.58   67.08   -6.50 (VIOLATED)

_1251_/Q                               60.58   67.08   -6.50 (VIOLATED)

_1272_/Q                               60.58   67.08   -6.50 (VIOLATED)

_1282_/Q                               60.58   67.08   -6.50 (VIOLATED)

_1303_/Q                               60.58   67.08   -6.50 (VIOLATED)

_1211_/Q                               60.58   66.03   -5.45 (VIOLATED)

_1221_/Q                               60.58   66.03   -5.45 (VIOLATED)

_1253_/Q                               60.58   66.03   -5.45 (VIOLATED)

_1274_/Q                               60.58   66.03   -5.45 (VIOLATED)

_1284_/Q                               60.58   66.03   -5.45 (VIOLATED)

_1305_/Q                               60.58   66.03   -5.45 (VIOLATED)

_1212_/Q                               60.58   64.98   -4.40 (VIOLATED)

_1222_/Q                               60.58   64.98   -4.40 (VIOLATED)

_1254_/Q                               60.58   64.98   -4.40 (VIOLATED)

_1275_/Q                               60.58   64.98   -4.40 (VIOLATED)

_1285_/Q                               60.58   64.98   -4.40 (VIOLATED)

_1306_/Q                               60.58   64.98   -4.40 (VIOLATED)

_1213_/Q                               60.58   63.93   -3.35 (VIOLATED)

_1223_/Q                               60.58   63.93   -3.35 (VIOLATED)

_1255_/Q                               60.58   63.93   -3.35 (VIOLATED)

_1276_/Q                               60.58   63.93   -3.35 (VIOLATED)

_1286_/Q                               60.58   63.93   -3.35 (VIOLATED)

_1307_/Q                               60.58   63.93   -3.35 (VIOLATED)

_1215_/Q                               60.58   62.88   -2.31 (VIOLATED)

_1225_/Q                               60.58   62.88   -2.31 (VIOLATED)

_1257_/Q                               60.58   62.88   -2.31 (VIOLATED)

_1278_/Q                               60.58   62.88   -2.31 (VIOLATED)

_1288_/Q                               60.58   62.88   -2.31 (VIOLATED)

_1309_/Q                               60.58   62.88   -2.31 (VIOLATED)

