max capacitance

Pin                                    Limit     Cap   Slack
------------------------------------------------------------
_1311_/Q                               60.58  199.98 -139.40 (VIOLATED)

_1312_/Q                               60.58  195.57 -134.99 (VIOLATED)

_1263_/Q                               60.58  187.41 -126.83 (VIOLATED)

_1264_/Q                               60.58  184.58 -124.01 (VIOLATED)

_1261_/Q                               60.58  173.86 -113.28 (VIOLATED)

_1314_/Q                               60.58  158.51  -97.94 (VIOLATED)

_1316_/Q                               60.58  152.79  -92.21 (VIOLATED)

_1318_/Q                               60.58  149.39  -88.82 (VIOLATED)

_1319_/Q                               60.58  148.84  -88.26 (VIOLATED)

_1317_/Q                               60.58  145.35  -84.77 (VIOLATED)

_1320_/Q                               60.58  142.35  -81.77 (VIOLATED)

_1315_/Q                               60.58  139.60  -79.03 (VIOLATED)

_1360_/QN                              59.97  101.32  -41.35 (VIOLATED)

_0942_/ZN                              60.69   69.82   -9.13 (VIOLATED)

