Startpoint: _1312_ (rising edge-triggered flip-flop clocked by clk)
Endpoint: _1297_ (rising edge-triggered flip-flop clocked by clk)
Path Group: clk
Path Type: max

Fanout     Cap    Slew   Delay    Time   Description
-----------------------------------------------------------------------------
                  0.00    0.00    0.00   clock clk (rise edge)
                          0.00    0.00   clock network delay (ideal)
                  0.00    0.00    0.00 ^ _1312_/CK (DFFR_X1)
     8  195.57    1.59    2.11    2.11 ^ _1312_/Q (DFFR_X1)
                  1.59    0.00    2.11 ^ _1052_/A3 (NAND3_X1)
     2    2.91    0.31    0.26    2.37 v _1052_/ZN (NAND3_X1)
                  0.31    0.00    2.37 v _1055_/A2 (NOR4_X1)
     3    4.75    0.29    0.56    2.93 ^ _1055_/ZN (NOR4_X1)
                  0.29    0.00    2.93 ^ _1096_/A4 (NAND4_X1)
     4    5.20    0.25    0.20    3.13 v _1096_/ZN (NAND4_X1)
                  0.25    0.00    3.13 v _1104_/C1 (AOI211_X1)
     3    4.20    0.21    0.37    3.49 ^ _1104_/ZN (AOI211_X1)
                  0.21    0.00    3.49 ^ _1105_/A2 (AND2_X1)
     3    4.20    0.05    0.19    3.69 ^ _1105_/ZN (AND2_X1)
                  0.05    0.00    3.69 ^ _1106_/A2 (AND2_X1)
     4    6.46    0.06    0.16    3.84 ^ _1106_/ZN (AND2_X1)
                  0.06    0.00    3.84 ^ _1114_/B1 (OAI21_X1)
     1    1.47    0.04    0.05    3.90 v _1114_/ZN (OAI21_X1)
                  0.04    0.00    3.90 v _1115_/A (AOI21_X1)
     1    1.09    0.07    0.15    4.05 ^ _1115_/ZN (AOI21_X1)
                  0.07    0.00    4.05 ^ _1297_/D (DFFR_X1)
                                  4.05   data arrival time

                  0.00    3.00    3.00   clock clk (rise edge)
                          0.00    3.00   clock network delay (ideal)
                         -0.15    2.85   clock uncertainty
                          0.00    2.85   clock reconvergence pessimism
                                  2.85 ^ _1297_/CK (DFFR_X1)
                         -0.10    2.75   library setup time
                                  2.75   data required time
-----------------------------------------------------------------------------
                                  2.75   data required time
                                 -4.05   data arrival time
-----------------------------------------------------------------------------
                                 -1.30   slack (VIOLATED)


