max slew

Pin                                    Limit    Slew   Slack
------------------------------------------------------------
_1311_/Q                                0.50    3.55   -3.05 (VIOLATED)
_1312_/Q                                0.50    3.50   -3.00 (VIOLATED)
_1310_/Q                                0.50    3.02   -2.52 (VIOLATED)
_1265_/Q                                0.50    1.70   -1.20 (VIOLATED)
_1267_/Q                                0.50    1.69   -1.19 (VIOLATED)
_1266_/Q                                0.50    1.65   -1.15 (VIOLATED)
_1264_/Q                                0.50    1.63   -1.13 (VIOLATED)
_1262_/Q                                0.50    1.60   -1.10 (VIOLATED)
_1263_/Q                                0.50    1.60   -1.10 (VIOLATED)
_1261_/Q                                0.50    1.56   -1.06 (VIOLATED)
_1320_/Q                                0.50    1.23   -0.73 (VIOLATED)
_1360_/QN                               0.50    1.19   -0.69 (VIOLATED)
_0942_/ZN                               0.50    0.88   -0.38 (VIOLATED)
_1268_/Q                                0.50    0.80   -0.30 (VIOLATED)
_1052_/ZN                               0.50    0.63   -0.13 (VIOLATED)
_1214_/Q                                0.50    0.63   -0.13 (VIOLATED)
_1224_/Q                                0.50    0.63   -0.13 (VIOLATED)
_1256_/Q                                0.50    0.63   -0.13 (VIOLATED)
_1277_/Q                                0.50    0.63   -0.13 (VIOLATED)
_1287_/Q                                0.50    0.63   -0.13 (VIOLATED)
_1308_/Q                                0.50    0.63   -0.13 (VIOLATED)
_1210_/Q                                0.50    0.62   -0.12 (VIOLATED)
_1220_/Q                                0.50    0.62   -0.12 (VIOLATED)
_1252_/Q                                0.50    0.62   -0.12 (VIOLATED)
_1273_/Q                                0.50    0.62   -0.12 (VIOLATED)
_1283_/Q                                0.50    0.62   -0.12 (VIOLATED)
_1304_/Q                                0.50    0.62   -0.12 (VIOLATED)
_1206_/Q                                0.50    0.61   -0.11 (VIOLATED)
_1216_/Q                                0.50    0.61   -0.11 (VIOLATED)
_1248_/Q                                0.50    0.61   -0.11 (VIOLATED)
_1269_/Q                                0.50    0.61   -0.11 (VIOLATED)
_1279_/Q                                0.50    0.61   -0.11 (VIOLATED)
_1300_/Q                                0.50    0.61   -0.11 (VIOLATED)
_1082_/ZN                               0.50    0.60   -0.10 (VIOLATED)
_1207_/Q                                0.50    0.59   -0.09 (VIOLATED)
_1217_/Q                                0.50    0.59   -0.09 (VIOLATED)
_1249_/Q                                0.50    0.59   -0.09 (VIOLATED)
_1270_/Q                                0.50    0.59   -0.09 (VIOLATED)
_1280_/Q                                0.50    0.59   -0.09 (VIOLATED)
_1301_/Q                                0.50    0.59   -0.09 (VIOLATED)
_1208_/Q                                0.50    0.56   -0.06 (VIOLATED)
_1218_/Q                                0.50    0.56   -0.06 (VIOLATED)
_1250_/Q                                0.50    0.56   -0.06 (VIOLATED)
_1271_/Q                                0.50    0.56   -0.06 (VIOLATED)
_1281_/Q                                0.50    0.56   -0.06 (VIOLATED)
_1302_/Q                                0.50    0.56   -0.06 (VIOLATED)
_1209_/Q                                0.50    0.55   -0.05 (VIOLATED)
_1219_/Q                                0.50    0.55   -0.05 (VIOLATED)
_1251_/Q                                0.50    0.55   -0.05 (VIOLATED)
_1272_/Q                                0.50    0.55   -0.05 (VIOLATED)
_1282_/Q                                0.50    0.55   -0.05 (VIOLATED)
_1303_/Q                                0.50    0.55   -0.05 (VIOLATED)
_1211_/Q                                0.50    0.54   -0.04 (VIOLATED)
_1221_/Q                                0.50    0.54   -0.04 (VIOLATED)
_1253_/Q                                0.50    0.54   -0.04 (VIOLATED)
_1274_/Q                                0.50    0.54   -0.04 (VIOLATED)
_1284_/Q                                0.50    0.54   -0.04 (VIOLATED)
_1305_/Q                                0.50    0.54   -0.04 (VIOLATED)
_1080_/ZN                               0.50    0.54   -0.04 (VIOLATED)
_1212_/Q                                0.50    0.54   -0.04 (VIOLATED)
_1222_/Q                                0.50    0.54   -0.04 (VIOLATED)
_1254_/Q                                0.50    0.54   -0.04 (VIOLATED)
_1275_/Q                                0.50    0.54   -0.04 (VIOLATED)
_1285_/Q                                0.50    0.54   -0.04 (VIOLATED)
_1306_/Q                                0.50    0.54   -0.04 (VIOLATED)
_1213_/Q                                0.50    0.53   -0.03 (VIOLATED)
_1223_/Q                                0.50    0.53   -0.03 (VIOLATED)
_1255_/Q                                0.50    0.53   -0.03 (VIOLATED)
_1276_/Q                                0.50    0.53   -0.03 (VIOLATED)
_1286_/Q                                0.50    0.53   -0.03 (VIOLATED)
_1307_/Q                                0.50    0.53   -0.03 (VIOLATED)
_1215_/Q                                0.50    0.52   -0.02 (VIOLATED)
_1225_/Q                                0.50    0.52   -0.02 (VIOLATED)
_1257_/Q                                0.50    0.52   -0.02 (VIOLATED)
_1278_/Q                                0.50    0.52   -0.02 (VIOLATED)
_1288_/Q                                0.50    0.52   -0.02 (VIOLATED)
_1309_/Q                                0.50    0.52   -0.02 (VIOLATED)
_1258_/Q                                0.50    0.51   -0.01 (VIOLATED)

