max capacitance

Pin                                    Limit     Cap   Slack
------------------------------------------------------------
_19439_/Q                              60.58  249.37 -188.80 (VIOLATED)

_13161_/ZN                             60.69  212.38 -151.69 (VIOLATED)

_13290_/ZN                             59.35  170.42 -111.07 (VIOLATED)

_19440_/Q                              60.58   80.49  -19.91 (VIOLATED)

_19081_/Q                              60.58   72.49  -11.91 (VIOLATED)

_19061_/Q                              60.58   71.92  -11.35 (VIOLATED)

_19079_/Q                              60.58   67.38   -6.80 (VIOLATED)

_19071_/Q                              60.58   67.31   -6.73 (VIOLATED)

_19069_/Q                              60.58   65.25   -4.67 (VIOLATED)

_19089_/Q                              60.58   64.76   -4.19 (VIOLATED)

_19072_/Q                              60.58   62.92   -2.34 (VIOLATED)

_19084_/Q                              60.58   61.58   -1.00 (VIOLATED)

