Startpoint: _19439_ (rising edge-triggered flip-flop clocked by clk)
Endpoint: _19269_ (rising edge-triggered flip-flop clocked by clk)
Path Group: clk
Path Type: max

Fanout     Cap    Slew   Delay    Time   Description
-----------------------------------------------------------------------------
                  0.00    0.00    0.00   clock clk (rise edge)
                          0.00    0.00   clock network delay (ideal)
                  0.00    0.00    0.00 ^ _19439_/CK (DFFR_X1)
   144  249.37    2.02    2.59    2.59 ^ _19439_/Q (DFFR_X1)
                  2.02    0.00    2.59 ^ _13161_/A (INV_X1)
   138  194.72    1.02    2.95    5.54 v _13161_/ZN (INV_X1)
                  1.02    0.00    5.54 v _16731_/A1 (OR2_X1)
     2    2.87    0.07    0.67    6.21 v _16731_/ZN (OR2_X1)
                  0.07    0.00    6.21 v _16732_/B2 (OAI22_X1)
     1    1.09    0.13    0.19    6.39 ^ _16732_/ZN (OAI22_X1)
                  0.13    0.00    6.39 ^ _19269_/D (DFFR_X1)
                                  6.39   data arrival time

                  0.00    3.00    3.00   clock clk (rise edge)
                          0.00    3.00   clock network delay (ideal)
                         -0.15    2.85   clock uncertainty
                          0.00    2.85   clock reconvergence pessimism
                                  2.85 ^ _19269_/CK (DFFR_X1)
                         -0.12    2.73   library setup time
                                  2.73   data required time
-----------------------------------------------------------------------------
                                  2.73   data required time
                                 -6.39   data arrival time
-----------------------------------------------------------------------------
                                 -3.66   slack (VIOLATED)


