max slew

Pin                                    Limit    Slew   Slack
------------------------------------------------------------
_19439_/Q                               0.50    2.02   -1.52 (VIOLATED)
_13161_/ZN                              0.50    1.59   -1.09 (VIOLATED)
_13290_/ZN                              0.50    1.40   -0.90 (VIOLATED)
_19440_/Q                               0.50    0.66   -0.16 (VIOLATED)
_19081_/Q                               0.50    0.60   -0.10 (VIOLATED)
_19061_/Q                               0.50    0.59   -0.09 (VIOLATED)
_19079_/Q                               0.50    0.55   -0.05 (VIOLATED)
_19071_/Q                               0.50    0.55   -0.05 (VIOLATED)
_19069_/Q                               0.50    0.54   -0.04 (VIOLATED)
_19089_/Q                               0.50    0.53   -0.03 (VIOLATED)
_19072_/Q                               0.50    0.52   -0.02 (VIOLATED)
_19084_/Q                               0.50    0.51   -0.01 (VIOLATED)
_19064_/Q                               0.50    0.50   -0.00 (VIOLATED)
_19074_/Q                               0.50    0.50   -0.00 (VIOLATED)

