Startpoint: addr0[0] (input port clocked by clk1)
Endpoint: sram (rising edge-triggered flip-flop clocked by clk0)
Path Group: clk0
Path Type: max

Fanout     Cap    Slew   Delay    Time   Description
-----------------------------------------------------------------------------
                  0.00    0.00    0.00   clock clk1 (rise edge)
                          0.00    0.00   clock network delay (ideal)
                          0.80    0.80 ^ input external delay
     1    0.21    0.00    0.00    0.80 ^ addr0[0] (in)
                  0.00    0.00    0.80 ^ sram/addr0[0] (sram_10x1024)
                                  0.80   data arrival time

                  0.00    3.00    3.00   clock clk0 (rise edge)
                          0.00    3.00   clock network delay (ideal)
                         -0.15    2.85   clock uncertainty
                          0.00    2.85   clock reconvergence pessimism
                                  2.85 ^ sram/clk0 (sram_10x1024)
                         -0.01    2.84   library setup time
                                  2.84   data required time
-----------------------------------------------------------------------------
                                  2.84   data required time
                                 -0.80   data arrival time
-----------------------------------------------------------------------------
                                  2.04   slack (MET)


Startpoint: sram (falling edge-triggered flip-flop clocked by clk1)
Endpoint: dout1[0] (output port clocked by clk1)
Path Group: clk1
Path Type: max

Fanout     Cap    Slew   Delay    Time   Description
-----------------------------------------------------------------------------
                  0.00    1.50    1.50   clock clk1 (fall edge)
                          0.00    1.50   clock network delay (ideal)
                  0.00    0.00    1.50 v sram/clk1 (sram_10x1024)
     1    0.00    0.00    0.14    1.64 ^ sram/dout1[0] (sram_10x1024)
                  0.00    0.00    1.64 ^ dout1[0] (out)
                                  1.64   data arrival time

                  0.00    3.00    3.00   clock clk1 (rise edge)
                          0.00    3.00   clock network delay (ideal)
                         -0.15    2.85   clock uncertainty
                          0.00    2.85   clock reconvergence pessimism
                         -0.80    2.05   output external delay
                                  2.05   data required time
-----------------------------------------------------------------------------
                                  2.05   data required time
                                 -1.64   data arrival time
-----------------------------------------------------------------------------
                                  0.41   slack (MET)


