max capacitance

Pin                                    Limit     Cap   Slack
------------------------------------------------------------
_7968_/Q                               60.58  472.55 -411.97 (VIOLATED)

_7958_/Q                               60.58  296.45 -235.87 (VIOLATED)

_7959_/Q                               60.58  288.15 -227.57 (VIOLATED)

_7953_/Q                               60.58  280.23 -219.65 (VIOLATED)

_7955_/Q                               60.58  276.76 -216.18 (VIOLATED)

_7954_/Q                               60.58  270.06 -209.49 (VIOLATED)

_7952_/Q                               60.58  265.86 -205.28 (VIOLATED)

_5650_/ZN                              60.58  264.36 -203.78 (VIOLATED)

_7951_/Q                               60.58  261.67 -201.09 (VIOLATED)

_7950_/Q                               60.58  257.48 -196.90 (VIOLATED)

_7949_/Q                               60.58  253.28 -192.71 (VIOLATED)

_7957_/Q                               60.58  250.26 -189.68 (VIOLATED)

_5653_/ZN                              59.36  174.65 -115.30 (VIOLATED)

_7956_/Q                               60.58  130.83  -70.26 (VIOLATED)

_5401_/ZN                              60.73  123.36  -62.63 (VIOLATED)

_5652_/ZN                              60.58  112.21  -51.63 (VIOLATED)

_7967_/Q                               60.58   99.55  -38.97 (VIOLATED)

_5651_/ZN                              59.36   91.13  -31.78 (VIOLATED)

_7986_/Q                               60.58   88.29  -27.72 (VIOLATED)

_7946_/Q                               60.58   81.53  -20.95 (VIOLATED)

_7944_/Q                               60.58   77.52  -16.94 (VIOLATED)

_7940_/Q                               60.58   76.47  -15.89 (VIOLATED)

_7936_/Q                               60.58   75.42  -14.85 (VIOLATED)

_7968_/QN                              60.27   73.31  -13.04 (VIOLATED)

_7948_/Q                               60.58   73.02  -12.44 (VIOLATED)

_7947_/Q                               60.58   72.65  -12.07 (VIOLATED)

_7937_/Q                               60.58   72.28  -11.70 (VIOLATED)

_7938_/Q                               60.58   69.14   -8.56 (VIOLATED)

_7939_/Q                               60.58   68.09   -7.51 (VIOLATED)

_7941_/Q                               60.58   67.04   -6.46 (VIOLATED)

_5792_/ZN                              23.23   29.18   -5.94 (VIOLATED)

_7942_/Q                               60.58   65.99   -5.41 (VIOLATED)

_5701_/ZN                              26.70   32.03   -5.33 (VIOLATED)

_5810_/ZN                              26.05   30.90   -4.85 (VIOLATED)

_7943_/Q                               60.58   64.94   -4.37 (VIOLATED)

_5880_/ZN                              25.33   29.64   -4.31 (VIOLATED)

_7945_/Q                               60.58   63.89   -3.32 (VIOLATED)

