max capacitance

Pin                                    Limit     Cap   Slack
------------------------------------------------------------
_7968_/Q                               60.58  472.55 -411.97 (VIOLATED)

_5650_/ZN                              60.58  264.36 -203.78 (VIOLATED)

_7951_/Q                               60.58  249.15 -188.57 (VIOLATED)

_7952_/Q                               60.58  245.45 -184.87 (VIOLATED)

_7949_/Q                               60.58  230.01 -169.43 (VIOLATED)

_5653_/ZN                              59.36  174.65 -115.30 (VIOLATED)

_7958_/Q                               60.58  137.31  -76.74 (VIOLATED)

_7959_/Q                               60.58  130.87  -70.30 (VIOLATED)

_5652_/ZN                              60.58  112.21  -51.63 (VIOLATED)

_7963_/Q                               60.58  104.89  -44.31 (VIOLATED)

_7961_/Q                               60.58  103.42  -42.84 (VIOLATED)

_7965_/Q                               60.58   99.43  -38.85 (VIOLATED)

_7966_/Q                               60.58   97.71  -37.13 (VIOLATED)

_7964_/Q                               60.58   97.07  -36.49 (VIOLATED)

_7967_/Q                               60.58   93.66  -33.08 (VIOLATED)

_7962_/Q                               60.58   92.94  -32.36 (VIOLATED)

_5651_/ZN                              59.36   91.13  -31.78 (VIOLATED)

_7986_/Q                               60.58   88.29  -27.72 (VIOLATED)

_7956_/Q                               60.58   81.37  -20.79 (VIOLATED)

_5401_/ZN                              60.73   73.23  -12.50 (VIOLATED)

_5792_/ZN                              23.23   29.18   -5.94 (VIOLATED)

_5701_/ZN                              26.70   32.03   -5.33 (VIOLATED)

_5810_/ZN                              26.05   30.90   -4.85 (VIOLATED)

_5880_/ZN                              25.33   29.64   -4.31 (VIOLATED)

_7968_/QN                              60.27   63.46   -3.19 (VIOLATED)

