Startpoint: _7965_ (rising edge-triggered flip-flop clocked by clk)
Endpoint: sram0 (rising edge-triggered flip-flop clocked by clk)
Path Group: clk
Path Type: min

Fanout     Cap    Slew   Delay    Time   Description
-----------------------------------------------------------------------------
                  0.00    0.00    0.00   clock clk (rise edge)
                          0.00    0.00   clock network delay (ideal)
                  0.00    0.00    0.00 ^ _7965_/CK (DFFR_X1)
     6   12.77    0.01    0.06    0.06 v _7965_/Q (DFFR_X1)
                  0.01    0.00    0.06 v sram0/addr0[8] (SRAM10x2048)
                                  0.06   data arrival time

                  0.00    0.00    0.00   clock clk (rise edge)
                          0.00    0.00   clock network delay (ideal)
                          0.05    0.05   clock uncertainty
                          0.00    0.05   clock reconvergence pessimism
                                  0.05 ^ sram0/clk0 (SRAM10x2048)
                          0.07    0.12   library hold time
                                  0.12   data required time
-----------------------------------------------------------------------------
                                  0.12   data required time
                                 -0.06   data arrival time
-----------------------------------------------------------------------------
                                 -0.06   slack (VIOLATED)


