max slew

Pin                                    Limit    Slew   Slack
------------------------------------------------------------
_7968_/Q                                0.15    0.60   -0.45 (VIOLATED)
_7958_/Q                                0.15    0.38   -0.23 (VIOLATED)
_7959_/Q                                0.15    0.37   -0.22 (VIOLATED)
_7953_/Q                                0.15    0.36   -0.21 (VIOLATED)
_7955_/Q                                0.15    0.35   -0.21 (VIOLATED)
_7954_/Q                                0.15    0.34   -0.20 (VIOLATED)
_7952_/Q                                0.15    0.34   -0.19 (VIOLATED)
_5650_/ZN                               0.15    0.34   -0.19 (VIOLATED)
_7951_/Q                                0.15    0.33   -0.19 (VIOLATED)
_7950_/Q                                0.15    0.33   -0.18 (VIOLATED)
_7949_/Q                                0.15    0.32   -0.18 (VIOLATED)
_7957_/Q                                0.15    0.32   -0.17 (VIOLATED)
_5653_/ZN                               0.15    0.23   -0.08 (VIOLATED)
_7956_/Q                                0.15    0.17   -0.02 (VIOLATED)
_5401_/ZN                               0.15    0.16   -0.01 (VIOLATED)

