max capacitance

Pin                                    Limit     Cap   Slack
------------------------------------------------------------
_8670_/Q                               60.58  396.94 -336.36 (VIOLATED)

_8653_/Q                               60.58  249.12 -188.54 (VIOLATED)

_8654_/Q                               60.58  248.55 -187.97 (VIOLATED)

_8651_/Q                               60.58  229.98 -169.40 (VIOLATED)

_8339_/Q                               60.73  150.48  -89.75 (VIOLATED)

_8660_/Q                               60.58  137.22  -76.64 (VIOLATED)

_8661_/Q                               60.58  130.85  -70.28 (VIOLATED)

_8663_/Q                               60.58  103.39  -42.81 (VIOLATED)

_8665_/Q                               60.58  101.72  -41.14 (VIOLATED)

_8668_/Q                               60.58  100.02  -39.44 (VIOLATED)

_8667_/Q                               60.58   99.35  -38.77 (VIOLATED)

_8666_/Q                               60.58   96.97  -36.39 (VIOLATED)

_8341_/Q                               60.73   95.72  -34.99 (VIOLATED)

_8669_/Q                               60.58   95.04  -34.46 (VIOLATED)

_8340_/Q                               60.73   93.88  -33.15 (VIOLATED)

_8664_/Q                               60.58   92.91  -32.33 (VIOLATED)

_6341_/ZN                              26.70   54.86  -28.16 (VIOLATED)

_8658_/Q                               60.58   79.91  -19.33 (VIOLATED)

_5866_/ZN                              60.73   74.15  -13.42 (VIOLATED)

_6333_/ZN                              16.02   21.84   -5.82 (VIOLATED)

_8670_/QN                              60.27   63.46   -3.19 (VIOLATED)

_6517_/ZN                              56.00   59.00   -3.00 (VIOLATED)

