max capacitance

Pin                                    Limit     Cap   Slack
------------------------------------------------------------
_8670_/Q                               60.58  396.94 -336.36 (VIOLATED)

_8660_/Q                               60.58  296.36 -235.78 (VIOLATED)

_8661_/Q                               60.58  288.13 -227.55 (VIOLATED)

_8655_/Q                               60.58  280.15 -219.57 (VIOLATED)

_8657_/Q                               60.58  274.31 -213.73 (VIOLATED)

_8656_/Q                               60.58  269.98 -209.41 (VIOLATED)

_8654_/Q                               60.58  268.97 -208.39 (VIOLATED)

_8653_/Q                               60.58  261.64 -201.06 (VIOLATED)

_8652_/Q                               60.58  257.45 -196.87 (VIOLATED)

_8651_/Q                               60.58  253.25 -192.68 (VIOLATED)

_8659_/Q                               60.58  250.26 -189.68 (VIOLATED)

_8339_/Q                               60.73  150.48  -89.75 (VIOLATED)

_8658_/Q                               60.58  129.37  -68.79 (VIOLATED)

_5866_/ZN                              60.73  124.28  -63.55 (VIOLATED)

_8669_/Q                               60.58  100.93  -40.35 (VIOLATED)

_8341_/Q                               60.73   95.72  -34.99 (VIOLATED)

_8340_/Q                               60.73   93.88  -33.15 (VIOLATED)

_6341_/ZN                              26.70   54.86  -28.16 (VIOLATED)

_8648_/Q                               60.58   81.46  -20.88 (VIOLATED)

_8646_/Q                               60.58   77.47  -16.90 (VIOLATED)

_8642_/Q                               60.58   76.43  -15.85 (VIOLATED)

_8638_/Q                               60.58   75.38  -14.80 (VIOLATED)

_8670_/QN                              60.27   73.31  -13.04 (VIOLATED)

_8650_/Q                               60.58   73.00  -12.42 (VIOLATED)

_8649_/Q                               60.58   72.63  -12.05 (VIOLATED)

_8639_/Q                               60.58   72.23  -11.66 (VIOLATED)

_8640_/Q                               60.58   69.09   -8.51 (VIOLATED)

_8641_/Q                               60.58   68.04   -7.46 (VIOLATED)

_8643_/Q                               60.58   66.99   -6.42 (VIOLATED)

_6333_/ZN                              16.02   21.84   -5.82 (VIOLATED)

_8644_/Q                               60.58   65.94   -5.37 (VIOLATED)

_8645_/Q                               60.58   64.90   -4.32 (VIOLATED)

_8647_/Q                               60.58   63.85   -3.27 (VIOLATED)

_6517_/ZN                              56.00   59.00   -3.00 (VIOLATED)

