Startpoint: _8665_ (rising edge-triggered flip-flop clocked by clk)
Endpoint: sram0 (rising edge-triggered flip-flop clocked by clk)
Path Group: clk
Path Type: min

Fanout     Cap    Slew   Delay    Time   Description
-----------------------------------------------------------------------------
                  0.00    0.00    0.00   clock clk (rise edge)
                          0.00    0.00   clock network delay (ideal)
                  0.00    0.00    0.00 ^ _8665_/CK (DFFR_X1)
     6   12.67    0.02    0.09    0.09 v _8665_/Q (DFFR_X1)
                  0.02    0.00    0.09 v sram0/addr0[6] (SRAM10x2048)
                                  0.09   data arrival time

                  0.00    0.00    0.00   clock clk (rise edge)
                          0.00    0.00   clock network delay (ideal)
                          0.05    0.05   clock uncertainty
                          0.00    0.05   clock reconvergence pessimism
                                  0.05 ^ sram0/clk0 (SRAM10x2048)
                          0.07    0.12   library hold time
                                  0.12   data required time
-----------------------------------------------------------------------------
                                  0.12   data required time
                                 -0.09   data arrival time
-----------------------------------------------------------------------------
                                 -0.02   slack (VIOLATED)


