Startpoint: sram1 (falling edge-triggered flip-flop clocked by clk)
Endpoint: _8284_ (rising edge-triggered flip-flop clocked by clk)
Path Group: clk
Path Type: max

Fanout     Cap    Slew   Delay    Time   Description
-----------------------------------------------------------------------------
                  0.00    1.50    1.50   clock clk (fall edge)
                          0.00    1.50   clock network delay (ideal)
                  0.00    0.00    1.50 v sram1/clk1 (SRAM10x2048)
     2   76.53    0.18    0.60    2.10 ^ sram1/dout1[8] (SRAM10x2048)
                  0.18    0.00    2.10 ^ _6000_/B (MUX2_X1)
     1    1.13    0.04    0.06    2.16 ^ _6000_/Z (MUX2_X1)
                  0.04    0.00    2.16 ^ _8284_/D (DFFR_X1)
                                  2.16   data arrival time

                  0.00    3.00    3.00   clock clk (rise edge)
                          0.00    3.00   clock network delay (ideal)
                         -0.15    2.85   clock uncertainty
                          0.00    2.85   clock reconvergence pessimism
                                  2.85 ^ _8284_/CK (DFFR_X1)
                         -0.04    2.81   library setup time
                                  2.81   data required time
-----------------------------------------------------------------------------
                                  2.81   data required time
                                 -2.16   data arrival time
-----------------------------------------------------------------------------
                                  0.65   slack (MET)


