max slew

Pin                                    Limit    Slew   Slack
------------------------------------------------------------
_8670_/Q                                0.20    0.91   -0.71 (VIOLATED)
_8653_/Q                                0.20    0.57   -0.37 (VIOLATED)
_8654_/Q                                0.20    0.57   -0.37 (VIOLATED)
_8651_/Q                                0.20    0.53   -0.33 (VIOLATED)
_8339_/Q                                0.20    0.35   -0.15 (VIOLATED)
_8660_/Q                                0.20    0.32   -0.12 (VIOLATED)
_8661_/Q                                0.20    0.30   -0.10 (VIOLATED)
_6341_/ZN                               0.20    0.26   -0.06 (VIOLATED)
_8663_/Q                                0.20    0.24   -0.04 (VIOLATED)
_8665_/Q                                0.20    0.24   -0.04 (VIOLATED)
_8668_/Q                                0.20    0.23   -0.03 (VIOLATED)
_8667_/Q                                0.20    0.23   -0.03 (VIOLATED)
_8666_/Q                                0.20    0.22   -0.03 (VIOLATED)
_8341_/Q                                0.20    0.22   -0.02 (VIOLATED)
_8669_/Q                                0.20    0.22   -0.02 (VIOLATED)
_8340_/Q                                0.20    0.22   -0.02 (VIOLATED)
_8664_/Q                                0.20    0.22   -0.02 (VIOLATED)

