max slew

Pin                                    Limit    Slew   Slack
------------------------------------------------------------
_8670_/Q                                0.20    0.91   -0.71 (VIOLATED)
_8660_/Q                                0.20    0.68   -0.48 (VIOLATED)
_8661_/Q                                0.20    0.66   -0.46 (VIOLATED)
_8655_/Q                                0.20    0.64   -0.44 (VIOLATED)
_8657_/Q                                0.20    0.63   -0.43 (VIOLATED)
_8656_/Q                                0.20    0.62   -0.42 (VIOLATED)
_8654_/Q                                0.20    0.62   -0.42 (VIOLATED)
_8653_/Q                                0.20    0.60   -0.40 (VIOLATED)
_8652_/Q                                0.20    0.59   -0.39 (VIOLATED)
_8651_/Q                                0.20    0.58   -0.38 (VIOLATED)
_8659_/Q                                0.20    0.57   -0.38 (VIOLATED)
_8339_/Q                                0.20    0.35   -0.15 (VIOLATED)
_8658_/Q                                0.20    0.30   -0.10 (VIOLATED)
_5866_/ZN                               0.20    0.29   -0.09 (VIOLATED)
_6341_/ZN                               0.20    0.26   -0.06 (VIOLATED)
_8669_/Q                                0.20    0.23   -0.03 (VIOLATED)
_8341_/Q                                0.20    0.22   -0.02 (VIOLATED)
_8340_/Q                                0.20    0.22   -0.02 (VIOLATED)

