Startpoint: h_sync (input port clocked by clk)
Endpoint: blc (rising edge-triggered flip-flop clocked by clk)
Path Group: clk
Path Type: min

Fanout     Cap    Slew   Delay    Time   Description
-----------------------------------------------------------------------------
                  0.00    0.00    0.00   clock clk (rise edge)
                          0.00    0.00   clock network delay (ideal)
                          0.15    0.15 v input external delay
     1    8.46    0.00    0.00    0.15 v h_sync (in)
                  0.00    0.00    0.15 v blc/h_sync (BLC)
                                  0.15   data arrival time

                  0.00    0.00    0.00   clock clk (rise edge)
                          0.00    0.00   clock network delay (ideal)
                          0.05    0.05   clock uncertainty
                          0.00    0.05   clock reconvergence pessimism
                                  0.05 ^ blc/clk (BLC)
                          0.08   -0.03   macro clock tree delay
                          0.08    0.05   library hold time
                                  0.05   data required time
-----------------------------------------------------------------------------
                                  0.05   data required time
                                 -0.15   data arrival time
-----------------------------------------------------------------------------
                                  0.10   slack (MET)


