Startpoint: blue_in[4] (input port clocked by clk)
Endpoint: ccm (rising edge-triggered flip-flop clocked by clk)
Path Group: clk
Path Type: min

Fanout     Cap    Slew   Delay    Time   Description
-----------------------------------------------------------------------------
                  0.00    0.00    0.00   clock clk (rise edge)
                          0.00    0.00   clock network delay (ideal)
                          0.15    0.15 v input external delay
     1    1.75    0.00    0.00    0.15 v blue_in[4] (in)
                  0.00    0.00    0.15 v ccm/blue_in[4] (CCM)
                                  0.15   data arrival time

                  0.00    0.00    0.00   clock clk (rise edge)
                          0.00    0.00   clock network delay (ideal)
                          0.05    0.05   clock uncertainty
                          0.00    0.05   clock reconvergence pessimism
                                  0.05 ^ ccm/clk (CCM)
                          0.19   -0.14   macro clock tree delay
                          0.08   -0.06   library hold time
                                 -0.06   data required time
-----------------------------------------------------------------------------
                                 -0.06   data required time
                                 -0.15   data arrival time
-----------------------------------------------------------------------------
                                  0.21   slack (MET)


