Startpoint: _8012_ (rising edge-triggered flip-flop clocked by clk)
Endpoint: _8089_ (rising edge-triggered flip-flop clocked by clk)
Path Group: clk
Path Type: max

Fanout     Cap    Slew   Delay    Time   Description
-----------------------------------------------------------------------------
                  0.00    0.00    0.00   clock clk (rise edge)
                          0.00    0.00   clock network delay (ideal)
                  0.00    0.00    0.00 ^ _8012_/CK (DFFR_X1)
    43   58.11    0.48    0.87    0.87 ^ _8012_/Q (DFFR_X1)
                  0.48    0.00    0.87 ^ _7122_/B2 (AOI22_X1)
     3    3.76    0.13    0.19    1.06 v _7122_/ZN (AOI22_X1)
                  0.13    0.00    1.06 v _7123_/A3 (OR3_X1)
     3    3.71    0.05    0.42    1.48 v _7123_/ZN (OR3_X1)
                  0.05    0.00    1.48 v _7125_/A2 (AND3_X1)
     2    2.25    0.02    0.15    1.62 v _7125_/ZN (AND3_X1)
                  0.02    0.00    1.62 v _7128_/A2 (OR3_X1)
     3    3.71    0.05    0.35    1.97 v _7128_/ZN (OR3_X1)
                  0.05    0.00    1.97 v _7130_/A2 (AND3_X1)
     2    2.25    0.02    0.15    2.11 v _7130_/ZN (AND3_X1)
                  0.02    0.00    2.11 v _7133_/A2 (OR3_X1)
     2    2.25    0.05    0.33    2.45 v _7133_/ZN (OR3_X1)
                  0.05    0.00    2.45 v _7135_/A2 (AND3_X1)
     4    5.05    0.03    0.16    2.60 v _7135_/ZN (AND3_X1)
                  0.03    0.00    2.60 v _7138_/A2 (OR3_X1)
     2    2.25    0.05    0.34    2.94 v _7138_/ZN (OR3_X1)
                  0.05    0.00    2.94 v _7140_/A2 (AND3_X1)
     2    2.84    0.02    0.15    3.09 v _7140_/ZN (AND3_X1)
                  0.02    0.00    3.09 v _7142_/A1 (NOR2_X1)
     2    4.14    0.10    0.15    3.23 ^ _7142_/ZN (NOR2_X1)
                  0.10    0.00    3.23 ^ _7143_/B (XNOR2_X1)
     2    3.15    0.10    0.17    3.40 ^ _7143_/ZN (XNOR2_X1)
                  0.10    0.00    3.40 ^ _7268_/A2 (OAI22_X1)
     1    1.52    0.03    0.08    3.49 v _7268_/ZN (OAI22_X1)
                  0.03    0.00    3.49 v _7324_/C2 (OAI221_X1)
     1    1.61    0.12    0.14    3.63 ^ _7324_/ZN (OAI221_X1)
                  0.12    0.00    3.63 ^ _7423_/B2 (AOI21_X1)
     1    1.49    0.03    0.07    3.70 v _7423_/ZN (AOI21_X1)
                  0.03    0.00    3.70 v _7530_/B2 (OAI21_X1)
     1    1.60    0.07    0.13    3.83 ^ _7530_/ZN (OAI21_X1)
                  0.07    0.00    3.83 ^ _7631_/C1 (AOI211_X1)
     1    1.40    0.03    0.06    3.89 v _7631_/ZN (AOI211_X1)
                  0.03    0.00    3.89 v _7737_/C1 (OAI211_X1)
     2    3.18    0.11    0.15    4.04 ^ _7737_/ZN (OAI211_X1)
                  0.11    0.00    4.04 ^ _7743_/B2 (AOI21_X1)
     2    2.98    0.04    0.08    4.12 v _7743_/ZN (AOI21_X1)
                  0.04    0.00    4.12 v _7745_/B3 (OAI33_X1)
     3    4.03    0.28    0.43    4.56 ^ _7745_/ZN (OAI33_X1)
                  0.28    0.00    4.56 ^ _7748_/C2 (OAI211_X1)
     2    2.28    0.08    0.15    4.70 v _7748_/ZN (OAI211_X1)
                  0.08    0.00    4.70 v _7750_/A3 (AND3_X1)
     2    2.91    0.02    0.18    4.88 v _7750_/ZN (AND3_X1)
                  0.02    0.00    4.88 v _7753_/B1 (OAI21_X1)
     2    3.21    0.10    0.14    5.02 ^ _7753_/ZN (OAI21_X1)
                  0.10    0.00    5.02 ^ _7754_/B2 (AOI21_X1)
     3    4.46    0.03    0.09    5.11 v _7754_/ZN (AOI21_X1)
                  0.03    0.00    5.11 v _7755_/B2 (OAI21_X1)
     3    4.13    0.11    0.18    5.29 ^ _7755_/ZN (OAI21_X1)
                  0.11    0.00    5.29 ^ _7757_/B1 (AOI21_X1)
     2    2.35    0.04    0.08    5.37 v _7757_/ZN (AOI21_X1)
                  0.04    0.00    5.37 v _7758_/A2 (NOR2_X1)
     3    4.02    0.10    0.17    5.54 ^ _7758_/ZN (NOR2_X1)
                  0.10    0.00    5.54 ^ _7766_/C2 (OAI211_X1)
     1    0.83    0.04    0.09    5.63 v _7766_/ZN (OAI211_X1)
                  0.04    0.00    5.63 v _7768_/A1 (AND2_X1)
     1    1.03    0.02    0.11    5.74 v _7768_/ZN (AND2_X1)
                  0.02    0.00    5.74 v _8089_/D (DFF_X1)
                                  5.74   data arrival time

                  0.00    2.50    2.50   clock clk (rise edge)
                          0.00    2.50   clock network delay (ideal)
                         -0.15    2.35   clock uncertainty
                          0.00    2.35   clock reconvergence pessimism
                                  2.35 ^ _8089_/CK (DFF_X1)
                         -0.16    2.19   library setup time
                                  2.19   data required time
-----------------------------------------------------------------------------
                                  2.19   data required time
                                 -5.74   data arrival time
-----------------------------------------------------------------------------
                                 -3.55   slack (VIOLATED)


