Startpoint: _29734_ (rising edge-triggered flip-flop clocked by clk)
Endpoint: _29576_ (rising edge-triggered flip-flop clocked by clk)
Path Group: clk
Path Type: max

Fanout     Cap    Slew   Delay    Time   Description
-----------------------------------------------------------------------------
                  0.00    0.00    0.00   clock clk (rise edge)
                          0.00    0.00   clock network delay (ideal)
                  0.00    0.00    0.00 ^ _29734_/CK (DFFR_X1)
    31   43.88    0.37    0.74    0.74 ^ _29734_/Q (DFFR_X1)
                  0.37    0.00    0.74 ^ _22367_/B2 (AOI22_X1)
     3    3.82    0.11    0.17    0.91 v _22367_/ZN (AOI22_X1)
                  0.11    0.00    0.91 v _22369_/A3 (OR3_X1)
     2    2.25    0.05    0.39    1.31 v _22369_/ZN (OR3_X1)
                  0.05    0.00    1.31 v _22371_/A2 (AND3_X1)
     3    3.72    0.02    0.15    1.46 v _22371_/ZN (AND3_X1)
                  0.02    0.00    1.46 v _22374_/A2 (OR3_X1)
     4    4.56    0.06    0.36    1.81 v _22374_/ZN (OR3_X1)
                  0.06    0.00    1.81 v _22376_/A2 (AND3_X1)
     2    2.25    0.02    0.15    1.96 v _22376_/ZN (AND3_X1)
                  0.02    0.00    1.96 v _22379_/A2 (OR3_X1)
     2    2.89    0.05    0.34    2.30 v _22379_/ZN (OR3_X1)
                  0.05    0.00    2.30 v _22381_/A1 (NAND2_X1)
     2    4.11    0.05    0.09    2.39 ^ _22381_/ZN (NAND2_X1)
                  0.05    0.00    2.39 ^ _22385_/B (XNOR2_X1)
     2    4.15    0.11    0.16    2.55 ^ _22385_/ZN (XNOR2_X1)
                  0.11    0.00    2.55 ^ _22515_/B (XNOR2_X1)
     2    3.93    0.11    0.18    2.73 ^ _22515_/ZN (XNOR2_X1)
                  0.11    0.00    2.73 ^ _22519_/B (XOR2_X1)
     2    4.15    0.13    0.25    2.98 ^ _22519_/Z (XOR2_X1)
                  0.13    0.00    2.98 ^ _22671_/B (XNOR2_X1)
     2    2.86    0.04    0.09    3.08 v _22671_/ZN (XNOR2_X1)
                  0.04    0.00    3.08 v _22673_/B2 (OAI22_X1)
     1    1.57    0.10    0.18    3.26 ^ _22673_/ZN (OAI22_X1)
                  0.10    0.00    3.26 ^ _22674_/A (AOI21_X1)
     1    1.49    0.03    0.06    3.32 v _22674_/ZN (AOI21_X1)
                  0.03    0.00    3.32 v _22675_/B2 (OAI22_X1)
     1    1.61    0.10    0.17    3.49 ^ _22675_/ZN (OAI22_X1)
                  0.10    0.00    3.49 ^ _22774_/B2 (AOI21_X1)
     1    1.46    0.03    0.07    3.56 v _22774_/ZN (AOI21_X1)
                  0.03    0.00    3.56 v _22875_/C2 (OAI222_X1)
     1    1.61    0.16    0.23    3.79 ^ _22875_/ZN (OAI222_X1)
                  0.16    0.00    3.79 ^ _22959_/B2 (AOI21_X1)
     1    1.41    0.03    0.08    3.87 v _22959_/ZN (AOI21_X1)
                  0.03    0.00    3.87 v _23015_/A1 (OAI22_X1)
     3    5.41    0.18    0.19    4.07 ^ _23015_/ZN (OAI22_X1)
                  0.18    0.00    4.07 ^ _23019_/C1 (AOI211_X1)
     3    3.83    0.06    0.11    4.17 v _23019_/ZN (AOI211_X1)
                  0.06    0.00    4.17 v _23021_/B3 (OAI33_X1)
     3    5.41    0.32    0.49    4.66 ^ _23021_/ZN (OAI33_X1)
                  0.32    0.00    4.66 ^ _23023_/C1 (OAI211_X1)
     2    2.84    0.09    0.14    4.80 v _23023_/ZN (OAI211_X1)
                  0.09    0.00    4.80 v _23027_/B1 (AOI21_X1)
     2    2.52    0.10    0.16    4.96 ^ _23027_/ZN (AOI21_X1)
                  0.10    0.00    4.96 ^ _23029_/B1 (OAI21_X1)
     4    5.10    0.04    0.09    5.06 v _23029_/ZN (OAI21_X1)
                  0.04    0.00    5.06 v _23047_/A2 (AND3_X1)
     1    0.86    0.02    0.13    5.18 v _23047_/ZN (AND3_X1)
                  0.02    0.00    5.18 v _23048_/A2 (OR2_X1)
     1    2.35    0.03    0.20    5.39 v _23048_/ZN (OR2_X1)
                  0.03    0.00    5.39 v _23079_/B (XOR2_X1)
     1    0.88    0.03    0.22    5.60 v _23079_/Z (XOR2_X1)
                  0.03    0.00    5.60 v _23080_/A (MUX2_X1)
     1    1.03    0.03    0.23    5.84 v _23080_/Z (MUX2_X1)
                  0.03    0.00    5.84 v _29576_/D (DFF_X1)
                                  5.84   data arrival time

                  0.00    3.00    3.00   clock clk (rise edge)
                          0.00    3.00   clock network delay (ideal)
                         -0.15    2.85   clock uncertainty
                          0.00    2.85   clock reconvergence pessimism
                                  2.85 ^ _29576_/CK (DFF_X1)
                         -0.17    2.68   library setup time
                                  2.68   data required time
-----------------------------------------------------------------------------
                                  2.68   data required time
                                 -5.84   data arrival time
-----------------------------------------------------------------------------
                                 -3.15   slack (VIOLATED)


