max slew

Pin                                    Limit    Slew   Slack
------------------------------------------------------------
_29782_/Q                               0.50    3.41   -2.91 (VIOLATED)
_20762_/ZN                              0.50    1.40   -0.90 (VIOLATED)
_29783_/Q                               0.50    0.66   -0.16 (VIOLATED)
_29165_/Q                               0.50    0.63   -0.13 (VIOLATED)
_29175_/Q                               0.50    0.59   -0.09 (VIOLATED)
_29173_/Q                               0.50    0.57   -0.07 (VIOLATED)
_29183_/Q                               0.50    0.56   -0.06 (VIOLATED)
_29163_/Q                               0.50    0.55   -0.05 (VIOLATED)
_29155_/Q                               0.50    0.55   -0.05 (VIOLATED)
_25343_/ZN                              0.50    0.55   -0.05 (VIOLATED)
_21327_/ZN                              0.50    0.54   -0.04 (VIOLATED)
_21889_/ZN                              0.50    0.54   -0.04 (VIOLATED)
_23700_/ZN                              0.50    0.54   -0.04 (VIOLATED)
_25344_/ZN                              0.50    0.54   -0.04 (VIOLATED)
_25364_/ZN                              0.50    0.54   -0.04 (VIOLATED)
_26132_/ZN                              0.50    0.54   -0.04 (VIOLATED)
_26702_/ZN                              0.50    0.54   -0.04 (VIOLATED)
_27258_/ZN                              0.50    0.54   -0.04 (VIOLATED)
_27890_/ZN                              0.50    0.54   -0.04 (VIOLATED)
_28944_/ZN                              0.50    0.54   -0.04 (VIOLATED)
_29156_/Q                               0.50    0.52   -0.02 (VIOLATED)
_21291_/ZN                              0.50    0.51   -0.01 (VIOLATED)
_21324_/ZN                              0.50    0.51   -0.01 (VIOLATED)
_21850_/ZN                              0.50    0.51   -0.01 (VIOLATED)
_21864_/ZN                              0.50    0.51   -0.01 (VIOLATED)
_21886_/ZN                              0.50    0.51   -0.01 (VIOLATED)
_23664_/ZN                              0.50    0.51   -0.01 (VIOLATED)
_23697_/ZN                              0.50    0.51   -0.01 (VIOLATED)
_25320_/ZN                              0.50    0.51   -0.01 (VIOLATED)
_25326_/ZN                              0.50    0.51   -0.01 (VIOLATED)
_25361_/ZN                              0.50    0.51   -0.01 (VIOLATED)
_26093_/ZN                              0.50    0.51   -0.01 (VIOLATED)
_26107_/ZN                              0.50    0.51   -0.01 (VIOLATED)
_26129_/ZN                              0.50    0.51   -0.01 (VIOLATED)
_26663_/ZN                              0.50    0.51   -0.01 (VIOLATED)
_26674_/ZN                              0.50    0.51   -0.01 (VIOLATED)
_26677_/ZN                              0.50    0.51   -0.01 (VIOLATED)
_26699_/ZN                              0.50    0.51   -0.01 (VIOLATED)
_27222_/ZN                              0.50    0.51   -0.01 (VIOLATED)
_27255_/ZN                              0.50    0.51   -0.01 (VIOLATED)
_27861_/ZN                              0.50    0.51   -0.01 (VIOLATED)
_27887_/ZN                              0.50    0.51   -0.01 (VIOLATED)
_28899_/ZN                              0.50    0.51   -0.01 (VIOLATED)
_28912_/ZN                              0.50    0.51   -0.01 (VIOLATED)
_28941_/ZN                              0.50    0.51   -0.01 (VIOLATED)
_29158_/Q                               0.50    0.51   -0.01 (VIOLATED)
_21284_/ZN                              0.50    0.50   -0.00 (VIOLATED)
_21292_/ZN                              0.50    0.50   -0.00 (VIOLATED)
_21325_/ZN                              0.50    0.50   -0.00 (VIOLATED)
_21843_/ZN                              0.50    0.50   -0.00 (VIOLATED)
_21851_/ZN                              0.50    0.50   -0.00 (VIOLATED)
_21865_/ZN                              0.50    0.50   -0.00 (VIOLATED)
_21887_/ZN                              0.50    0.50   -0.00 (VIOLATED)
_23657_/ZN                              0.50    0.50   -0.00 (VIOLATED)
_23665_/ZN                              0.50    0.50   -0.00 (VIOLATED)
_23698_/ZN                              0.50    0.50   -0.00 (VIOLATED)
_25318_/ZN                              0.50    0.50   -0.00 (VIOLATED)
_25321_/ZN                              0.50    0.50   -0.00 (VIOLATED)
_25327_/ZN                              0.50    0.50   -0.00 (VIOLATED)
_25362_/ZN                              0.50    0.50   -0.00 (VIOLATED)
_26086_/ZN                              0.50    0.50   -0.00 (VIOLATED)
_26094_/ZN                              0.50    0.50   -0.00 (VIOLATED)
_26108_/ZN                              0.50    0.50   -0.00 (VIOLATED)
_26130_/ZN                              0.50    0.50   -0.00 (VIOLATED)
_26656_/ZN                              0.50    0.50   -0.00 (VIOLATED)
_26664_/ZN                              0.50    0.50   -0.00 (VIOLATED)
_26675_/ZN                              0.50    0.50   -0.00 (VIOLATED)
_26678_/ZN                              0.50    0.50   -0.00 (VIOLATED)
_26700_/ZN                              0.50    0.50   -0.00 (VIOLATED)
_27215_/ZN                              0.50    0.50   -0.00 (VIOLATED)
_27223_/ZN                              0.50    0.50   -0.00 (VIOLATED)
_27256_/ZN                              0.50    0.50   -0.00 (VIOLATED)
_27844_/ZN                              0.50    0.50   -0.00 (VIOLATED)
_27862_/ZN                              0.50    0.50   -0.00 (VIOLATED)
_27888_/ZN                              0.50    0.50   -0.00 (VIOLATED)
_28892_/ZN                              0.50    0.50   -0.00 (VIOLATED)
_28900_/ZN                              0.50    0.50   -0.00 (VIOLATED)
_28913_/ZN                              0.50    0.50   -0.00 (VIOLATED)
_28937_/ZN                              0.50    0.50   -0.00 (VIOLATED)
_28942_/ZN                              0.50    0.50   -0.00 (VIOLATED)
_28957_/ZN                              0.50    0.50   -0.00 (VIOLATED)
_28965_/ZN                              0.50    0.50   -0.00 (VIOLATED)
_28969_/ZN                              0.50    0.50   -0.00 (VIOLATED)
_28977_/ZN                              0.50    0.50   -0.00 (VIOLATED)
_28978_/ZN                              0.50    0.50   -0.00 (VIOLATED)
_29021_/ZN                              0.50    0.50   -0.00 (VIOLATED)
_29029_/ZN                              0.50    0.50   -0.00 (VIOLATED)
_29039_/ZN                              0.50    0.50   -0.00 (VIOLATED)
_29157_/Q                               0.50    0.50   -0.00 (VIOLATED)
_29168_/Q                               0.50    0.50   -0.00 (VIOLATED)

