Startpoint: _19221_ (rising edge-triggered flip-flop clocked by clk)
Endpoint: _19170_ (rising edge-triggered flip-flop clocked by clk)
Path Group: clk
Path Type: min

    Cap    Slew   Delay    Time   Description
-----------------------------------------------------------------------
                   0.00    0.00   clock clk (rise edge)
                   0.10    0.10   clock network delay (propagated)
           0.01    0.00    0.10 ^ _19221_/CK (DFFR_X1)
   3.37    0.01    0.05    0.15 v _19221_/Q (DFFR_X1)
           0.01    0.00    0.15 v hold292/A (CLKBUF_X1)
   4.43    0.01    0.02    0.18 v hold292/Z (CLKBUF_X1)
           0.01    0.00    0.18 v _18142_/A (XOR2_X1)
   1.77    0.01    0.01    0.19 ^ _18142_/Z (XOR2_X1)
           0.01    0.00    0.19 ^ _18143_/B1 (OAI21_X1)
   2.94    0.01    0.01    0.20 v _18143_/ZN (OAI21_X1)
           0.01    0.00    0.20 v _18144_/A (OAI21_X1)
   1.27    0.01    0.01    0.21 ^ _18144_/ZN (OAI21_X1)
           0.01    0.00    0.21 ^ _19170_/D (DFFR_X1)
                           0.21   data arrival time

                   0.00    0.00   clock clk (rise edge)
                   0.20    0.20   clock network delay (propagated)
                   0.05    0.25   clock uncertainty
                  -0.05    0.21   clock reconvergence pessimism
                           0.21 ^ _19170_/CK (DFFR_X1)
                   0.01    0.21   library hold time
                           0.21   data required time
-----------------------------------------------------------------------
                           0.21   data required time
                          -0.21   data arrival time
-----------------------------------------------------------------------
                           0.00   slack (MET)


Startpoint: _19089_ (rising edge-triggered flip-flop clocked by clk)
Endpoint: _19250_ (rising edge-triggered flip-flop clocked by clk)
Path Group: clk
Path Type: max

    Cap    Slew   Delay    Time   Description
-----------------------------------------------------------------------
                   0.00    0.00   clock clk (rise edge)
                   0.19    0.19   clock network delay (propagated)
           0.02    0.00    0.19 ^ _19089_/CK (DFFR_X1)
  42.73    0.09    0.21    0.40 ^ _19089_/Q (DFFR_X1)
           0.10    0.01    0.42 ^ max_cap10/A (CLKBUF_X3)
  32.58    0.03    0.08    0.50 ^ max_cap10/Z (CLKBUF_X3)
           0.03    0.00    0.50 ^ max_cap9/A (BUF_X4)
  43.04    0.02    0.05    0.55 ^ max_cap9/Z (BUF_X4)
           0.03    0.01    0.56 ^ _16922_/A1 (NAND2_X1)
   5.90    0.02    0.03    0.59 v _16922_/ZN (NAND2_X1)
           0.02    0.00    0.59 v _16964_/A (XOR2_X1)
   4.10    0.01    0.07    0.65 v _16964_/Z (XOR2_X1)
           0.01    0.00    0.65 v _17009_/B (XOR2_X1)
   2.99    0.01    0.06    0.72 v _17009_/Z (XOR2_X1)
           0.01    0.00    0.72 v _17011_/A3 (OR3_X1)
   0.95    0.01    0.09    0.80 v _17011_/ZN (OR3_X1)
           0.01    0.00    0.80 v _17012_/A2 (AND2_X1)
   2.80    0.01    0.04    0.84 v _17012_/ZN (AND2_X1)
           0.01    0.00    0.84 v _17014_/A3 (OR3_X1)
   1.04    0.01    0.08    0.92 v _17014_/ZN (OR3_X1)
           0.01    0.00    0.92 v _17015_/A2 (AND2_X1)
   3.75    0.01    0.04    0.96 v _17015_/ZN (AND2_X1)
           0.01    0.00    0.96 v _17056_/B (XOR2_X1)
   5.44    0.02    0.07    1.03 v _17056_/Z (XOR2_X1)
           0.02    0.00    1.03 v _17060_/B (XOR2_X1)
   4.34    0.02    0.07    1.10 v _17060_/Z (XOR2_X1)
           0.02    0.00    1.10 v _17100_/B (XOR2_X1)
   4.84    0.01    0.07    1.17 v _17100_/Z (XOR2_X1)
           0.01    0.00    1.17 v _17104_/B (XNOR2_X1)
   4.30    0.02    0.05    1.22 v _17104_/ZN (XNOR2_X1)
           0.02    0.00    1.22 v _17142_/B (XNOR2_X1)
   2.92    0.01    0.05    1.27 v _17142_/ZN (XNOR2_X1)
           0.01    0.00    1.27 v _17276_/A3 (AND3_X1)
   1.82    0.01    0.04    1.31 v _17276_/ZN (AND3_X1)
           0.01    0.00    1.31 v _17277_/A2 (NOR2_X1)
   4.84    0.03    0.05    1.36 ^ _17277_/ZN (NOR2_X1)
           0.03    0.00    1.36 ^ _17278_/B2 (AOI21_X1)
   3.85    0.01    0.03    1.38 v _17278_/ZN (AOI21_X1)
           0.01    0.00    1.38 v _17280_/B1 (OAI21_X1)
   8.16    0.05    0.07    1.45 ^ _17280_/ZN (OAI21_X1)
           0.05    0.00    1.45 ^ _17285_/C1 (AOI211_X1)
   3.83    0.02    0.03    1.48 v _17285_/ZN (AOI211_X1)
           0.02    0.00    1.48 v _17286_/A3 (NOR3_X1)
   5.44    0.05    0.09    1.57 ^ _17286_/ZN (NOR3_X1)
           0.05    0.00    1.57 ^ _17288_/B1 (OAI21_X1)
   4.56    0.02    0.03    1.60 v _17288_/ZN (OAI21_X1)
           0.02    0.00    1.60 v _17290_/B1 (AOI21_X1)
   3.02    0.03    0.04    1.64 ^ _17290_/ZN (AOI21_X1)
           0.03    0.00    1.64 ^ _17291_/A (AOI21_X1)
   5.18    0.02    0.02    1.67 v _17291_/ZN (AOI21_X1)
           0.02    0.00    1.67 v _17293_/A1 (OR2_X1)
   2.65    0.01    0.05    1.72 v _17293_/ZN (OR2_X1)
           0.01    0.00    1.72 v _17295_/B2 (AOI21_X1)
   1.19    0.02    0.03    1.75 ^ _17295_/ZN (AOI21_X1)
           0.02    0.00    1.75 ^ _17296_/A2 (OR2_X1)
   9.12    0.02    0.05    1.80 ^ _17296_/ZN (OR2_X1)
           0.02    0.00    1.81 ^ _18368_/B1 (OAI22_X1)
   1.46    0.02    0.02    1.83 v _18368_/ZN (OAI22_X1)
           0.02    0.00    1.83 v _19250_/D (DFFR_X1)
                           1.83   data arrival time

                   2.50    2.50   clock clk (rise edge)
                   0.10    2.60   clock network delay (propagated)
                  -0.15    2.45   clock uncertainty
                   0.05    2.50   clock reconvergence pessimism
                           2.50 ^ _19250_/CK (DFFR_X1)
                  -0.04    2.46   library setup time
                           2.46   data required time
-----------------------------------------------------------------------
                           2.46   data required time
                          -1.83   data arrival time
-----------------------------------------------------------------------
                           0.63   slack (MET)


worst slack min 0.00
worst slack max 0.63
