Startpoint: pixel_in[3] (input port clocked by clk)
Endpoint: _449_ (rising edge-triggered flip-flop clocked by clk)
Path Group: clk
Path Type: max

Fanout     Cap    Slew   Delay    Time   Description
-----------------------------------------------------------------------------
                  0.00    0.00    0.00   clock clk (rise edge)
                          0.00    0.00   clock network delay (ideal)
                          0.80    0.80 v input external delay
     7   11.57    0.00    0.00    0.80 v pixel_in[3] (in)
                  0.00    0.00    0.80 v _345_/A (XNOR2_X1)
     2    2.99    0.01    0.02    0.82 v _345_/ZN (XNOR2_X1)
                  0.01    0.00    0.82 v _349_/A1 (OR3_X1)
     2    3.00    0.01    0.04    0.86 v _349_/ZN (OR3_X1)
                  0.01    0.00    0.86 v _351_/B2 (AOI21_X1)
     2    2.64    0.01    0.02    0.89 ^ _351_/ZN (AOI21_X1)
                  0.01    0.00    0.89 ^ _353_/A2 (OR2_X1)
     1    1.74    0.00    0.02    0.90 ^ _353_/ZN (OR2_X1)
                  0.00    0.00    0.90 ^ _355_/C2 (AOI211_X1)
     2    2.54    0.01    0.01    0.92 v _355_/ZN (AOI211_X1)
                  0.01    0.00    0.92 v _356_/A3 (OR3_X1)
     6    7.83    0.01    0.05    0.97 v _356_/ZN (OR3_X1)
                  0.01    0.00    0.97 v _384_/C2 (AOI211_X1)
     1    1.69    0.02    0.03    1.00 ^ _384_/ZN (AOI211_X1)
                  0.02    0.00    1.00 ^ _386_/B1 (OAI21_X1)
     1    1.49    0.01    0.01    1.01 v _386_/ZN (OAI21_X1)
                  0.01    0.00    1.01 v _388_/B1 (AOI21_X1)
     1    1.15    0.01    0.02    1.03 ^ _388_/ZN (AOI21_X1)
                  0.01    0.00    1.03 ^ _449_/D (DFFR_X1)
                                  1.03   data arrival time

                  0.00    2.50    2.50   clock clk (rise edge)
                          0.00    2.50   clock network delay (ideal)
                         -0.15    2.35   clock uncertainty
                          0.00    2.35   clock reconvergence pessimism
                                  2.35 ^ _449_/CK (DFFR_X1)
                         -0.03    2.32   library setup time
                                  2.32   data required time
-----------------------------------------------------------------------------
                                  2.32   data required time
                                 -1.03   data arrival time
-----------------------------------------------------------------------------
                                  1.30   slack (MET)


