Startpoint: _8622_ (rising edge-triggered flip-flop clocked by clk)
Endpoint: _8688_ (rising edge-triggered flip-flop clocked by clk)
Path Group: clk
Path Type: min

    Cap    Slew   Delay    Time   Description
-----------------------------------------------------------------------
                   0.00    0.00   clock clk (rise edge)
                   0.18    0.18   clock network delay (propagated)
           0.01    0.00    0.18 ^ _8622_/CK (DFFR_X1)
   2.35    0.01    0.05    0.23 v _8622_/Q (DFFR_X1)
           0.01    0.00    0.23 v hold1251/A (CLKBUF_X1)
   1.40    0.00    0.02    0.25 v hold1251/Z (CLKBUF_X1)
           0.00    0.00    0.25 v hold869/A (CLKBUF_X1)
   2.72    0.01    0.02    0.27 v hold869/Z (CLKBUF_X1)
           0.01    0.00    0.27 v hold686/A (CLKBUF_X1)
   4.29    0.01    0.02    0.29 v hold686/Z (CLKBUF_X1)
           0.01    0.00    0.29 v hold123/A (CLKBUF_X1)
   2.84    0.01    0.02    0.31 v hold123/Z (CLKBUF_X1)
           0.01    0.00    0.31 v hold687/A (CLKBUF_X1)
   3.23    0.01    0.02    0.33 v hold687/Z (CLKBUF_X1)
           0.01    0.00    0.33 v _8688_/D (DFFR_X1)
                           0.33   data arrival time

                   0.00    0.00   clock clk (rise edge)
                   0.36    0.36   clock network delay (propagated)
                   0.05    0.41   clock uncertainty
                  -0.09    0.32   clock reconvergence pessimism
                           0.32 ^ _8688_/CK (DFFR_X1)
                   0.01    0.33   library hold time
                           0.33   data required time
-----------------------------------------------------------------------
                           0.33   data required time
                          -0.33   data arrival time
-----------------------------------------------------------------------
                           0.00   slack (MET)


Startpoint: sram3 (falling edge-triggered flip-flop clocked by clk)
Endpoint: _8506_ (rising edge-triggered flip-flop clocked by clk)
Path Group: clk
Path Type: max

    Cap    Slew   Delay    Time   Description
-----------------------------------------------------------------------
                   1.25    1.25   clock clk (fall edge)
                   0.38    1.63   clock network delay (propagated)
           0.09    0.00    1.63 v sram3/clk1 (SRAM10x2048)
  68.77    0.13    0.58    2.21 ^ sram3/dout1[1] (SRAM10x2048)
           0.17    0.08    2.29 ^ _6293_/B (MUX2_X1)
   2.15    0.01    0.06    2.35 ^ _6293_/Z (MUX2_X1)
           0.01    0.00    2.35 ^ _8506_/D (DFFR_X1)
                           2.35   data arrival time

                   2.50    2.50   clock clk (rise edge)
                   0.18    2.68   clock network delay (propagated)
                  -0.15    2.53   clock uncertainty
                   0.01    2.54   clock reconvergence pessimism
                           2.54 ^ _8506_/CK (DFFR_X1)
                  -0.03    2.51   library setup time
                           2.51   data required time
-----------------------------------------------------------------------
                           2.51   data required time
                          -2.35   data arrival time
-----------------------------------------------------------------------
                           0.16   slack (MET)


worst slack min 0.00
worst slack max 0.16
