max capacitance

Pin                                    Limit     Cap   Slack
------------------------------------------------------------
_18734_/Q                              60.58  473.73 -413.16 (VIOLATED)

_18713_/Q                              60.58  296.14 -235.57 (VIOLATED)

_18714_/Q                              60.58  288.13 -227.55 (VIOLATED)

_18708_/Q                              60.58  280.15 -219.57 (VIOLATED)

_18710_/Q                              60.58  274.31 -213.73 (VIOLATED)

_18709_/Q                              60.58  269.98 -209.41 (VIOLATED)

_18707_/Q                              60.58  268.97 -208.39 (VIOLATED)

_18706_/Q                              60.58  261.64 -201.06 (VIOLATED)

_18705_/Q                              60.58  257.45 -196.87 (VIOLATED)

_18704_/Q                              60.58  253.25 -192.68 (VIOLATED)

_18770_/Q                              60.58  252.74 -192.16 (VIOLATED)

_18712_/Q                              60.58  250.47 -189.89 (VIOLATED)

_18771_/Q                              60.58  244.42 -183.84 (VIOLATED)

_12945_/ZN                             59.36  221.79 -162.44 (VIOLATED)

_12946_/ZN                             26.70  109.32  -82.62 (VIOLATED)

_12949_/ZN                             26.70  104.73  -78.03 (VIOLATED)

_18711_/Q                              60.58  129.37  -68.79 (VIOLATED)

_12900_/ZN                             60.73  124.28  -63.55 (VIOLATED)

_18722_/Q                              60.58  100.93  -40.35 (VIOLATED)

_18772_/Q                              60.58   95.09  -34.51 (VIOLATED)

_12904_/ZN                             60.73   82.97  -22.24 (VIOLATED)

_18701_/Q                              60.58   81.25  -20.67 (VIOLATED)

_18699_/Q                              60.58   77.47  -16.90 (VIOLATED)

_18695_/Q                              60.58   76.43  -15.85 (VIOLATED)

_18691_/Q                              60.58   75.38  -14.80 (VIOLATED)

_18734_/QN                             60.27   73.31  -13.04 (VIOLATED)

_18703_/Q                              60.58   73.00  -12.42 (VIOLATED)

_18702_/Q                              60.58   72.84  -12.26 (VIOLATED)

_18692_/Q                              60.58   72.23  -11.66 (VIOLATED)

_18773_/Q                              60.58   71.68  -11.10 (VIOLATED)

_18774_/Q                              60.58   70.46   -9.88 (VIOLATED)

_18693_/Q                              60.58   69.09   -8.51 (VIOLATED)

_18694_/Q                              60.58   68.04   -7.46 (VIOLATED)

_18775_/Q                              60.58   67.90   -7.32 (VIOLATED)

_12947_/ZN                             26.70   33.20   -6.49 (VIOLATED)

_18696_/Q                              60.58   66.99   -6.42 (VIOLATED)

_12948_/ZN                             59.36   64.79   -5.44 (VIOLATED)

_18697_/Q                              60.58   65.94   -5.37 (VIOLATED)

_18698_/Q                              60.58   64.90   -4.32 (VIOLATED)

_18700_/Q                              60.58   63.85   -3.27 (VIOLATED)

