max capacitance

Pin                                    Limit     Cap   Slack
------------------------------------------------------------
_18626_/Q                              60.58  476.12 -415.55 (VIOLATED)

_18662_/Q                              60.58  249.97 -189.39 (VIOLATED)

_18598_/Q                              60.58  249.12 -188.54 (VIOLATED)

_18663_/Q                              60.58  247.59 -187.01 (VIOLATED)

_18599_/Q                              60.58  245.41 -184.84 (VIOLATED)

_18596_/Q                              60.58  229.98 -169.40 (VIOLATED)

_12848_/ZN                             59.36  225.23 -165.88 (VIOLATED)

_12849_/ZN                             26.70  105.82  -79.12 (VIOLATED)

_12853_/ZN                             26.70  103.19  -76.49 (VIOLATED)

_18605_/Q                              60.58  137.01  -76.43 (VIOLATED)

_18606_/Q                              60.58  130.85  -70.28 (VIOLATED)

_18608_/Q                              60.58  103.39  -42.81 (VIOLATED)

_18610_/Q                              60.58  101.72  -41.14 (VIOLATED)

_18613_/Q                              60.58  100.02  -39.44 (VIOLATED)

_18612_/Q                              60.58   99.35  -38.77 (VIOLATED)

_18611_/Q                              60.58   97.53  -36.96 (VIOLATED)

_18664_/Q                              60.58   95.41  -34.83 (VIOLATED)

_18614_/Q                              60.58   95.04  -34.46 (VIOLATED)

_18609_/Q                              60.58   92.91  -32.33 (VIOLATED)

_18603_/Q                              60.58   81.15  -20.57 (VIOLATED)

_12804_/ZN                             60.73   81.24  -20.51 (VIOLATED)

_18665_/Q                              60.58   75.32  -14.74 (VIOLATED)

_12851_/ZN                             26.70   40.11  -13.40 (VIOLATED)

_12801_/ZN                             60.73   73.23  -12.50 (VIOLATED)

_18666_/Q                              60.58   69.11   -8.53 (VIOLATED)

_18667_/Q                              60.58   67.81   -7.23 (VIOLATED)

_18626_/QN                             60.27   63.46   -3.19 (VIOLATED)

