Startpoint: _18626_ (rising edge-triggered flip-flop clocked by clk)
Endpoint: _18015_ (rising edge-triggered flip-flop clocked by clk)
Path Group: clk
Path Type: max

Fanout     Cap    Slew   Delay    Time   Description
-----------------------------------------------------------------------------
                  0.00    0.00    0.00   clock clk (rise edge)
                          0.00    0.00   clock network delay (ideal)
                  0.00    0.00    0.00 ^ _18626_/CK (DFFR_X1)
   252  476.12    1.09    1.33    1.33 ^ _18626_/Q (DFFR_X1)
                  1.09    0.00    1.33 ^ _12800_/A (INV_X1)
     2    3.06    0.16   -0.06    1.27 v _12800_/ZN (INV_X1)
                  0.16    0.00    1.27 v _12816_/A (AOI21_X1)
     5    6.96    0.06    0.13    1.40 ^ _12816_/ZN (AOI21_X1)
                  0.06    0.00    1.40 ^ _12900_/A2 (AND2_X1)
     3    4.26    0.01    0.05    1.45 ^ _12900_/ZN (AND2_X1)
                  0.01    0.00    1.45 ^ _12901_/A2 (AND2_X1)
     3    4.26    0.01    0.04    1.49 ^ _12901_/ZN (AND2_X1)
                  0.01    0.00    1.49 ^ _12902_/A2 (AND2_X1)
     3    4.26    0.01    0.04    1.54 ^ _12902_/ZN (AND2_X1)
                  0.01    0.00    1.54 ^ _12903_/A2 (AND2_X1)
     3    4.26    0.01    0.04    1.58 ^ _12903_/ZN (AND2_X1)
                  0.01    0.00    1.58 ^ _12904_/A2 (AND2_X1)
     5    7.56    0.02    0.05    1.63 ^ _12904_/ZN (AND2_X1)
                  0.02    0.00    1.63 ^ _12905_/A2 (AND2_X1)
     3    4.21    0.01    0.04    1.68 ^ _12905_/ZN (AND2_X1)
                  0.01    0.00    1.68 ^ _12906_/A2 (AND2_X1)
     4    6.60    0.02    0.05    1.73 ^ _12906_/ZN (AND2_X1)
                  0.02    0.00    1.73 ^ _12907_/A2 (NAND2_X1)
     1    2.41    0.01    0.02    1.74 v _12907_/ZN (NAND2_X1)
                  0.01    0.00    1.74 v _12908_/B (XOR2_X1)
     1    1.56    0.01    0.06    1.80 v _12908_/Z (XOR2_X1)
                  0.01    0.00    1.80 v _12909_/A2 (NOR2_X1)
     1    1.13    0.02    0.03    1.83 ^ _12909_/ZN (NOR2_X1)
                  0.02    0.00    1.83 ^ _18015_/D (DFFR_X1)
                                  1.83   data arrival time

                  0.00    2.50    2.50   clock clk (rise edge)
                          0.00    2.50   clock network delay (ideal)
                         -0.15    2.35   clock uncertainty
                          0.00    2.35   clock reconvergence pessimism
                                  2.35 ^ _18015_/CK (DFFR_X1)
                         -0.04    2.31   library setup time
                                  2.31   data required time
-----------------------------------------------------------------------------
                                  2.31   data required time
                                 -1.83   data arrival time
-----------------------------------------------------------------------------
                                  0.48   slack (MET)


