max slew

Pin                                    Limit    Slew   Slack
------------------------------------------------------------
_18734_/Q                               0.20    1.08   -0.88 (VIOLATED)
_18713_/Q                               0.20    0.68   -0.48 (VIOLATED)
_18714_/Q                               0.20    0.66   -0.46 (VIOLATED)
_18708_/Q                               0.20    0.64   -0.44 (VIOLATED)
_18710_/Q                               0.20    0.63   -0.43 (VIOLATED)
_18709_/Q                               0.20    0.62   -0.42 (VIOLATED)
_18707_/Q                               0.20    0.62   -0.42 (VIOLATED)
_18706_/Q                               0.20    0.60   -0.40 (VIOLATED)
_18705_/Q                               0.20    0.59   -0.39 (VIOLATED)
_18704_/Q                               0.20    0.58   -0.38 (VIOLATED)
_18770_/Q                               0.20    0.58   -0.38 (VIOLATED)
_18712_/Q                               0.20    0.57   -0.38 (VIOLATED)
_18771_/Q                               0.20    0.56   -0.36 (VIOLATED)
_12946_/ZN                              0.20    0.51   -0.32 (VIOLATED)
_12945_/ZN                              0.20    0.51   -0.31 (VIOLATED)
_12949_/ZN                              0.20    0.49   -0.29 (VIOLATED)
_18711_/Q                               0.20    0.30   -0.10 (VIOLATED)
_12900_/ZN                              0.20    0.29   -0.09 (VIOLATED)
_18722_/Q                               0.20    0.23   -0.03 (VIOLATED)
_18772_/Q                               0.20    0.22   -0.02 (VIOLATED)
_12904_/ZN                              0.20    0.22   -0.02 (VIOLATED)

