max slew

Pin                                    Limit    Slew   Slack
------------------------------------------------------------
_18626_/Q                               0.20    1.09   -0.89 (VIOLATED)
_18662_/Q                               0.20    0.57   -0.37 (VIOLATED)
_18598_/Q                               0.20    0.57   -0.37 (VIOLATED)
_18663_/Q                               0.20    0.57   -0.37 (VIOLATED)
_18599_/Q                               0.20    0.56   -0.36 (VIOLATED)
_18596_/Q                               0.20    0.53   -0.33 (VIOLATED)
_12848_/ZN                              0.20    0.52   -0.32 (VIOLATED)
_12849_/ZN                              0.20    0.50   -0.30 (VIOLATED)
_12853_/ZN                              0.20    0.49   -0.29 (VIOLATED)
_18605_/Q                               0.20    0.32   -0.12 (VIOLATED)
_18606_/Q                               0.20    0.30   -0.10 (VIOLATED)
_18608_/Q                               0.20    0.24   -0.04 (VIOLATED)
_18610_/Q                               0.20    0.24   -0.04 (VIOLATED)
_18613_/Q                               0.20    0.23   -0.03 (VIOLATED)
_18612_/Q                               0.20    0.23   -0.03 (VIOLATED)
_18611_/Q                               0.20    0.23   -0.03 (VIOLATED)
_18664_/Q                               0.20    0.22   -0.02 (VIOLATED)
_18614_/Q                               0.20    0.22   -0.02 (VIOLATED)
_12804_/ZN                              0.20    0.22   -0.02 (VIOLATED)
_18609_/Q                               0.20    0.22   -0.02 (VIOLATED)
_14604_/ZN                              0.20    0.20   -0.00 (VIOLATED)
_14609_/ZN                              0.20    0.20   -0.00 (VIOLATED)
_14611_/ZN                              0.20    0.20   -0.00 (VIOLATED)
_14613_/ZN                              0.20    0.20   -0.00 (VIOLATED)
_14615_/ZN                              0.20    0.20   -0.00 (VIOLATED)

