max capacitance

Pin                                    Limit     Cap   Slack
------------------------------------------------------------
_18734_/Q                              60.58  474.53 -413.95 (VIOLATED)

_18713_/Q                              60.58  296.12 -235.54 (VIOLATED)

_18714_/Q                              60.58  288.15 -227.57 (VIOLATED)

_18708_/Q                              60.58  280.24 -219.66 (VIOLATED)

_18710_/Q                              60.58  274.36 -213.78 (VIOLATED)

_18709_/Q                              60.58  270.02 -209.44 (VIOLATED)

_18707_/Q                              60.58  268.96 -208.38 (VIOLATED)

_18706_/Q                              60.58  261.67 -201.09 (VIOLATED)

_18705_/Q                              60.58  257.48 -196.90 (VIOLATED)

_18770_/Q                              60.58  253.75 -193.18 (VIOLATED)

_18704_/Q                              60.58  253.28 -192.71 (VIOLATED)

_18712_/Q                              60.58  250.49 -189.91 (VIOLATED)

_18771_/Q                              60.58  245.31 -184.73 (VIOLATED)

_12945_/ZN                             59.36  226.42 -167.06 (VIOLATED)

_12946_/ZN                             26.70  111.40  -84.70 (VIOLATED)

_12949_/ZN                             26.70  106.36  -79.66 (VIOLATED)

_18711_/Q                              60.58  129.37  -68.80 (VIOLATED)

_12900_/ZN                             60.73  124.28  -63.55 (VIOLATED)

_18722_/Q                              60.58  101.01  -40.43 (VIOLATED)

_18772_/Q                              60.58   95.27  -34.70 (VIOLATED)

_12904_/ZN                             60.73   84.42  -23.69 (VIOLATED)

_18701_/Q                              60.58   81.22  -20.64 (VIOLATED)

_18699_/Q                              60.58   77.52  -16.94 (VIOLATED)

_18695_/Q                              60.58   76.47  -15.89 (VIOLATED)

_18691_/Q                              60.58   75.42  -14.85 (VIOLATED)

_18734_/QN                             60.27   73.31  -13.04 (VIOLATED)

_18703_/Q                              60.58   73.02  -12.44 (VIOLATED)

_18702_/Q                              60.58   72.88  -12.30 (VIOLATED)

_18692_/Q                              60.58   72.28  -11.70 (VIOLATED)

_18773_/Q                              60.58   71.88  -11.30 (VIOLATED)

_18774_/Q                              60.58   70.60  -10.03 (VIOLATED)

_18693_/Q                              60.58   69.14   -8.56 (VIOLATED)

_18775_/Q                              60.58   68.22   -7.64 (VIOLATED)

_18694_/Q                              60.58   68.09   -7.51 (VIOLATED)

_12947_/ZN                             26.70   33.76   -7.05 (VIOLATED)

_12948_/ZN                             59.36   66.21   -6.86 (VIOLATED)

_18696_/Q                              60.58   67.04   -6.46 (VIOLATED)

_18697_/Q                              60.58   65.99   -5.41 (VIOLATED)

_18698_/Q                              60.58   64.94   -4.37 (VIOLATED)

_18700_/Q                              60.58   63.89   -3.32 (VIOLATED)

