Startpoint: sram0 (falling edge-triggered flip-flop clocked by clk)
Endpoint: sram1 (rising edge-triggered flip-flop clocked by clk)
Path Group: clk
Path Type: max

Fanout     Cap    Slew   Delay    Time   Description
-----------------------------------------------------------------------------
                  0.00    1.25    1.25   clock clk (fall edge)
                          0.00    1.25   clock network delay (ideal)
                  0.00    0.00    1.25 v sram0/clk1 (SRAM10x2048)
     2   34.04    0.08    0.45    1.70 ^ sram0/dout1[3] (SRAM10x2048)
                  0.08    0.00    1.70 ^ sram1/din0[3] (SRAM10x2048)
                                  1.70   data arrival time

                  0.00    2.50    2.50   clock clk (rise edge)
                          0.00    2.50   clock network delay (ideal)
                         -0.15    2.35   clock uncertainty
                          0.00    2.35   clock reconvergence pessimism
                                  2.35 ^ sram1/clk0 (SRAM10x2048)
                         -0.07    2.28   library setup time
                                  2.28   data required time
-----------------------------------------------------------------------------
                                  2.28   data required time
                                 -1.70   data arrival time
-----------------------------------------------------------------------------
                                  0.58   slack (MET)


