max slew

Pin                                    Limit    Slew   Slack
------------------------------------------------------------
_18734_/Q                               0.15    0.60   -0.46 (VIOLATED)
_18713_/Q                               0.15    0.38   -0.23 (VIOLATED)
_18714_/Q                               0.15    0.37   -0.22 (VIOLATED)
_18708_/Q                               0.15    0.36   -0.21 (VIOLATED)
_18710_/Q                               0.15    0.35   -0.20 (VIOLATED)
_18709_/Q                               0.15    0.34   -0.20 (VIOLATED)
_18707_/Q                               0.15    0.34   -0.20 (VIOLATED)
_18706_/Q                               0.15    0.33   -0.19 (VIOLATED)
_18705_/Q                               0.15    0.33   -0.18 (VIOLATED)
_18770_/Q                               0.15    0.32   -0.18 (VIOLATED)
_18704_/Q                               0.15    0.32   -0.18 (VIOLATED)
_18712_/Q                               0.15    0.32   -0.17 (VIOLATED)
_18771_/Q                               0.15    0.31   -0.17 (VIOLATED)
_12945_/ZN                              0.15    0.29   -0.14 (VIOLATED)
_12946_/ZN                              0.15    0.28   -0.13 (VIOLATED)
_12949_/ZN                              0.15    0.27   -0.12 (VIOLATED)
_18711_/Q                               0.15    0.17   -0.02 (VIOLATED)
_12900_/ZN                              0.15    0.16   -0.01 (VIOLATED)

