max capacitance

Pin                                    Limit     Cap   Slack
------------------------------------------------------------
_29782_/Q                              60.58  430.88 -370.30 (VIOLATED)

_20762_/ZN                             59.36  172.79 -113.44 (VIOLATED)

_29783_/Q                              60.58   82.54  -21.96 (VIOLATED)

_29165_/Q                              60.58   78.36  -17.78 (VIOLATED)

_29175_/Q                              60.58   73.87  -13.30 (VIOLATED)

_29173_/Q                              60.58   71.51  -10.93 (VIOLATED)

_29183_/Q                              60.58   69.18   -8.61 (VIOLATED)

_29163_/Q                              60.58   68.57   -7.99 (VIOLATED)

_29155_/Q                              60.58   68.31   -7.73 (VIOLATED)

_29156_/Q                              60.58   64.93   -4.35 (VIOLATED)

_29158_/Q                              60.58   62.76   -2.19 (VIOLATED)

_29157_/Q                              60.58   62.70   -2.12 (VIOLATED)

_29168_/Q                              60.58   61.94   -1.36 (VIOLATED)

