max capacitance

Pin                                    Limit     Cap   Slack
------------------------------------------------------------
_23_/Q                                 60.58  226.46 -165.88 (VIOLATED)

_19_/Q                                 60.58  224.98 -164.40 (VIOLATED)

_20_/Q                                 60.58  222.45 -161.88 (VIOLATED)

_24_/Q                                 60.58  221.58 -161.00 (VIOLATED)

_17_/Q                                 60.58  207.14 -146.56 (VIOLATED)

_18_/Q                                 60.58  204.07 -143.49 (VIOLATED)

_21_/Q                                 60.58  204.01 -143.43 (VIOLATED)

_25_/Q                                 60.58  203.54 -142.96 (VIOLATED)

_22_/Q                                 60.58  198.88 -138.30 (VIOLATED)

_16_/Q                                 60.58  192.18 -131.60 (VIOLATED)

_14_/Q                                 60.58  159.77  -99.19 (VIOLATED)

_15_/Q                                 60.58  117.65  -57.07 (VIOLATED)

