max capacitance

Pin                                    Limit     Cap   Slack
------------------------------------------------------------
_1311_/Q                               60.58  200.10 -139.52 (VIOLATED)

_1312_/Q                               60.58  195.69 -135.11 (VIOLATED)

_1263_/Q                               60.58  187.52 -126.94 (VIOLATED)

_1264_/Q                               60.58  184.69 -124.11 (VIOLATED)

_1261_/Q                               60.58  174.01 -113.44 (VIOLATED)

_1314_/Q                               60.58  158.86  -98.28 (VIOLATED)

_1316_/Q                               60.58  152.89  -92.31 (VIOLATED)

_1318_/Q                               60.58  149.58  -89.00 (VIOLATED)

_1319_/Q                               60.58  149.02  -88.45 (VIOLATED)

_1317_/Q                               60.58  145.55  -84.97 (VIOLATED)

_1320_/Q                               60.58  142.56  -81.99 (VIOLATED)

_1315_/Q                               60.58  139.72  -79.14 (VIOLATED)

_1360_/QN                              60.27  101.32  -41.05 (VIOLATED)

_0942_/ZN                              60.73   70.65   -9.92 (VIOLATED)

