max capacitance

Pin                                    Limit     Cap   Slack
------------------------------------------------------------
_1315_/Q                               60.58  438.80 -378.23 (VIOLATED)

_1316_/Q                               60.58  431.60 -371.02 (VIOLATED)

_1314_/Q                               60.58  371.66 -311.08 (VIOLATED)

_1279_/Q                               60.58  209.44 -148.86 (VIOLATED)

_1281_/Q                               60.58  208.65 -148.07 (VIOLATED)

_1280_/Q                               60.58  203.15 -142.57 (VIOLATED)

_1278_/Q                               60.58  200.00 -139.43 (VIOLATED)

_1276_/Q                               60.58  197.09 -136.52 (VIOLATED)

_1277_/Q                               60.58  196.91 -136.33 (VIOLATED)

_1275_/Q                               60.58  191.47 -130.89 (VIOLATED)

_1324_/Q                               60.58  152.29  -91.71 (VIOLATED)

_1374_/QN                              60.27  146.30  -86.03 (VIOLATED)

_0949_/ZN                              60.73  107.94  -47.21 (VIOLATED)

_1282_/Q                               60.58   97.79  -37.22 (VIOLATED)

_1228_/Q                               60.58   76.55  -15.97 (VIOLATED)

_1260_/Q                               60.58   76.55  -15.97 (VIOLATED)

_1270_/Q                               60.58   76.55  -15.97 (VIOLATED)

_1291_/Q                               60.58   76.55  -15.97 (VIOLATED)

_1301_/Q                               60.58   76.55  -15.97 (VIOLATED)

_1333_/Q                               60.58   76.55  -15.97 (VIOLATED)

_1224_/Q                               60.58   75.50  -14.93 (VIOLATED)

_1256_/Q                               60.58   75.50  -14.93 (VIOLATED)

_1266_/Q                               60.58   75.50  -14.93 (VIOLATED)

_1287_/Q                               60.58   75.50  -14.93 (VIOLATED)

_1297_/Q                               60.58   75.50  -14.93 (VIOLATED)

_1329_/Q                               60.58   75.50  -14.93 (VIOLATED)

_1220_/Q                               60.58   74.46  -13.88 (VIOLATED)

_1252_/Q                               60.58   74.46  -13.88 (VIOLATED)

_1262_/Q                               60.58   74.46  -13.88 (VIOLATED)

_1283_/Q                               60.58   74.46  -13.88 (VIOLATED)

_1293_/Q                               60.58   74.46  -13.88 (VIOLATED)

_1325_/Q                               60.58   74.46  -13.88 (VIOLATED)

_1221_/Q                               60.58   71.31  -10.73 (VIOLATED)

_1253_/Q                               60.58   71.31  -10.73 (VIOLATED)

_1263_/Q                               60.58   71.31  -10.73 (VIOLATED)

_1284_/Q                               60.58   71.31  -10.73 (VIOLATED)

_1294_/Q                               60.58   71.31  -10.73 (VIOLATED)

_1326_/Q                               60.58   71.31  -10.73 (VIOLATED)

_1222_/Q                               60.58   68.17   -7.59 (VIOLATED)

_1254_/Q                               60.58   68.17   -7.59 (VIOLATED)

_1264_/Q                               60.58   68.17   -7.59 (VIOLATED)

_1285_/Q                               60.58   68.17   -7.59 (VIOLATED)

_1295_/Q                               60.58   68.17   -7.59 (VIOLATED)

_1327_/Q                               60.58   68.17   -7.59 (VIOLATED)

_1223_/Q                               60.58   67.12   -6.54 (VIOLATED)

_1255_/Q                               60.58   67.12   -6.54 (VIOLATED)

_1265_/Q                               60.58   67.12   -6.54 (VIOLATED)

_1286_/Q                               60.58   67.12   -6.54 (VIOLATED)

_1296_/Q                               60.58   67.12   -6.54 (VIOLATED)

_1328_/Q                               60.58   67.12   -6.54 (VIOLATED)

_1225_/Q                               60.58   66.07   -5.49 (VIOLATED)

_1257_/Q                               60.58   66.07   -5.49 (VIOLATED)

_1267_/Q                               60.58   66.07   -5.49 (VIOLATED)

_1288_/Q                               60.58   66.07   -5.49 (VIOLATED)

_1298_/Q                               60.58   66.07   -5.49 (VIOLATED)

_1330_/Q                               60.58   66.07   -5.49 (VIOLATED)

_1226_/Q                               60.58   65.02   -4.45 (VIOLATED)

_1258_/Q                               60.58   65.02   -4.45 (VIOLATED)

_1268_/Q                               60.58   65.02   -4.45 (VIOLATED)

_1289_/Q                               60.58   65.02   -4.45 (VIOLATED)

_1299_/Q                               60.58   65.02   -4.45 (VIOLATED)

_1331_/Q                               60.58   65.02   -4.45 (VIOLATED)

_1227_/Q                               60.58   63.97   -3.40 (VIOLATED)

_1259_/Q                               60.58   63.97   -3.40 (VIOLATED)

_1269_/Q                               60.58   63.97   -3.40 (VIOLATED)

_1290_/Q                               60.58   63.97   -3.40 (VIOLATED)

_1300_/Q                               60.58   63.97   -3.40 (VIOLATED)

_1332_/Q                               60.58   63.97   -3.40 (VIOLATED)

_1229_/Q                               60.58   62.93   -2.35 (VIOLATED)

_1261_/Q                               60.58   62.93   -2.35 (VIOLATED)

_1271_/Q                               60.58   62.93   -2.35 (VIOLATED)

_1292_/Q                               60.58   62.93   -2.35 (VIOLATED)

_1302_/Q                               60.58   62.93   -2.35 (VIOLATED)

_1334_/Q                               60.58   62.93   -2.35 (VIOLATED)

