max capacitance

Pin                                    Limit     Cap   Slack
------------------------------------------------------------
_8670_/Q                               60.58  390.93 -330.36 (VIOLATED)

_8653_/Q                               60.58  249.05 -188.47 (VIOLATED)

_8654_/Q                               60.58  248.50 -187.92 (VIOLATED)

_8651_/Q                               60.58  229.91 -169.34 (VIOLATED)

_8339_/Q                               60.73  147.88  -87.15 (VIOLATED)

_8660_/Q                               60.58  137.11  -76.53 (VIOLATED)

_8661_/Q                               60.58  130.79  -70.21 (VIOLATED)

_8663_/Q                               60.58  103.32  -42.75 (VIOLATED)

_8665_/Q                               60.58  101.65  -41.07 (VIOLATED)

_8668_/Q                               60.58   99.85  -39.27 (VIOLATED)

_8667_/Q                               60.58   99.29  -38.72 (VIOLATED)

_8666_/Q                               60.58   96.81  -36.24 (VIOLATED)

_8669_/Q                               60.58   94.92  -34.34 (VIOLATED)

_8664_/Q                               60.58   92.84  -32.26 (VIOLATED)

_8341_/Q                               60.73   92.79  -32.06 (VIOLATED)

_8340_/Q                               60.73   92.39  -31.66 (VIOLATED)

_6341_/ZN                              26.65   53.92  -27.27 (VIOLATED)

_8658_/Q                               60.58   79.88  -19.30 (VIOLATED)

_5866_/ZN                              60.69   74.09  -13.40 (VIOLATED)

_6333_/ZN                              15.98   21.49   -5.51 (VIOLATED)

_8670_/QN                              59.97   63.46   -3.49 (VIOLATED)

_6517_/ZN                              55.97   58.14   -2.17 (VIOLATED)

