max capacitance

Pin                                    Limit     Cap   Slack
------------------------------------------------------------
_8670_/Q                               60.58  390.93 -330.36 (VIOLATED)

_8660_/Q                               60.58  296.24 -235.67 (VIOLATED)

_8661_/Q                               60.58  288.06 -227.48 (VIOLATED)

_8655_/Q                               60.58  280.00 -219.42 (VIOLATED)

_8657_/Q                               60.58  274.21 -213.63 (VIOLATED)

_8656_/Q                               60.58  269.93 -209.35 (VIOLATED)

_8654_/Q                               60.58  268.91 -208.33 (VIOLATED)

_8653_/Q                               60.58  261.57 -200.99 (VIOLATED)

_8652_/Q                               60.58  257.38 -196.80 (VIOLATED)

_8651_/Q                               60.58  253.19 -192.61 (VIOLATED)

_8659_/Q                               60.58  250.21 -189.63 (VIOLATED)

_8339_/Q                               60.73  147.88  -87.15 (VIOLATED)

_8658_/Q                               60.58  129.35  -68.77 (VIOLATED)

_5866_/ZN                              60.69  124.22  -63.53 (VIOLATED)

_8669_/Q                               60.58  100.81  -40.23 (VIOLATED)

_8341_/Q                               60.73   92.79  -32.06 (VIOLATED)

_8340_/Q                               60.73   92.39  -31.66 (VIOLATED)

_6341_/ZN                              26.65   53.92  -27.27 (VIOLATED)

_8648_/Q                               60.58   81.36  -20.79 (VIOLATED)

_8646_/Q                               60.58   77.43  -16.85 (VIOLATED)

_8642_/Q                               60.58   76.38  -15.80 (VIOLATED)

_8638_/Q                               60.58   75.33  -14.75 (VIOLATED)

_8670_/QN                              59.97   73.31  -13.34 (VIOLATED)

_8650_/Q                               60.58   72.93  -12.35 (VIOLATED)

_8649_/Q                               60.58   72.57  -11.99 (VIOLATED)

_8639_/Q                               60.58   72.19  -11.61 (VIOLATED)

_8640_/Q                               60.58   69.04   -8.47 (VIOLATED)

_8641_/Q                               60.58   68.00   -7.42 (VIOLATED)

_8643_/Q                               60.58   66.95   -6.37 (VIOLATED)

_6333_/ZN                              15.98   21.49   -5.51 (VIOLATED)

_8644_/Q                               60.58   65.90   -5.32 (VIOLATED)

_8645_/Q                               60.58   64.85   -4.27 (VIOLATED)

_8647_/Q                               60.58   63.80   -3.23 (VIOLATED)

_6517_/ZN                              55.97   58.14   -2.17 (VIOLATED)

