Startpoint: _8670_ (rising edge-triggered flip-flop clocked by clk)
Endpoint: _8555_ (rising edge-triggered flip-flop clocked by clk)
Path Group: clk
Path Type: max

Fanout     Cap    Slew   Delay    Time   Description
-----------------------------------------------------------------------------
                  0.00    0.00    0.00   clock clk (rise edge)
                          0.00    0.00   clock network delay (ideal)
                  0.00    0.00    0.00 ^ _8670_/CK (DFFR_X1)
   211  390.93    3.17    3.87    3.87 ^ _8670_/Q (DFFR_X1)
                  3.17    0.00    3.87 ^ _5865_/A (INV_X1)
     2    2.92    0.48    0.01    3.88 v _5865_/ZN (INV_X1)
                  0.48    0.00    3.88 v _6113_/A (AOI21_X1)
     7    9.12    0.24    0.55    4.44 ^ _6113_/ZN (AOI21_X1)
                  0.24    0.00    4.44 ^ _6204_/A3 (AND3_X1)
     3    4.07    0.05    0.23    4.67 ^ _6204_/ZN (AND3_X1)
                  0.05    0.00    4.67 ^ _6205_/A2 (AND2_X1)
     3    4.12    0.05    0.14    4.81 ^ _6205_/ZN (AND2_X1)
                  0.05    0.00    4.81 ^ _6206_/A2 (AND2_X1)
     3    4.12    0.05    0.13    4.94 ^ _6206_/ZN (AND2_X1)
                  0.05    0.00    4.94 ^ _6207_/A2 (AND2_X1)
     3    4.12    0.05    0.13    5.07 ^ _6207_/ZN (AND2_X1)
                  0.05    0.00    5.07 ^ _6208_/A2 (AND2_X1)
     3    4.12    0.05    0.13    5.20 ^ _6208_/ZN (AND2_X1)
                  0.05    0.00    5.20 ^ _6209_/A2 (AND2_X1)
     3    4.12    0.05    0.13    5.34 ^ _6209_/ZN (AND2_X1)
                  0.05    0.00    5.34 ^ _6210_/A2 (AND2_X1)
     3    4.12    0.05    0.13    5.47 ^ _6210_/ZN (AND2_X1)
                  0.05    0.00    5.47 ^ _6211_/A2 (AND2_X1)
     2    4.18    0.05    0.13    5.60 ^ _6211_/ZN (AND2_X1)
                  0.05    0.00    5.60 ^ _6212_/B (XNOR2_X1)
     1    1.59    0.07    0.13    5.73 ^ _6212_/ZN (XNOR2_X1)
                  0.07    0.00    5.73 ^ _6213_/A2 (NOR2_X1)
     1    1.02    0.06    0.04    5.77 v _6213_/ZN (NOR2_X1)
                  0.06    0.00    5.77 v _8555_/D (DFFR_X1)
                                  5.77   data arrival time

                  0.00    3.00    3.00   clock clk (rise edge)
                          0.00    3.00   clock network delay (ideal)
                         -0.15    2.85   clock uncertainty
                          0.00    2.85   clock reconvergence pessimism
                                  2.85 ^ _8555_/CK (DFFR_X1)
                         -0.18    2.67   library setup time
                                  2.67   data required time
-----------------------------------------------------------------------------
                                  2.67   data required time
                                 -5.77   data arrival time
-----------------------------------------------------------------------------
                                 -3.10   slack (VIOLATED)


