max slew

Pin                                    Limit    Slew   Slack
------------------------------------------------------------
_8670_/Q                                0.50    3.17   -2.67 (VIOLATED)
_8653_/Q                                0.50    2.02   -1.52 (VIOLATED)
_8654_/Q                                0.50    2.02   -1.52 (VIOLATED)
_8651_/Q                                0.50    1.87   -1.37 (VIOLATED)
_8339_/Q                                0.50    1.20   -0.70 (VIOLATED)
_8660_/Q                                0.50    1.12   -0.62 (VIOLATED)
_8661_/Q                                0.50    1.07   -0.57 (VIOLATED)
_6341_/ZN                               0.50    0.98   -0.48 (VIOLATED)
_8663_/Q                                0.50    0.85   -0.35 (VIOLATED)
_8665_/Q                                0.50    0.83   -0.33 (VIOLATED)
_8668_/Q                                0.50    0.82   -0.32 (VIOLATED)
_8667_/Q                                0.50    0.81   -0.31 (VIOLATED)
_8666_/Q                                0.50    0.79   -0.29 (VIOLATED)
_8669_/Q                                0.50    0.78   -0.28 (VIOLATED)
_8664_/Q                                0.50    0.76   -0.26 (VIOLATED)
_8341_/Q                                0.50    0.76   -0.26 (VIOLATED)
_8340_/Q                                0.50    0.76   -0.26 (VIOLATED)
_8658_/Q                                0.50    0.66   -0.16 (VIOLATED)
_6333_/ZN                               0.50    0.65   -0.15 (VIOLATED)
_5866_/ZN                               0.50    0.61   -0.11 (VIOLATED)
_6033_/ZN                               0.50    0.61   -0.11 (VIOLATED)
_6037_/ZN                               0.50    0.61   -0.11 (VIOLATED)
_6039_/ZN                               0.50    0.61   -0.11 (VIOLATED)
_6041_/ZN                               0.50    0.61   -0.11 (VIOLATED)
_6043_/ZN                               0.50    0.61   -0.11 (VIOLATED)
_6046_/ZN                               0.50    0.60   -0.10 (VIOLATED)
_8670_/QN                               0.50    0.53   -0.03 (VIOLATED)
_6517_/ZN                               0.50    0.51   -0.01 (VIOLATED)
_6030_/ZN                               0.50    0.50   -0.00 (VIOLATED)

