max slew

Pin                                    Limit    Slew   Slack
------------------------------------------------------------
_8670_/Q                                0.50    3.17   -2.67 (VIOLATED)
_8660_/Q                                0.50    2.40   -1.90 (VIOLATED)
_8661_/Q                                0.50    2.34   -1.84 (VIOLATED)
_8655_/Q                                0.50    2.27   -1.77 (VIOLATED)
_8657_/Q                                0.50    2.23   -1.73 (VIOLATED)
_8656_/Q                                0.50    2.19   -1.69 (VIOLATED)
_8654_/Q                                0.50    2.18   -1.68 (VIOLATED)
_8653_/Q                                0.50    2.12   -1.62 (VIOLATED)
_8652_/Q                                0.50    2.09   -1.59 (VIOLATED)
_8651_/Q                                0.50    2.06   -1.56 (VIOLATED)
_8659_/Q                                0.50    2.03   -1.53 (VIOLATED)
_8339_/Q                                0.50    1.20   -0.70 (VIOLATED)
_8658_/Q                                0.50    1.06   -0.56 (VIOLATED)
_5866_/ZN                               0.50    1.01   -0.51 (VIOLATED)
_6341_/ZN                               0.50    0.98   -0.48 (VIOLATED)
_8669_/Q                                0.50    0.82   -0.32 (VIOLATED)
_8341_/Q                                0.50    0.76   -0.26 (VIOLATED)
_8340_/Q                                0.50    0.76   -0.26 (VIOLATED)
_8648_/Q                                0.50    0.67   -0.17 (VIOLATED)
_6333_/ZN                               0.50    0.65   -0.15 (VIOLATED)
_8646_/Q                                0.50    0.64   -0.14 (VIOLATED)
_8642_/Q                                0.50    0.63   -0.13 (VIOLATED)
_8638_/Q                                0.50    0.62   -0.12 (VIOLATED)
_6033_/ZN                               0.50    0.61   -0.11 (VIOLATED)
_6037_/ZN                               0.50    0.61   -0.11 (VIOLATED)
_6039_/ZN                               0.50    0.61   -0.11 (VIOLATED)
_6041_/ZN                               0.50    0.61   -0.11 (VIOLATED)
_6043_/ZN                               0.50    0.61   -0.11 (VIOLATED)
_8670_/QN                               0.50    0.61   -0.11 (VIOLATED)
_8650_/Q                                0.50    0.60   -0.10 (VIOLATED)
_8649_/Q                                0.50    0.60   -0.10 (VIOLATED)
_6046_/ZN                               0.50    0.60   -0.10 (VIOLATED)
_8639_/Q                                0.50    0.59   -0.09 (VIOLATED)
_8640_/Q                                0.50    0.57   -0.07 (VIOLATED)
_8641_/Q                                0.50    0.56   -0.06 (VIOLATED)
_8643_/Q                                0.50    0.55   -0.05 (VIOLATED)
_8644_/Q                                0.50    0.54   -0.04 (VIOLATED)
_8645_/Q                                0.50    0.53   -0.03 (VIOLATED)
_8647_/Q                                0.50    0.53   -0.03 (VIOLATED)
_6517_/ZN                               0.50    0.51   -0.01 (VIOLATED)
_6030_/ZN                               0.50    0.50   -0.00 (VIOLATED)

