max capacitance

Pin                                    Limit     Cap   Slack
------------------------------------------------------------
_1321_/Q                               60.58  438.07 -377.49 (VIOLATED)

_1322_/Q                               60.58  430.88 -370.30 (VIOLATED)

_1320_/Q                               60.58  370.92 -310.34 (VIOLATED)

_1275_/Q                               60.58  209.39 -148.81 (VIOLATED)

_1277_/Q                               60.58  208.60 -148.03 (VIOLATED)

_1276_/Q                               60.58  203.10 -142.52 (VIOLATED)

_1274_/Q                               60.58  199.96 -139.38 (VIOLATED)

_1272_/Q                               60.58  197.01 -136.43 (VIOLATED)

_1273_/Q                               60.58  196.87 -136.30 (VIOLATED)

_1271_/Q                               60.58  191.37 -130.80 (VIOLATED)

_1330_/Q                               60.58  149.80  -89.22 (VIOLATED)

_1370_/QN                              60.27  146.30  -86.03 (VIOLATED)

_0947_/ZN                              60.73  107.73  -47.00 (VIOLATED)

_1278_/Q                               60.58   97.82  -37.24 (VIOLATED)

_1224_/Q                               60.58   76.53  -15.95 (VIOLATED)

_1256_/Q                               60.58   76.53  -15.95 (VIOLATED)

_1266_/Q                               60.58   76.53  -15.95 (VIOLATED)

_1287_/Q                               60.58   76.53  -15.95 (VIOLATED)

_1297_/Q                               60.58   76.53  -15.95 (VIOLATED)

_1318_/Q                               60.58   76.53  -15.95 (VIOLATED)

_1220_/Q                               60.58   75.48  -14.90 (VIOLATED)

_1252_/Q                               60.58   75.48  -14.90 (VIOLATED)

_1262_/Q                               60.58   75.48  -14.90 (VIOLATED)

_1283_/Q                               60.58   75.48  -14.90 (VIOLATED)

_1293_/Q                               60.58   75.48  -14.90 (VIOLATED)

_1314_/Q                               60.58   75.48  -14.90 (VIOLATED)

_1216_/Q                               60.58   74.43  -13.86 (VIOLATED)

_1248_/Q                               60.58   74.43  -13.86 (VIOLATED)

_1258_/Q                               60.58   74.43  -13.86 (VIOLATED)

_1279_/Q                               60.58   74.43  -13.86 (VIOLATED)

_1289_/Q                               60.58   74.43  -13.86 (VIOLATED)

_1310_/Q                               60.58   74.43  -13.86 (VIOLATED)

_1217_/Q                               60.58   71.29  -10.71 (VIOLATED)

_1249_/Q                               60.58   71.29  -10.71 (VIOLATED)

_1259_/Q                               60.58   71.29  -10.71 (VIOLATED)

_1280_/Q                               60.58   71.29  -10.71 (VIOLATED)

_1290_/Q                               60.58   71.29  -10.71 (VIOLATED)

_1311_/Q                               60.58   71.29  -10.71 (VIOLATED)

_1218_/Q                               60.58   68.14   -7.57 (VIOLATED)

_1250_/Q                               60.58   68.14   -7.57 (VIOLATED)

_1260_/Q                               60.58   68.14   -7.57 (VIOLATED)

_1281_/Q                               60.58   68.14   -7.57 (VIOLATED)

_1291_/Q                               60.58   68.14   -7.57 (VIOLATED)

_1312_/Q                               60.58   68.14   -7.57 (VIOLATED)

_1219_/Q                               60.58   67.10   -6.52 (VIOLATED)

_1251_/Q                               60.58   67.10   -6.52 (VIOLATED)

_1261_/Q                               60.58   67.10   -6.52 (VIOLATED)

_1282_/Q                               60.58   67.10   -6.52 (VIOLATED)

_1292_/Q                               60.58   67.10   -6.52 (VIOLATED)

_1313_/Q                               60.58   67.10   -6.52 (VIOLATED)

_1221_/Q                               60.58   66.05   -5.47 (VIOLATED)

_1253_/Q                               60.58   66.05   -5.47 (VIOLATED)

_1263_/Q                               60.58   66.05   -5.47 (VIOLATED)

_1284_/Q                               60.58   66.05   -5.47 (VIOLATED)

_1294_/Q                               60.58   66.05   -5.47 (VIOLATED)

_1315_/Q                               60.58   66.05   -5.47 (VIOLATED)

_1222_/Q                               60.58   65.00   -4.42 (VIOLATED)

_1254_/Q                               60.58   65.00   -4.42 (VIOLATED)

_1264_/Q                               60.58   65.00   -4.42 (VIOLATED)

_1285_/Q                               60.58   65.00   -4.42 (VIOLATED)

_1295_/Q                               60.58   65.00   -4.42 (VIOLATED)

_1316_/Q                               60.58   65.00   -4.42 (VIOLATED)

_1223_/Q                               60.58   63.95   -3.37 (VIOLATED)

_1255_/Q                               60.58   63.95   -3.37 (VIOLATED)

_1265_/Q                               60.58   63.95   -3.37 (VIOLATED)

_1286_/Q                               60.58   63.95   -3.37 (VIOLATED)

_1296_/Q                               60.58   63.95   -3.37 (VIOLATED)

_1317_/Q                               60.58   63.95   -3.37 (VIOLATED)

_1225_/Q                               60.58   62.90   -2.33 (VIOLATED)

_1257_/Q                               60.58   62.90   -2.33 (VIOLATED)

_1267_/Q                               60.58   62.90   -2.33 (VIOLATED)

_1288_/Q                               60.58   62.90   -2.33 (VIOLATED)

_1298_/Q                               60.58   62.90   -2.33 (VIOLATED)

_1319_/Q                               60.58   62.90   -2.33 (VIOLATED)

