max capacitance

Pin                                    Limit     Cap   Slack
------------------------------------------------------------
_1311_/Q                               60.58  200.07 -139.49 (VIOLATED)

_1312_/Q                               60.58  195.66 -135.08 (VIOLATED)

_1263_/Q                               60.58  187.48 -126.91 (VIOLATED)

_1264_/Q                               60.58  184.64 -124.07 (VIOLATED)

_1261_/Q                               60.58  173.92 -113.34 (VIOLATED)

_1314_/Q                               60.58  158.74  -98.17 (VIOLATED)

_1316_/Q                               60.58  152.87  -92.30 (VIOLATED)

_1318_/Q                               60.58  149.52  -88.95 (VIOLATED)

_1319_/Q                               60.58  148.98  -88.40 (VIOLATED)

_1317_/Q                               60.58  145.48  -84.91 (VIOLATED)

_1320_/Q                               60.58  142.49  -81.91 (VIOLATED)

_1315_/Q                               60.58  139.70  -79.12 (VIOLATED)

_1360_/QN                              60.27  101.32  -41.05 (VIOLATED)

_0942_/ZN                              60.73   70.36   -9.63 (VIOLATED)

