Startpoint: _1253_ (rising edge-triggered flip-flop clocked by clk)
Endpoint: blue_channel (rising edge-triggered flip-flop clocked by clk)
Path Group: clk
Path Type: min

Fanout     Cap    Slew   Delay    Time   Description
-----------------------------------------------------------------------------
                  0.00    0.00    0.00   clock clk (rise edge)
                          0.00    0.00   clock network delay (ideal)
                  0.00    0.00    0.00 ^ _1253_/CK (DFFR_X1)
     2    3.25    0.01    0.08    0.08 v _1253_/Q (DFFR_X1)
                  0.01    0.00    0.08 v blue_channel/din0[5] (SRAM10x2048)
                                  0.08   data arrival time

                  0.00    0.00    0.00   clock clk (rise edge)
                          0.00    0.00   clock network delay (ideal)
                          0.05    0.05   clock uncertainty
                          0.00    0.05   clock reconvergence pessimism
                                  0.05 ^ blue_channel/clk0 (SRAM10x2048)
                          0.09    0.14   library hold time
                                  0.14   data required time
-----------------------------------------------------------------------------
                                  0.14   data required time
                                 -0.08   data arrival time
-----------------------------------------------------------------------------
                                 -0.06   slack (VIOLATED)


