Startpoint: blue_channel (falling edge-triggered flip-flop clocked by clk)
Endpoint: blue_gamma (rising edge-triggered flip-flop clocked by clk)
Path Group: clk
Path Type: max

Fanout     Cap    Slew   Delay    Time   Description
-----------------------------------------------------------------------------
                  0.00    1.50    1.50   clock clk (fall edge)
                          0.00    1.50   clock network delay (ideal)
                  0.00    0.00    1.50 v blue_channel/clk1 (SRAM10x2048)
     1   61.64    0.14    0.52    2.02 ^ blue_channel/dout1[5] (SRAM10x2048)
                  0.14    0.00    2.02 ^ blue_gamma/addr1[5] (SRAM10x2048)
                                  2.02   data arrival time

                  0.00    3.00    3.00   clock clk (rise edge)
                          0.00    3.00   clock network delay (ideal)
                         -0.15    2.85   clock uncertainty
                          0.00    2.85   clock reconvergence pessimism
                                  2.85 ^ blue_gamma/clk1 (SRAM10x2048)
                         -0.04    2.81   macro clock tree delay
                          0.01    2.82   library setup time
                                  2.82   data required time
-----------------------------------------------------------------------------
                                  2.82   data required time
                                 -2.02   data arrival time
-----------------------------------------------------------------------------
                                  0.80   slack (MET)


