max slew

Pin                                    Limit    Slew   Slack
------------------------------------------------------------
_1311_/Q                                0.20    0.46   -0.26 (VIOLATED)
_1312_/Q                                0.20    0.45   -0.25 (VIOLATED)
_1263_/Q                                0.20    0.43   -0.23 (VIOLATED)
_1264_/Q                                0.20    0.42   -0.23 (VIOLATED)
_1261_/Q                                0.20    0.40   -0.20 (VIOLATED)
_1314_/Q                                0.20    0.37   -0.17 (VIOLATED)
_1316_/Q                                0.20    0.35   -0.15 (VIOLATED)
_1318_/Q                                0.20    0.34   -0.15 (VIOLATED)
_1319_/Q                                0.20    0.34   -0.14 (VIOLATED)
_1317_/Q                                0.20    0.33   -0.14 (VIOLATED)
_1320_/Q                                0.20    0.33   -0.13 (VIOLATED)
_1315_/Q                                0.20    0.32   -0.12 (VIOLATED)
_1360_/QN                               0.20    0.23   -0.04 (VIOLATED)

