Startpoint: gam_blue_in[2] (input port clocked by clk)
Endpoint: gam (rising edge-triggered flip-flop clocked by clk)
Path Group: clk
Path Type: max

Fanout     Cap    Slew   Delay    Time   Description
-----------------------------------------------------------------------------
                  0.00    0.00    0.00   clock clk (rise edge)
                          0.00    0.00   clock network delay (ideal)
                          0.80    0.80 v input external delay
     1    3.79    0.00    0.00    0.80 v gam_blue_in[2] (in)
                  0.00    0.00    0.80 v gam/gam_blue_in[2] (GAM)
                                  0.80   data arrival time

                  0.00    2.50    2.50   clock clk (rise edge)
                          0.00    2.50   clock network delay (ideal)
                         -0.15    2.35   clock uncertainty
                          0.00    2.35   clock reconvergence pessimism
                                  2.35 ^ gam/clk (GAM)
                         -0.14    2.21   macro clock tree delay
                         -0.56    1.65   library setup time
                                  1.65   data required time
-----------------------------------------------------------------------------
                                  1.65   data required time
                                 -0.80   data arrival time
-----------------------------------------------------------------------------
                                  0.85   slack (MET)


