Startpoint: _18435_ (rising edge-triggered flip-flop clocked by clk)
Endpoint: _18425_ (rising edge-triggered flip-flop clocked by clk)
Path Group: clk
Path Type: min

    Cap    Slew   Delay    Time   Description
-----------------------------------------------------------------------
                   0.00    0.00   clock clk (rise edge)
                   0.22    0.22   clock network delay (propagated)
           0.01    0.00    0.22 ^ _18435_/CK (DFFR_X1)
  23.66    0.02    0.07    0.29 v _18435_/Q (DFFR_X1)
           0.02    0.01    0.29 v _17139_/B (MUX2_X1)
   1.43    0.01    0.03    0.32 v _17139_/Z (MUX2_X1)
           0.01    0.00    0.32 v _18425_/D (DFFR_X1)
                           0.32   data arrival time

                   0.00    0.00   clock clk (rise edge)
                   0.39    0.39   clock network delay (propagated)
                   0.05    0.44   clock uncertainty
                  -0.13    0.32   clock reconvergence pessimism
                           0.32 ^ _18425_/CK (DFFR_X1)
                   0.01    0.32   library hold time
                           0.32   data required time
-----------------------------------------------------------------------
                           0.32   data required time
                          -0.32   data arrival time
-----------------------------------------------------------------------
                           0.00   slack (MET)


Startpoint: sram1 (falling edge-triggered flip-flop clocked by clk)
Endpoint: _18298_ (rising edge-triggered flip-flop clocked by clk)
Path Group: clk
Path Type: max

    Cap    Slew   Delay    Time   Description
-----------------------------------------------------------------------
                   1.25    1.25   clock clk (fall edge)
                   0.37    1.62   clock network delay (propagated)
           0.09    0.00    1.62 v sram1/clk1 (SRAM10x2048)
  59.88    0.12    0.57    2.18 ^ sram1/dout1[1] (SRAM10x2048)
           0.13    0.05    2.23 ^ _17362_/B (MUX2_X1)
   1.51    0.01    0.06    2.29 ^ _17362_/Z (MUX2_X1)
           0.01    0.00    2.29 ^ _18298_/D (DFFR_X1)
                           2.29   data arrival time

                   2.50    2.50   clock clk (rise edge)
                   0.17    2.67   clock network delay (propagated)
                  -0.15    2.52   clock uncertainty
                   0.01    2.54   clock reconvergence pessimism
                           2.54 ^ _18298_/CK (DFFR_X1)
                  -0.03    2.50   library setup time
                           2.50   data required time
-----------------------------------------------------------------------
                           2.50   data required time
                          -2.29   data arrival time
-----------------------------------------------------------------------
                           0.21   slack (MET)


worst slack min 0.00
worst slack max 0.21
