Startpoint: addr0[0] (input port clocked by clk1)
Endpoint: sram (rising edge-triggered flip-flop clocked by clk0)
Path Group: clk0
Path Type: min

    Cap    Slew   Delay    Time   Description
-----------------------------------------------------------------------
                   0.00    0.00   clock clk1 (rise edge)
                   0.00    0.00   clock network delay (propagated)
                   0.15    0.15 ^ input external delay
   0.21    0.00    0.00    0.15 ^ addr0[0] (in)
           0.00    0.00    0.15 ^ sram/addr0[0] (sram_10x1024)
                           0.15   data arrival time

                   0.00    0.00   clock clk0 (rise edge)
                   0.00    0.00   clock network delay (propagated)
                   0.05    0.05   clock uncertainty
                   0.00    0.05   clock reconvergence pessimism
                           0.05 ^ sram/clk0 (sram_10x1024)
                   0.00    0.05   library hold time
                           0.05   data required time
-----------------------------------------------------------------------
                           0.05   data required time
                          -0.15   data arrival time
-----------------------------------------------------------------------
                           0.10   slack (MET)


Startpoint: addr1[0] (input port clocked by clk1)
Endpoint: sram (falling edge-triggered flip-flop clocked by clk1)
Path Group: clk1
Path Type: min

    Cap    Slew   Delay    Time   Description
-----------------------------------------------------------------------
                   0.00    0.00   clock clk1 (rise edge)
                   0.00    0.00   clock network delay (propagated)
                   0.15    0.15 ^ input external delay
   0.21    0.00    0.00    0.15 ^ addr1[0] (in)
           0.00    0.00    0.15 ^ sram/addr1[0] (sram_10x1024)
                           0.15   data arrival time

                   0.00    0.00   clock clk1 (rise edge)
                   0.00    0.00   clock network delay (propagated)
                   0.05    0.05   clock uncertainty
                   0.00    0.05   clock reconvergence pessimism
                           0.05 ^ sram/clk1 (sram_10x1024)
                   0.00    0.05   library hold time
                           0.05   data required time
-----------------------------------------------------------------------
                           0.05   data required time
                          -0.15   data arrival time
-----------------------------------------------------------------------
                           0.10   slack (MET)


Startpoint: addr0[0] (input port clocked by clk1)
Endpoint: sram (rising edge-triggered flip-flop clocked by clk0)
Path Group: clk0
Path Type: max

    Cap    Slew   Delay    Time   Description
-----------------------------------------------------------------------
                   0.00    0.00   clock clk1 (rise edge)
                   0.00    0.00   clock network delay (propagated)
                   0.80    0.80 ^ input external delay
   0.21    0.00    0.00    0.80 ^ addr0[0] (in)
           0.00    0.00    0.80 ^ sram/addr0[0] (sram_10x1024)
                           0.80   data arrival time

                   3.00    3.00   clock clk0 (rise edge)
                   0.00    3.00   clock network delay (propagated)
                  -0.15    2.85   clock uncertainty
                   0.00    2.85   clock reconvergence pessimism
                           2.85 ^ sram/clk0 (sram_10x1024)
                  -0.01    2.84   library setup time
                           2.84   data required time
-----------------------------------------------------------------------
                           2.84   data required time
                          -0.80   data arrival time
-----------------------------------------------------------------------
                           2.04   slack (MET)


Startpoint: sram (falling edge-triggered flip-flop clocked by clk1)
Endpoint: dout1[0] (output port clocked by clk1)
Path Group: clk1
Path Type: max

    Cap    Slew   Delay    Time   Description
-----------------------------------------------------------------------
                   1.50    1.50   clock clk1 (fall edge)
                   0.00    1.50   clock network delay (propagated)
           0.00    0.00    1.50 v sram/clk1 (sram_10x1024)
   0.00    0.00    0.30    1.80 ^ sram/dout1[0] (sram_10x1024)
           0.00    0.00    1.80 ^ dout1[0] (out)
                           1.80   data arrival time

                   3.00    3.00   clock clk1 (rise edge)
                   0.00    3.00   clock network delay (propagated)
                  -0.15    2.85   clock uncertainty
                   0.00    2.85   clock reconvergence pessimism
                  -0.80    2.05   output external delay
                           2.05   data required time
-----------------------------------------------------------------------
                           2.05   data required time
                          -1.80   data arrival time
-----------------------------------------------------------------------
                           0.25   slack (MET)


worst slack min 0.10
worst slack max 0.25
