Startpoint: _8126_ (rising edge-triggered flip-flop clocked by clk)
Endpoint: _8113_ (rising edge-triggered flip-flop clocked by clk)
Path Group: clk
Path Type: min

Fanout     Cap    Slew   Delay    Time   Description
-----------------------------------------------------------------------------
                  0.00    0.00    0.00   clock clk (rise edge)
                          0.00    0.00   clock network delay (ideal)
                  0.00    0.00    0.00 ^ _8126_/CK (DFFR_X1)
     1    1.05    0.01    0.08    0.08 v _8126_/Q (DFFR_X1)
                  0.01    0.00    0.08 v _8113_/D (DFFR_X1)
                                  0.08   data arrival time

                  0.00    0.00    0.00   clock clk (rise edge)
                          0.00    0.00   clock network delay (ideal)
                          0.05    0.05   clock uncertainty
                          0.00    0.05   clock reconvergence pessimism
                                  0.05 ^ _8113_/CK (DFFR_X1)
                          0.00    0.05   library hold time
                                  0.05   data required time
-----------------------------------------------------------------------------
                                  0.05   data required time
                                 -0.08   data arrival time
-----------------------------------------------------------------------------
                                  0.02   slack (MET)


