Startpoint: _8182_ (rising edge-triggered flip-flop clocked by clk)
Endpoint: _8018_ (rising edge-triggered flip-flop clocked by clk)
Path Group: clk
Path Type: max

Fanout     Cap    Slew   Delay    Time   Description
-----------------------------------------------------------------------------
                  0.00    0.00    0.00   clock clk (rise edge)
                          0.00    0.00   clock network delay (ideal)
                  0.00    0.00    0.00 ^ _8182_/CK (DFFR_X1)
    43   59.09    0.14    0.25    0.25 ^ _8182_/Q (DFFR_X1)
                  0.14    0.00    0.25 ^ _7122_/B2 (AOI22_X1)
     3    3.91    0.04    0.05    0.30 v _7122_/ZN (AOI22_X1)
                  0.04    0.00    0.30 v _7123_/A3 (OR3_X1)
     3    3.86    0.02    0.10    0.41 v _7123_/ZN (OR3_X1)
                  0.02    0.00    0.41 v _7125_/A2 (AND3_X1)
     2    2.31    0.01    0.04    0.45 v _7125_/ZN (AND3_X1)
                  0.01    0.00    0.45 v _7128_/A2 (OR3_X1)
     3    3.86    0.02    0.09    0.54 v _7128_/ZN (OR3_X1)
                  0.02    0.00    0.54 v _7130_/A2 (AND3_X1)
     2    2.31    0.01    0.04    0.58 v _7130_/ZN (AND3_X1)
                  0.01    0.00    0.58 v _7133_/A2 (OR3_X1)
     2    2.33    0.01    0.08    0.66 v _7133_/ZN (OR3_X1)
                  0.01    0.00    0.66 v _7135_/A2 (AND3_X1)
     4    5.20    0.01    0.05    0.71 v _7135_/ZN (AND3_X1)
                  0.01    0.00    0.71 v _7138_/A2 (OR3_X1)
     2    2.33    0.01    0.08    0.79 v _7138_/ZN (OR3_X1)
                  0.01    0.00    0.79 v _7140_/A2 (AND3_X1)
     2    2.95    0.01    0.04    0.83 v _7140_/ZN (AND3_X1)
                  0.01    0.00    0.83 v _7142_/A1 (NOR2_X1)
     2    4.22    0.03    0.04    0.87 ^ _7142_/ZN (NOR2_X1)
                  0.03    0.00    0.87 ^ _7143_/B (XNOR2_X1)
     2    3.26    0.03    0.05    0.92 ^ _7143_/ZN (XNOR2_X1)
                  0.03    0.00    0.92 ^ _7268_/A2 (OAI22_X1)
     1    1.58    0.01    0.03    0.95 v _7268_/ZN (OAI22_X1)
                  0.01    0.00    0.95 v _7324_/C2 (OAI221_X1)
     1    1.68    0.04    0.04    0.99 ^ _7324_/ZN (OAI221_X1)
                  0.04    0.00    0.99 ^ _7423_/B2 (AOI21_X1)
     1    1.56    0.01    0.02    1.01 v _7423_/ZN (AOI21_X1)
                  0.01    0.00    1.01 v _7530_/B2 (OAI21_X1)
     1    1.66    0.02    0.03    1.04 ^ _7530_/ZN (OAI21_X1)
                  0.02    0.00    1.04 ^ _7631_/C1 (AOI211_X1)
     1    1.44    0.01    0.02    1.06 v _7631_/ZN (AOI211_X1)
                  0.01    0.00    1.06 v _7737_/C1 (OAI211_X1)
     2    3.28    0.03    0.04    1.10 ^ _7737_/ZN (OAI211_X1)
                  0.03    0.00    1.10 ^ _7743_/B2 (AOI21_X1)
     2    3.11    0.01    0.02    1.13 v _7743_/ZN (AOI21_X1)
                  0.01    0.00    1.13 v _7745_/B3 (OAI33_X1)
     3    4.13    0.08    0.11    1.24 ^ _7745_/ZN (OAI33_X1)
                  0.08    0.00    1.24 ^ _7748_/C2 (OAI211_X1)
     2    2.39    0.03    0.04    1.28 v _7748_/ZN (OAI211_X1)
                  0.03    0.00    1.28 v _7750_/A3 (AND3_X1)
     2    3.02    0.01    0.05    1.33 v _7750_/ZN (AND3_X1)
                  0.01    0.00    1.33 v _7753_/B1 (OAI21_X1)
     2    3.33    0.03    0.04    1.37 ^ _7753_/ZN (OAI21_X1)
                  0.03    0.00    1.37 ^ _7754_/B2 (AOI21_X1)
     3    4.67    0.01    0.03    1.40 v _7754_/ZN (AOI21_X1)
                  0.01    0.00    1.40 v _7755_/B2 (OAI21_X1)
     3    4.24    0.03    0.05    1.45 ^ _7755_/ZN (OAI21_X1)
                  0.03    0.00    1.45 ^ _7757_/B1 (AOI21_X1)
     2    2.46    0.01    0.02    1.47 v _7757_/ZN (AOI21_X1)
                  0.01    0.00    1.47 v _7758_/A2 (NOR2_X1)
     3    4.10    0.03    0.05    1.51 ^ _7758_/ZN (NOR2_X1)
                  0.03    0.00    1.51 ^ _7766_/C2 (OAI211_X1)
     1    0.87    0.01    0.03    1.54 v _7766_/ZN (OAI211_X1)
                  0.01    0.00    1.54 v _7768_/A1 (AND2_X1)
     1    1.06    0.01    0.03    1.57 v _7768_/ZN (AND2_X1)
                  0.01    0.00    1.57 v _8018_/D (DFF_X1)
                                  1.57   data arrival time

                  0.00    2.50    2.50   clock clk (rise edge)
                          0.00    2.50   clock network delay (ideal)
                         -0.15    2.35   clock uncertainty
                          0.00    2.35   clock reconvergence pessimism
                                  2.35 ^ _8018_/CK (DFF_X1)
                         -0.04    2.31   library setup time
                                  2.31   data required time
-----------------------------------------------------------------------------
                                  2.31   data required time
                                 -1.57   data arrival time
-----------------------------------------------------------------------------
                                  0.74   slack (MET)


